Archive member included to satisfy reference by file (symbol)

c:/st/stm32cubeide_1.12.0/stm32cubeide/plugins/com.st.stm32cube.ide.mcu.externaltools.gnu-tools-for-stm32.10.3-2021.10.win32_1.0.200.202301161003/tools/bin/../lib/gcc/arm-none-eabi/10.3.1/../../../../arm-none-eabi/lib/thumb/v7e-m/nofp\libc_nano.a(lib_a-errno.o)
                              ./Src/syscalls.o (__errno)
c:/st/stm32cubeide_1.12.0/stm32cubeide/plugins/com.st.stm32cube.ide.mcu.externaltools.gnu-tools-for-stm32.10.3-2021.10.win32_1.0.200.202301161003/tools/bin/../lib/gcc/arm-none-eabi/10.3.1/../../../../arm-none-eabi/lib/thumb/v7e-m/nofp\libc_nano.a(lib_a-exit.o)
                              c:/st/stm32cubeide_1.12.0/stm32cubeide/plugins/com.st.stm32cube.ide.mcu.externaltools.gnu-tools-for-stm32.10.3-2021.10.win32_1.0.200.202301161003/tools/bin/../lib/gcc/arm-none-eabi/10.3.1/../../../../arm-none-eabi/lib/thumb/v7e-m/nofp/crt0.o (exit)
c:/st/stm32cubeide_1.12.0/stm32cubeide/plugins/com.st.stm32cube.ide.mcu.externaltools.gnu-tools-for-stm32.10.3-2021.10.win32_1.0.200.202301161003/tools/bin/../lib/gcc/arm-none-eabi/10.3.1/../../../../arm-none-eabi/lib/thumb/v7e-m/nofp\libc_nano.a(lib_a-impure.o)
                              c:/st/stm32cubeide_1.12.0/stm32cubeide/plugins/com.st.stm32cube.ide.mcu.externaltools.gnu-tools-for-stm32.10.3-2021.10.win32_1.0.200.202301161003/tools/bin/../lib/gcc/arm-none-eabi/10.3.1/../../../../arm-none-eabi/lib/thumb/v7e-m/nofp\libc_nano.a(lib_a-exit.o) (_global_impure_ptr)
c:/st/stm32cubeide_1.12.0/stm32cubeide/plugins/com.st.stm32cube.ide.mcu.externaltools.gnu-tools-for-stm32.10.3-2021.10.win32_1.0.200.202301161003/tools/bin/../lib/gcc/arm-none-eabi/10.3.1/../../../../arm-none-eabi/lib/thumb/v7e-m/nofp\libc_nano.a(lib_a-init.o)
                              c:/st/stm32cubeide_1.12.0/stm32cubeide/plugins/com.st.stm32cube.ide.mcu.externaltools.gnu-tools-for-stm32.10.3-2021.10.win32_1.0.200.202301161003/tools/bin/../lib/gcc/arm-none-eabi/10.3.1/../../../../arm-none-eabi/lib/thumb/v7e-m/nofp/crt0.o (__libc_init_array)
c:/st/stm32cubeide_1.12.0/stm32cubeide/plugins/com.st.stm32cube.ide.mcu.externaltools.gnu-tools-for-stm32.10.3-2021.10.win32_1.0.200.202301161003/tools/bin/../lib/gcc/arm-none-eabi/10.3.1/../../../../arm-none-eabi/lib/thumb/v7e-m/nofp\libc_nano.a(lib_a-memset.o)
                              c:/st/stm32cubeide_1.12.0/stm32cubeide/plugins/com.st.stm32cube.ide.mcu.externaltools.gnu-tools-for-stm32.10.3-2021.10.win32_1.0.200.202301161003/tools/bin/../lib/gcc/arm-none-eabi/10.3.1/../../../../arm-none-eabi/lib/thumb/v7e-m/nofp/crt0.o (memset)
c:/st/stm32cubeide_1.12.0/stm32cubeide/plugins/com.st.stm32cube.ide.mcu.externaltools.gnu-tools-for-stm32.10.3-2021.10.win32_1.0.200.202301161003/tools/bin/../lib/gcc/arm-none-eabi/10.3.1/../../../../arm-none-eabi/lib/thumb/v7e-m/nofp\libc_nano.a(lib_a-strlen.o)
                              ./Src/main.o (strlen)

Discarded input sections

 .text          0x0000000000000000        0x0 c:/st/stm32cubeide_1.12.0/stm32cubeide/plugins/com.st.stm32cube.ide.mcu.externaltools.gnu-tools-for-stm32.10.3-2021.10.win32_1.0.200.202301161003/tools/bin/../lib/gcc/arm-none-eabi/10.3.1/thumb/v7e-m/nofp/crti.o
 .data          0x0000000000000000        0x0 c:/st/stm32cubeide_1.12.0/stm32cubeide/plugins/com.st.stm32cube.ide.mcu.externaltools.gnu-tools-for-stm32.10.3-2021.10.win32_1.0.200.202301161003/tools/bin/../lib/gcc/arm-none-eabi/10.3.1/thumb/v7e-m/nofp/crti.o
 .bss           0x0000000000000000        0x0 c:/st/stm32cubeide_1.12.0/stm32cubeide/plugins/com.st.stm32cube.ide.mcu.externaltools.gnu-tools-for-stm32.10.3-2021.10.win32_1.0.200.202301161003/tools/bin/../lib/gcc/arm-none-eabi/10.3.1/thumb/v7e-m/nofp/crti.o
 .data          0x0000000000000000        0x4 c:/st/stm32cubeide_1.12.0/stm32cubeide/plugins/com.st.stm32cube.ide.mcu.externaltools.gnu-tools-for-stm32.10.3-2021.10.win32_1.0.200.202301161003/tools/bin/../lib/gcc/arm-none-eabi/10.3.1/thumb/v7e-m/nofp/crtbegin.o
 .rodata        0x0000000000000000       0x24 c:/st/stm32cubeide_1.12.0/stm32cubeide/plugins/com.st.stm32cube.ide.mcu.externaltools.gnu-tools-for-stm32.10.3-2021.10.win32_1.0.200.202301161003/tools/bin/../lib/gcc/arm-none-eabi/10.3.1/thumb/v7e-m/nofp/crtbegin.o
 .text          0x0000000000000000       0x7c c:/st/stm32cubeide_1.12.0/stm32cubeide/plugins/com.st.stm32cube.ide.mcu.externaltools.gnu-tools-for-stm32.10.3-2021.10.win32_1.0.200.202301161003/tools/bin/../lib/gcc/arm-none-eabi/10.3.1/../../../../arm-none-eabi/lib/thumb/v7e-m/nofp/crt0.o
 .data          0x0000000000000000        0x0 c:/st/stm32cubeide_1.12.0/stm32cubeide/plugins/com.st.stm32cube.ide.mcu.externaltools.gnu-tools-for-stm32.10.3-2021.10.win32_1.0.200.202301161003/tools/bin/../lib/gcc/arm-none-eabi/10.3.1/../../../../arm-none-eabi/lib/thumb/v7e-m/nofp/crt0.o
 .bss           0x0000000000000000        0x0 c:/st/stm32cubeide_1.12.0/stm32cubeide/plugins/com.st.stm32cube.ide.mcu.externaltools.gnu-tools-for-stm32.10.3-2021.10.win32_1.0.200.202301161003/tools/bin/../lib/gcc/arm-none-eabi/10.3.1/../../../../arm-none-eabi/lib/thumb/v7e-m/nofp/crt0.o
 .ARM.extab     0x0000000000000000        0x0 c:/st/stm32cubeide_1.12.0/stm32cubeide/plugins/com.st.stm32cube.ide.mcu.externaltools.gnu-tools-for-stm32.10.3-2021.10.win32_1.0.200.202301161003/tools/bin/../lib/gcc/arm-none-eabi/10.3.1/../../../../arm-none-eabi/lib/thumb/v7e-m/nofp/crt0.o
 .ARM.exidx     0x0000000000000000       0x10 c:/st/stm32cubeide_1.12.0/stm32cubeide/plugins/com.st.stm32cube.ide.mcu.externaltools.gnu-tools-for-stm32.10.3-2021.10.win32_1.0.200.202301161003/tools/bin/../lib/gcc/arm-none-eabi/10.3.1/../../../../arm-none-eabi/lib/thumb/v7e-m/nofp/crt0.o
 .ARM.attributes
                0x0000000000000000       0x1c c:/st/stm32cubeide_1.12.0/stm32cubeide/plugins/com.st.stm32cube.ide.mcu.externaltools.gnu-tools-for-stm32.10.3-2021.10.win32_1.0.200.202301161003/tools/bin/../lib/gcc/arm-none-eabi/10.3.1/../../../../arm-none-eabi/lib/thumb/v7e-m/nofp/crt0.o
 .group         0x0000000000000000        0xc ./MyDriversErdem/Src/EXTI.o
 .group         0x0000000000000000        0xc ./MyDriversErdem/Src/EXTI.o
 .group         0x0000000000000000        0xc ./MyDriversErdem/Src/EXTI.o
 .group         0x0000000000000000        0xc ./MyDriversErdem/Src/EXTI.o
 .group         0x0000000000000000        0xc ./MyDriversErdem/Src/EXTI.o
 .group         0x0000000000000000        0xc ./MyDriversErdem/Src/EXTI.o
 .group         0x0000000000000000        0xc ./MyDriversErdem/Src/EXTI.o
 .group         0x0000000000000000        0xc ./MyDriversErdem/Src/EXTI.o
 .group         0x0000000000000000        0xc ./MyDriversErdem/Src/EXTI.o
 .group         0x0000000000000000        0xc ./MyDriversErdem/Src/EXTI.o
 .group         0x0000000000000000        0xc ./MyDriversErdem/Src/EXTI.o
 .group         0x0000000000000000        0xc ./MyDriversErdem/Src/EXTI.o
 .group         0x0000000000000000        0xc ./MyDriversErdem/Src/EXTI.o
 .group         0x0000000000000000        0xc ./MyDriversErdem/Src/EXTI.o
 .group         0x0000000000000000        0xc ./MyDriversErdem/Src/EXTI.o
 .group         0x0000000000000000        0xc ./MyDriversErdem/Src/EXTI.o
 .group         0x0000000000000000        0xc ./MyDriversErdem/Src/EXTI.o
 .group         0x0000000000000000        0xc ./MyDriversErdem/Src/EXTI.o
 .group         0x0000000000000000        0xc ./MyDriversErdem/Src/EXTI.o
 .group         0x0000000000000000        0xc ./MyDriversErdem/Src/EXTI.o
 .group         0x0000000000000000        0xc ./MyDriversErdem/Src/EXTI.o
 .group         0x0000000000000000        0xc ./MyDriversErdem/Src/EXTI.o
 .group         0x0000000000000000        0xc ./MyDriversErdem/Src/EXTI.o
 .group         0x0000000000000000        0xc ./MyDriversErdem/Src/EXTI.o
 .group         0x0000000000000000        0xc ./MyDriversErdem/Src/EXTI.o
 .group         0x0000000000000000        0xc ./MyDriversErdem/Src/EXTI.o
 .group         0x0000000000000000        0xc ./MyDriversErdem/Src/EXTI.o
 .group         0x0000000000000000        0xc ./MyDriversErdem/Src/EXTI.o
 .group         0x0000000000000000        0xc ./MyDriversErdem/Src/EXTI.o
 .group         0x0000000000000000        0xc ./MyDriversErdem/Src/EXTI.o
 .text          0x0000000000000000        0x0 ./MyDriversErdem/Src/EXTI.o
 .data          0x0000000000000000        0x0 ./MyDriversErdem/Src/EXTI.o
 .bss           0x0000000000000000        0x0 ./MyDriversErdem/Src/EXTI.o
 .group         0x0000000000000000        0xc ./MyDriversErdem/Src/GPIO.o
 .group         0x0000000000000000        0xc ./MyDriversErdem/Src/GPIO.o
 .group         0x0000000000000000        0xc ./MyDriversErdem/Src/GPIO.o
 .group         0x0000000000000000        0xc ./MyDriversErdem/Src/GPIO.o
 .group         0x0000000000000000        0xc ./MyDriversErdem/Src/GPIO.o
 .group         0x0000000000000000        0xc ./MyDriversErdem/Src/GPIO.o
 .group         0x0000000000000000        0xc ./MyDriversErdem/Src/GPIO.o
 .group         0x0000000000000000        0xc ./MyDriversErdem/Src/GPIO.o
 .group         0x0000000000000000        0xc ./MyDriversErdem/Src/GPIO.o
 .group         0x0000000000000000        0xc ./MyDriversErdem/Src/GPIO.o
 .group         0x0000000000000000        0xc ./MyDriversErdem/Src/GPIO.o
 .group         0x0000000000000000        0xc ./MyDriversErdem/Src/GPIO.o
 .group         0x0000000000000000        0xc ./MyDriversErdem/Src/GPIO.o
 .group         0x0000000000000000        0xc ./MyDriversErdem/Src/GPIO.o
 .group         0x0000000000000000        0xc ./MyDriversErdem/Src/GPIO.o
 .group         0x0000000000000000        0xc ./MyDriversErdem/Src/GPIO.o
 .group         0x0000000000000000        0xc ./MyDriversErdem/Src/GPIO.o
 .group         0x0000000000000000        0xc ./MyDriversErdem/Src/GPIO.o
 .group         0x0000000000000000        0xc ./MyDriversErdem/Src/GPIO.o
 .group         0x0000000000000000        0xc ./MyDriversErdem/Src/GPIO.o
 .group         0x0000000000000000        0xc ./MyDriversErdem/Src/GPIO.o
 .group         0x0000000000000000        0xc ./MyDriversErdem/Src/GPIO.o
 .group         0x0000000000000000        0xc ./MyDriversErdem/Src/GPIO.o
 .group         0x0000000000000000        0xc ./MyDriversErdem/Src/GPIO.o
 .group         0x0000000000000000        0xc ./MyDriversErdem/Src/GPIO.o
 .group         0x0000000000000000        0xc ./MyDriversErdem/Src/GPIO.o
 .group         0x0000000000000000        0xc ./MyDriversErdem/Src/GPIO.o
 .group         0x0000000000000000        0xc ./MyDriversErdem/Src/GPIO.o
 .group         0x0000000000000000        0xc ./MyDriversErdem/Src/GPIO.o
 .group         0x0000000000000000        0xc ./MyDriversErdem/Src/GPIO.o
 .text          0x0000000000000000        0x0 ./MyDriversErdem/Src/GPIO.o
 .data          0x0000000000000000        0x0 ./MyDriversErdem/Src/GPIO.o
 .bss           0x0000000000000000        0x0 ./MyDriversErdem/Src/GPIO.o
 .text.GPIO_WritePin
                0x0000000000000000       0x32 ./MyDriversErdem/Src/GPIO.o
 .text.GPIO_ReadPin
                0x0000000000000000       0x2c ./MyDriversErdem/Src/GPIO.o
 .text.LockPin  0x0000000000000000       0x36 ./MyDriversErdem/Src/GPIO.o
 .text.GPIO_TogglePin
                0x0000000000000000       0x32 ./MyDriversErdem/Src/GPIO.o
 .debug_macro   0x0000000000000000      0xa78 ./MyDriversErdem/Src/GPIO.o
 .debug_macro   0x0000000000000000       0x22 ./MyDriversErdem/Src/GPIO.o
 .debug_macro   0x0000000000000000       0x8e ./MyDriversErdem/Src/GPIO.o
 .debug_macro   0x0000000000000000       0x51 ./MyDriversErdem/Src/GPIO.o
 .debug_macro   0x0000000000000000      0x103 ./MyDriversErdem/Src/GPIO.o
 .debug_macro   0x0000000000000000       0x6a ./MyDriversErdem/Src/GPIO.o
 .debug_macro   0x0000000000000000      0x1df ./MyDriversErdem/Src/GPIO.o
 .debug_macro   0x0000000000000000       0x52 ./MyDriversErdem/Src/GPIO.o
 .debug_macro   0x0000000000000000       0x18 ./MyDriversErdem/Src/GPIO.o
 .debug_macro   0x0000000000000000       0x3c ./MyDriversErdem/Src/GPIO.o
 .debug_macro   0x0000000000000000       0x34 ./MyDriversErdem/Src/GPIO.o
 .debug_macro   0x0000000000000000      0x174 ./MyDriversErdem/Src/GPIO.o
 .debug_macro   0x0000000000000000       0x16 ./MyDriversErdem/Src/GPIO.o
 .debug_macro   0x0000000000000000       0x43 ./MyDriversErdem/Src/GPIO.o
 .debug_macro   0x0000000000000000       0x34 ./MyDriversErdem/Src/GPIO.o
 .debug_macro   0x0000000000000000       0x10 ./MyDriversErdem/Src/GPIO.o
 .debug_macro   0x0000000000000000       0x58 ./MyDriversErdem/Src/GPIO.o
 .debug_macro   0x0000000000000000       0x71 ./MyDriversErdem/Src/GPIO.o
 .debug_macro   0x0000000000000000       0x1c ./MyDriversErdem/Src/GPIO.o
 .debug_macro   0x0000000000000000      0x12a ./MyDriversErdem/Src/GPIO.o
 .debug_macro   0x0000000000000000      0x341 ./MyDriversErdem/Src/GPIO.o
 .debug_macro   0x0000000000000000       0x10 ./MyDriversErdem/Src/GPIO.o
 .debug_macro   0x0000000000000000       0x35 ./MyDriversErdem/Src/GPIO.o
 .debug_macro   0x0000000000000000       0x20 ./MyDriversErdem/Src/GPIO.o
 .debug_macro   0x0000000000000000      0x25b ./MyDriversErdem/Src/GPIO.o
 .debug_macro   0x0000000000000000       0x5e ./MyDriversErdem/Src/GPIO.o
 .debug_macro   0x0000000000000000       0x9a ./MyDriversErdem/Src/GPIO.o
 .debug_macro   0x0000000000000000       0x76 ./MyDriversErdem/Src/GPIO.o
 .group         0x0000000000000000        0xc ./MyDriversErdem/Src/RCC.o
 .group         0x0000000000000000        0xc ./MyDriversErdem/Src/RCC.o
 .group         0x0000000000000000        0xc ./MyDriversErdem/Src/RCC.o
 .group         0x0000000000000000        0xc ./MyDriversErdem/Src/RCC.o
 .group         0x0000000000000000        0xc ./MyDriversErdem/Src/RCC.o
 .group         0x0000000000000000        0xc ./MyDriversErdem/Src/RCC.o
 .group         0x0000000000000000        0xc ./MyDriversErdem/Src/RCC.o
 .group         0x0000000000000000        0xc ./MyDriversErdem/Src/RCC.o
 .group         0x0000000000000000        0xc ./MyDriversErdem/Src/RCC.o
 .group         0x0000000000000000        0xc ./MyDriversErdem/Src/RCC.o
 .group         0x0000000000000000        0xc ./MyDriversErdem/Src/RCC.o
 .group         0x0000000000000000        0xc ./MyDriversErdem/Src/RCC.o
 .group         0x0000000000000000        0xc ./MyDriversErdem/Src/RCC.o
 .group         0x0000000000000000        0xc ./MyDriversErdem/Src/RCC.o
 .group         0x0000000000000000        0xc ./MyDriversErdem/Src/RCC.o
 .group         0x0000000000000000        0xc ./MyDriversErdem/Src/RCC.o
 .group         0x0000000000000000        0xc ./MyDriversErdem/Src/RCC.o
 .group         0x0000000000000000        0xc ./MyDriversErdem/Src/RCC.o
 .group         0x0000000000000000        0xc ./MyDriversErdem/Src/RCC.o
 .group         0x0000000000000000        0xc ./MyDriversErdem/Src/RCC.o
 .group         0x0000000000000000        0xc ./MyDriversErdem/Src/RCC.o
 .group         0x0000000000000000        0xc ./MyDriversErdem/Src/RCC.o
 .group         0x0000000000000000        0xc ./MyDriversErdem/Src/RCC.o
 .group         0x0000000000000000        0xc ./MyDriversErdem/Src/RCC.o
 .group         0x0000000000000000        0xc ./MyDriversErdem/Src/RCC.o
 .group         0x0000000000000000        0xc ./MyDriversErdem/Src/RCC.o
 .group         0x0000000000000000        0xc ./MyDriversErdem/Src/RCC.o
 .group         0x0000000000000000        0xc ./MyDriversErdem/Src/RCC.o
 .group         0x0000000000000000        0xc ./MyDriversErdem/Src/RCC.o
 .group         0x0000000000000000        0xc ./MyDriversErdem/Src/RCC.o
 .text          0x0000000000000000        0x0 ./MyDriversErdem/Src/RCC.o
 .data          0x0000000000000000        0x0 ./MyDriversErdem/Src/RCC.o
 .bss           0x0000000000000000        0x0 ./MyDriversErdem/Src/RCC.o
 .debug_info    0x0000000000000000       0x76 ./MyDriversErdem/Src/RCC.o
 .debug_abbrev  0x0000000000000000       0x29 ./MyDriversErdem/Src/RCC.o
 .debug_aranges
                0x0000000000000000       0x18 ./MyDriversErdem/Src/RCC.o
 .debug_macro   0x0000000000000000      0x195 ./MyDriversErdem/Src/RCC.o
 .debug_macro   0x0000000000000000      0xa78 ./MyDriversErdem/Src/RCC.o
 .debug_macro   0x0000000000000000       0x22 ./MyDriversErdem/Src/RCC.o
 .debug_macro   0x0000000000000000       0x8e ./MyDriversErdem/Src/RCC.o
 .debug_macro   0x0000000000000000       0x51 ./MyDriversErdem/Src/RCC.o
 .debug_macro   0x0000000000000000      0x103 ./MyDriversErdem/Src/RCC.o
 .debug_macro   0x0000000000000000       0x6a ./MyDriversErdem/Src/RCC.o
 .debug_macro   0x0000000000000000      0x1df ./MyDriversErdem/Src/RCC.o
 .debug_macro   0x0000000000000000       0x52 ./MyDriversErdem/Src/RCC.o
 .debug_macro   0x0000000000000000       0x18 ./MyDriversErdem/Src/RCC.o
 .debug_macro   0x0000000000000000       0x3c ./MyDriversErdem/Src/RCC.o
 .debug_macro   0x0000000000000000       0x34 ./MyDriversErdem/Src/RCC.o
 .debug_macro   0x0000000000000000      0x174 ./MyDriversErdem/Src/RCC.o
 .debug_macro   0x0000000000000000       0x16 ./MyDriversErdem/Src/RCC.o
 .debug_macro   0x0000000000000000       0x43 ./MyDriversErdem/Src/RCC.o
 .debug_macro   0x0000000000000000       0x34 ./MyDriversErdem/Src/RCC.o
 .debug_macro   0x0000000000000000       0x10 ./MyDriversErdem/Src/RCC.o
 .debug_macro   0x0000000000000000       0x58 ./MyDriversErdem/Src/RCC.o
 .debug_macro   0x0000000000000000       0x71 ./MyDriversErdem/Src/RCC.o
 .debug_macro   0x0000000000000000       0x1c ./MyDriversErdem/Src/RCC.o
 .debug_macro   0x0000000000000000      0x12a ./MyDriversErdem/Src/RCC.o
 .debug_macro   0x0000000000000000      0x341 ./MyDriversErdem/Src/RCC.o
 .debug_macro   0x0000000000000000       0x10 ./MyDriversErdem/Src/RCC.o
 .debug_macro   0x0000000000000000       0x35 ./MyDriversErdem/Src/RCC.o
 .debug_macro   0x0000000000000000       0x20 ./MyDriversErdem/Src/RCC.o
 .debug_macro   0x0000000000000000      0x25b ./MyDriversErdem/Src/RCC.o
 .debug_macro   0x0000000000000000      0x118 ./MyDriversErdem/Src/RCC.o
 .debug_macro   0x0000000000000000       0xb8 ./MyDriversErdem/Src/RCC.o
 .debug_macro   0x0000000000000000       0x9a ./MyDriversErdem/Src/RCC.o
 .debug_macro   0x0000000000000000       0x76 ./MyDriversErdem/Src/RCC.o
 .debug_macro   0x0000000000000000       0x5e ./MyDriversErdem/Src/RCC.o
 .debug_line    0x0000000000000000      0x57c ./MyDriversErdem/Src/RCC.o
 .debug_str     0x0000000000000000     0x92f3 ./MyDriversErdem/Src/RCC.o
 .comment       0x0000000000000000       0x51 ./MyDriversErdem/Src/RCC.o
 .ARM.attributes
                0x0000000000000000       0x2e ./MyDriversErdem/Src/RCC.o
 .group         0x0000000000000000        0xc ./MyDriversErdem/Src/SPI.o
 .group         0x0000000000000000        0xc ./MyDriversErdem/Src/SPI.o
 .group         0x0000000000000000        0xc ./MyDriversErdem/Src/SPI.o
 .group         0x0000000000000000        0xc ./MyDriversErdem/Src/SPI.o
 .group         0x0000000000000000        0xc ./MyDriversErdem/Src/SPI.o
 .group         0x0000000000000000        0xc ./MyDriversErdem/Src/SPI.o
 .group         0x0000000000000000        0xc ./MyDriversErdem/Src/SPI.o
 .group         0x0000000000000000        0xc ./MyDriversErdem/Src/SPI.o
 .group         0x0000000000000000        0xc ./MyDriversErdem/Src/SPI.o
 .group         0x0000000000000000        0xc ./MyDriversErdem/Src/SPI.o
 .group         0x0000000000000000        0xc ./MyDriversErdem/Src/SPI.o
 .group         0x0000000000000000        0xc ./MyDriversErdem/Src/SPI.o
 .group         0x0000000000000000        0xc ./MyDriversErdem/Src/SPI.o
 .group         0x0000000000000000        0xc ./MyDriversErdem/Src/SPI.o
 .group         0x0000000000000000        0xc ./MyDriversErdem/Src/SPI.o
 .group         0x0000000000000000        0xc ./MyDriversErdem/Src/SPI.o
 .group         0x0000000000000000        0xc ./MyDriversErdem/Src/SPI.o
 .group         0x0000000000000000        0xc ./MyDriversErdem/Src/SPI.o
 .group         0x0000000000000000        0xc ./MyDriversErdem/Src/SPI.o
 .group         0x0000000000000000        0xc ./MyDriversErdem/Src/SPI.o
 .group         0x0000000000000000        0xc ./MyDriversErdem/Src/SPI.o
 .group         0x0000000000000000        0xc ./MyDriversErdem/Src/SPI.o
 .group         0x0000000000000000        0xc ./MyDriversErdem/Src/SPI.o
 .group         0x0000000000000000        0xc ./MyDriversErdem/Src/SPI.o
 .group         0x0000000000000000        0xc ./MyDriversErdem/Src/SPI.o
 .group         0x0000000000000000        0xc ./MyDriversErdem/Src/SPI.o
 .group         0x0000000000000000        0xc ./MyDriversErdem/Src/SPI.o
 .group         0x0000000000000000        0xc ./MyDriversErdem/Src/SPI.o
 .group         0x0000000000000000        0xc ./MyDriversErdem/Src/SPI.o
 .group         0x0000000000000000        0xc ./MyDriversErdem/Src/SPI.o
 .text          0x0000000000000000        0x0 ./MyDriversErdem/Src/SPI.o
 .data          0x0000000000000000        0x0 ./MyDriversErdem/Src/SPI.o
 .bss           0x0000000000000000        0x0 ./MyDriversErdem/Src/SPI.o
 .text.SPI_CloseISR_TX
                0x0000000000000000       0x36 ./MyDriversErdem/Src/SPI.o
 .text.SPI_CloseISR_RX
                0x0000000000000000       0x36 ./MyDriversErdem/Src/SPI.o
 .text.SPI_TransmitHelper_16Bits
                0x0000000000000000       0x40 ./MyDriversErdem/Src/SPI.o
 .text.SPI_TransmitHelper_8Bits
                0x0000000000000000       0x40 ./MyDriversErdem/Src/SPI.o
 .text.SPI_ReceiveHelper_8Bits
                0x0000000000000000       0x46 ./MyDriversErdem/Src/SPI.o
 .text.SPI_ReceiveHelper_16Bits
                0x0000000000000000       0x42 ./MyDriversErdem/Src/SPI.o
 .text.SPI_TransmitData
                0x0000000000000000       0x8c ./MyDriversErdem/Src/SPI.o
 .text.SPI_TransmitData_IT
                0x0000000000000000       0x70 ./MyDriversErdem/Src/SPI.o
 .text.SPI_ReceiveData_IT
                0x0000000000000000       0x70 ./MyDriversErdem/Src/SPI.o
 .text.SPI_ReceiveData
                0x0000000000000000       0x7e ./MyDriversErdem/Src/SPI.o
 .text.SPI_GetFlagStatus
                0x0000000000000000       0x2a ./MyDriversErdem/Src/SPI.o
 .debug_macro   0x0000000000000000      0xa78 ./MyDriversErdem/Src/SPI.o
 .debug_macro   0x0000000000000000       0x22 ./MyDriversErdem/Src/SPI.o
 .debug_macro   0x0000000000000000       0x8e ./MyDriversErdem/Src/SPI.o
 .debug_macro   0x0000000000000000       0x51 ./MyDriversErdem/Src/SPI.o
 .debug_macro   0x0000000000000000      0x103 ./MyDriversErdem/Src/SPI.o
 .debug_macro   0x0000000000000000       0x6a ./MyDriversErdem/Src/SPI.o
 .debug_macro   0x0000000000000000      0x1df ./MyDriversErdem/Src/SPI.o
 .debug_macro   0x0000000000000000       0x52 ./MyDriversErdem/Src/SPI.o
 .debug_macro   0x0000000000000000       0x18 ./MyDriversErdem/Src/SPI.o
 .debug_macro   0x0000000000000000       0x3c ./MyDriversErdem/Src/SPI.o
 .debug_macro   0x0000000000000000       0x34 ./MyDriversErdem/Src/SPI.o
 .debug_macro   0x0000000000000000      0x174 ./MyDriversErdem/Src/SPI.o
 .debug_macro   0x0000000000000000       0x16 ./MyDriversErdem/Src/SPI.o
 .debug_macro   0x0000000000000000       0x43 ./MyDriversErdem/Src/SPI.o
 .debug_macro   0x0000000000000000       0x34 ./MyDriversErdem/Src/SPI.o
 .debug_macro   0x0000000000000000       0x10 ./MyDriversErdem/Src/SPI.o
 .debug_macro   0x0000000000000000       0x58 ./MyDriversErdem/Src/SPI.o
 .debug_macro   0x0000000000000000       0x71 ./MyDriversErdem/Src/SPI.o
 .debug_macro   0x0000000000000000       0x1c ./MyDriversErdem/Src/SPI.o
 .debug_macro   0x0000000000000000      0x12a ./MyDriversErdem/Src/SPI.o
 .debug_macro   0x0000000000000000      0x341 ./MyDriversErdem/Src/SPI.o
 .debug_macro   0x0000000000000000       0x10 ./MyDriversErdem/Src/SPI.o
 .debug_macro   0x0000000000000000       0x35 ./MyDriversErdem/Src/SPI.o
 .debug_macro   0x0000000000000000       0x20 ./MyDriversErdem/Src/SPI.o
 .debug_macro   0x0000000000000000      0x25b ./MyDriversErdem/Src/SPI.o
 .debug_macro   0x0000000000000000       0x5e ./MyDriversErdem/Src/SPI.o
 .debug_macro   0x0000000000000000      0x11e ./MyDriversErdem/Src/SPI.o
 .debug_macro   0x0000000000000000       0xb8 ./MyDriversErdem/Src/SPI.o
 .debug_macro   0x0000000000000000       0x76 ./MyDriversErdem/Src/SPI.o
 .group         0x0000000000000000        0xc ./MyDriversErdem/Src/USART.o
 .group         0x0000000000000000        0xc ./MyDriversErdem/Src/USART.o
 .group         0x0000000000000000        0xc ./MyDriversErdem/Src/USART.o
 .group         0x0000000000000000        0xc ./MyDriversErdem/Src/USART.o
 .group         0x0000000000000000        0xc ./MyDriversErdem/Src/USART.o
 .group         0x0000000000000000        0xc ./MyDriversErdem/Src/USART.o
 .group         0x0000000000000000        0xc ./MyDriversErdem/Src/USART.o
 .group         0x0000000000000000        0xc ./MyDriversErdem/Src/USART.o
 .group         0x0000000000000000        0xc ./MyDriversErdem/Src/USART.o
 .group         0x0000000000000000        0xc ./MyDriversErdem/Src/USART.o
 .group         0x0000000000000000        0xc ./MyDriversErdem/Src/USART.o
 .group         0x0000000000000000        0xc ./MyDriversErdem/Src/USART.o
 .group         0x0000000000000000        0xc ./MyDriversErdem/Src/USART.o
 .group         0x0000000000000000        0xc ./MyDriversErdem/Src/USART.o
 .group         0x0000000000000000        0xc ./MyDriversErdem/Src/USART.o
 .group         0x0000000000000000        0xc ./MyDriversErdem/Src/USART.o
 .group         0x0000000000000000        0xc ./MyDriversErdem/Src/USART.o
 .group         0x0000000000000000        0xc ./MyDriversErdem/Src/USART.o
 .group         0x0000000000000000        0xc ./MyDriversErdem/Src/USART.o
 .group         0x0000000000000000        0xc ./MyDriversErdem/Src/USART.o
 .group         0x0000000000000000        0xc ./MyDriversErdem/Src/USART.o
 .group         0x0000000000000000        0xc ./MyDriversErdem/Src/USART.o
 .group         0x0000000000000000        0xc ./MyDriversErdem/Src/USART.o
 .group         0x0000000000000000        0xc ./MyDriversErdem/Src/USART.o
 .group         0x0000000000000000        0xc ./MyDriversErdem/Src/USART.o
 .group         0x0000000000000000        0xc ./MyDriversErdem/Src/USART.o
 .group         0x0000000000000000        0xc ./MyDriversErdem/Src/USART.o
 .group         0x0000000000000000        0xc ./MyDriversErdem/Src/USART.o
 .group         0x0000000000000000        0xc ./MyDriversErdem/Src/USART.o
 .group         0x0000000000000000        0xc ./MyDriversErdem/Src/USART.o
 .text          0x0000000000000000        0x0 ./MyDriversErdem/Src/USART.o
 .data          0x0000000000000000        0x0 ./MyDriversErdem/Src/USART.o
 .bss           0x0000000000000000        0x0 ./MyDriversErdem/Src/USART.o
 .text.USART_Init
                0x0000000000000000       0x7e ./MyDriversErdem/Src/USART.o
 .debug_info    0x0000000000000000      0x1ec ./MyDriversErdem/Src/USART.o
 .debug_abbrev  0x0000000000000000       0xbb ./MyDriversErdem/Src/USART.o
 .debug_aranges
                0x0000000000000000       0x20 ./MyDriversErdem/Src/USART.o
 .debug_ranges  0x0000000000000000       0x10 ./MyDriversErdem/Src/USART.o
 .debug_macro   0x0000000000000000      0x18f ./MyDriversErdem/Src/USART.o
 .debug_macro   0x0000000000000000      0xa78 ./MyDriversErdem/Src/USART.o
 .debug_macro   0x0000000000000000       0x22 ./MyDriversErdem/Src/USART.o
 .debug_macro   0x0000000000000000       0x8e ./MyDriversErdem/Src/USART.o
 .debug_macro   0x0000000000000000       0x51 ./MyDriversErdem/Src/USART.o
 .debug_macro   0x0000000000000000      0x103 ./MyDriversErdem/Src/USART.o
 .debug_macro   0x0000000000000000       0x6a ./MyDriversErdem/Src/USART.o
 .debug_macro   0x0000000000000000      0x1df ./MyDriversErdem/Src/USART.o
 .debug_macro   0x0000000000000000       0x52 ./MyDriversErdem/Src/USART.o
 .debug_macro   0x0000000000000000       0x18 ./MyDriversErdem/Src/USART.o
 .debug_macro   0x0000000000000000       0x3c ./MyDriversErdem/Src/USART.o
 .debug_macro   0x0000000000000000       0x34 ./MyDriversErdem/Src/USART.o
 .debug_macro   0x0000000000000000      0x174 ./MyDriversErdem/Src/USART.o
 .debug_macro   0x0000000000000000       0x16 ./MyDriversErdem/Src/USART.o
 .debug_macro   0x0000000000000000       0x43 ./MyDriversErdem/Src/USART.o
 .debug_macro   0x0000000000000000       0x34 ./MyDriversErdem/Src/USART.o
 .debug_macro   0x0000000000000000       0x10 ./MyDriversErdem/Src/USART.o
 .debug_macro   0x0000000000000000       0x58 ./MyDriversErdem/Src/USART.o
 .debug_macro   0x0000000000000000       0x71 ./MyDriversErdem/Src/USART.o
 .debug_macro   0x0000000000000000       0x1c ./MyDriversErdem/Src/USART.o
 .debug_macro   0x0000000000000000      0x12a ./MyDriversErdem/Src/USART.o
 .debug_macro   0x0000000000000000      0x341 ./MyDriversErdem/Src/USART.o
 .debug_macro   0x0000000000000000       0x10 ./MyDriversErdem/Src/USART.o
 .debug_macro   0x0000000000000000       0x35 ./MyDriversErdem/Src/USART.o
 .debug_macro   0x0000000000000000       0x20 ./MyDriversErdem/Src/USART.o
 .debug_macro   0x0000000000000000      0x25b ./MyDriversErdem/Src/USART.o
 .debug_macro   0x0000000000000000       0x5e ./MyDriversErdem/Src/USART.o
 .debug_macro   0x0000000000000000      0x11e ./MyDriversErdem/Src/USART.o
 .debug_macro   0x0000000000000000       0xb8 ./MyDriversErdem/Src/USART.o
 .debug_macro   0x0000000000000000       0x9a ./MyDriversErdem/Src/USART.o
 .debug_macro   0x0000000000000000       0x70 ./MyDriversErdem/Src/USART.o
 .debug_line    0x0000000000000000      0x5dc ./MyDriversErdem/Src/USART.o
 .debug_str     0x0000000000000000     0x93b4 ./MyDriversErdem/Src/USART.o
 .comment       0x0000000000000000       0x51 ./MyDriversErdem/Src/USART.o
 .debug_frame   0x0000000000000000       0x38 ./MyDriversErdem/Src/USART.o
 .ARM.attributes
                0x0000000000000000       0x2e ./MyDriversErdem/Src/USART.o
 .group         0x0000000000000000        0xc ./Src/main.o
 .group         0x0000000000000000        0xc ./Src/main.o
 .group         0x0000000000000000        0xc ./Src/main.o
 .group         0x0000000000000000        0xc ./Src/main.o
 .group         0x0000000000000000        0xc ./Src/main.o
 .group         0x0000000000000000        0xc ./Src/main.o
 .group         0x0000000000000000        0xc ./Src/main.o
 .group         0x0000000000000000        0xc ./Src/main.o
 .group         0x0000000000000000        0xc ./Src/main.o
 .group         0x0000000000000000        0xc ./Src/main.o
 .group         0x0000000000000000        0xc ./Src/main.o
 .group         0x0000000000000000        0xc ./Src/main.o
 .group         0x0000000000000000        0xc ./Src/main.o
 .group         0x0000000000000000        0xc ./Src/main.o
 .group         0x0000000000000000        0xc ./Src/main.o
 .group         0x0000000000000000        0xc ./Src/main.o
 .group         0x0000000000000000        0xc ./Src/main.o
 .group         0x0000000000000000        0xc ./Src/main.o
 .group         0x0000000000000000        0xc ./Src/main.o
 .group         0x0000000000000000        0xc ./Src/main.o
 .group         0x0000000000000000        0xc ./Src/main.o
 .group         0x0000000000000000        0xc ./Src/main.o
 .group         0x0000000000000000        0xc ./Src/main.o
 .group         0x0000000000000000        0xc ./Src/main.o
 .group         0x0000000000000000        0xc ./Src/main.o
 .group         0x0000000000000000        0xc ./Src/main.o
 .group         0x0000000000000000        0xc ./Src/main.o
 .group         0x0000000000000000        0xc ./Src/main.o
 .group         0x0000000000000000        0xc ./Src/main.o
 .group         0x0000000000000000        0xc ./Src/main.o
 .text          0x0000000000000000        0x0 ./Src/main.o
 .data          0x0000000000000000        0x0 ./Src/main.o
 .bss           0x0000000000000000        0x0 ./Src/main.o
 .rodata        0x0000000000000000        0xd ./Src/main.o
 .text.EXTI0_IRQ_Handler
                0x0000000000000000       0x54 ./Src/main.o
 .debug_macro   0x0000000000000000      0xa78 ./Src/main.o
 .debug_macro   0x0000000000000000       0x22 ./Src/main.o
 .debug_macro   0x0000000000000000       0x8e ./Src/main.o
 .debug_macro   0x0000000000000000       0x51 ./Src/main.o
 .debug_macro   0x0000000000000000      0x103 ./Src/main.o
 .debug_macro   0x0000000000000000       0x6a ./Src/main.o
 .debug_macro   0x0000000000000000      0x1df ./Src/main.o
 .debug_macro   0x0000000000000000       0x52 ./Src/main.o
 .debug_macro   0x0000000000000000       0x18 ./Src/main.o
 .debug_macro   0x0000000000000000       0x3c ./Src/main.o
 .debug_macro   0x0000000000000000       0x34 ./Src/main.o
 .debug_macro   0x0000000000000000      0x174 ./Src/main.o
 .debug_macro   0x0000000000000000       0x16 ./Src/main.o
 .debug_macro   0x0000000000000000       0x43 ./Src/main.o
 .debug_macro   0x0000000000000000       0x34 ./Src/main.o
 .debug_macro   0x0000000000000000       0x10 ./Src/main.o
 .debug_macro   0x0000000000000000       0x58 ./Src/main.o
 .debug_macro   0x0000000000000000       0x71 ./Src/main.o
 .debug_macro   0x0000000000000000       0x1c ./Src/main.o
 .debug_macro   0x0000000000000000      0x12a ./Src/main.o
 .debug_macro   0x0000000000000000      0x341 ./Src/main.o
 .debug_macro   0x0000000000000000       0x10 ./Src/main.o
 .debug_macro   0x0000000000000000       0x35 ./Src/main.o
 .debug_macro   0x0000000000000000       0x20 ./Src/main.o
 .debug_macro   0x0000000000000000      0x25b ./Src/main.o
 .debug_macro   0x0000000000000000       0x5e ./Src/main.o
 .debug_macro   0x0000000000000000      0x11e ./Src/main.o
 .debug_macro   0x0000000000000000       0xb8 ./Src/main.o
 .debug_macro   0x0000000000000000       0x9a ./Src/main.o
 .debug_macro   0x0000000000000000       0x76 ./Src/main.o
 .group         0x0000000000000000        0xc ./Src/syscalls.o
 .group         0x0000000000000000        0xc ./Src/syscalls.o
 .group         0x0000000000000000        0xc ./Src/syscalls.o
 .group         0x0000000000000000        0xc ./Src/syscalls.o
 .group         0x0000000000000000        0xc ./Src/syscalls.o
 .group         0x0000000000000000        0xc ./Src/syscalls.o
 .group         0x0000000000000000        0xc ./Src/syscalls.o
 .group         0x0000000000000000        0xc ./Src/syscalls.o
 .group         0x0000000000000000        0xc ./Src/syscalls.o
 .group         0x0000000000000000        0xc ./Src/syscalls.o
 .group         0x0000000000000000        0xc ./Src/syscalls.o
 .group         0x0000000000000000        0xc ./Src/syscalls.o
 .group         0x0000000000000000        0xc ./Src/syscalls.o
 .group         0x0000000000000000        0xc ./Src/syscalls.o
 .group         0x0000000000000000        0xc ./Src/syscalls.o
 .group         0x0000000000000000        0xc ./Src/syscalls.o
 .group         0x0000000000000000        0xc ./Src/syscalls.o
 .group         0x0000000000000000        0xc ./Src/syscalls.o
 .group         0x0000000000000000        0xc ./Src/syscalls.o
 .group         0x0000000000000000        0xc ./Src/syscalls.o
 .group         0x0000000000000000        0xc ./Src/syscalls.o
 .group         0x0000000000000000        0xc ./Src/syscalls.o
 .group         0x0000000000000000        0xc ./Src/syscalls.o
 .group         0x0000000000000000        0xc ./Src/syscalls.o
 .group         0x0000000000000000        0xc ./Src/syscalls.o
 .group         0x0000000000000000        0xc ./Src/syscalls.o
 .group         0x0000000000000000        0xc ./Src/syscalls.o
 .group         0x0000000000000000        0xc ./Src/syscalls.o
 .group         0x0000000000000000        0xc ./Src/syscalls.o
 .group         0x0000000000000000        0xc ./Src/syscalls.o
 .group         0x0000000000000000        0xc ./Src/syscalls.o
 .group         0x0000000000000000        0xc ./Src/syscalls.o
 .group         0x0000000000000000        0xc ./Src/syscalls.o
 .group         0x0000000000000000        0xc ./Src/syscalls.o
 .group         0x0000000000000000        0xc ./Src/syscalls.o
 .group         0x0000000000000000        0xc ./Src/syscalls.o
 .group         0x0000000000000000        0xc ./Src/syscalls.o
 .group         0x0000000000000000        0xc ./Src/syscalls.o
 .group         0x0000000000000000        0xc ./Src/syscalls.o
 .group         0x0000000000000000        0xc ./Src/syscalls.o
 .group         0x0000000000000000        0xc ./Src/syscalls.o
 .group         0x0000000000000000        0xc ./Src/syscalls.o
 .group         0x0000000000000000        0xc ./Src/syscalls.o
 .group         0x0000000000000000        0xc ./Src/syscalls.o
 .group         0x0000000000000000        0xc ./Src/syscalls.o
 .group         0x0000000000000000        0xc ./Src/syscalls.o
 .group         0x0000000000000000        0xc ./Src/syscalls.o
 .text          0x0000000000000000        0x0 ./Src/syscalls.o
 .data          0x0000000000000000        0x0 ./Src/syscalls.o
 .bss           0x0000000000000000        0x0 ./Src/syscalls.o
 .bss.__env     0x0000000000000000        0x4 ./Src/syscalls.o
 .data.environ  0x0000000000000000        0x4 ./Src/syscalls.o
 .text.initialise_monitor_handles
                0x0000000000000000        0xc ./Src/syscalls.o
 .text._getpid  0x0000000000000000        0xe ./Src/syscalls.o
 .text._kill    0x0000000000000000       0x20 ./Src/syscalls.o
 .text._exit    0x0000000000000000       0x14 ./Src/syscalls.o
 .text._read    0x0000000000000000       0x3a ./Src/syscalls.o
 .text._write   0x0000000000000000       0x38 ./Src/syscalls.o
 .text._close   0x0000000000000000       0x16 ./Src/syscalls.o
 .text._fstat   0x0000000000000000       0x1e ./Src/syscalls.o
 .text._isatty  0x0000000000000000       0x14 ./Src/syscalls.o
 .text._lseek   0x0000000000000000       0x18 ./Src/syscalls.o
 .text._open    0x0000000000000000       0x1a ./Src/syscalls.o
 .text._wait    0x0000000000000000       0x1e ./Src/syscalls.o
 .text._unlink  0x0000000000000000       0x1e ./Src/syscalls.o
 .text._times   0x0000000000000000       0x16 ./Src/syscalls.o
 .text._stat    0x0000000000000000       0x1e ./Src/syscalls.o
 .text._link    0x0000000000000000       0x20 ./Src/syscalls.o
 .text._fork    0x0000000000000000       0x16 ./Src/syscalls.o
 .text._execve  0x0000000000000000       0x22 ./Src/syscalls.o
 .debug_info    0x0000000000000000      0x6e0 ./Src/syscalls.o
 .debug_abbrev  0x0000000000000000      0x1b3 ./Src/syscalls.o
 .debug_aranges
                0x0000000000000000       0xa8 ./Src/syscalls.o
 .debug_ranges  0x0000000000000000       0x98 ./Src/syscalls.o
 .debug_macro   0x0000000000000000      0x24c ./Src/syscalls.o
 .debug_macro   0x0000000000000000      0xa78 ./Src/syscalls.o
 .debug_macro   0x0000000000000000       0x22 ./Src/syscalls.o
 .debug_macro   0x0000000000000000       0x4c ./Src/syscalls.o
 .debug_macro   0x0000000000000000       0x18 ./Src/syscalls.o
 .debug_macro   0x0000000000000000       0x94 ./Src/syscalls.o
 .debug_macro   0x0000000000000000       0x3c ./Src/syscalls.o
 .debug_macro   0x0000000000000000       0x34 ./Src/syscalls.o
 .debug_macro   0x0000000000000000       0x57 ./Src/syscalls.o
 .debug_macro   0x0000000000000000      0x174 ./Src/syscalls.o
 .debug_macro   0x0000000000000000      0x341 ./Src/syscalls.o
 .debug_macro   0x0000000000000000       0x16 ./Src/syscalls.o
 .debug_macro   0x0000000000000000       0x43 ./Src/syscalls.o
 .debug_macro   0x0000000000000000       0x34 ./Src/syscalls.o
 .debug_macro   0x0000000000000000       0x10 ./Src/syscalls.o
 .debug_macro   0x0000000000000000       0x58 ./Src/syscalls.o
 .debug_macro   0x0000000000000000       0x71 ./Src/syscalls.o
 .debug_macro   0x0000000000000000       0x1c ./Src/syscalls.o
 .debug_macro   0x0000000000000000      0x12a ./Src/syscalls.o
 .debug_macro   0x0000000000000000       0x10 ./Src/syscalls.o
 .debug_macro   0x0000000000000000       0x35 ./Src/syscalls.o
 .debug_macro   0x0000000000000000       0x10 ./Src/syscalls.o
 .debug_macro   0x0000000000000000       0x10 ./Src/syscalls.o
 .debug_macro   0x0000000000000000       0x10 ./Src/syscalls.o
 .debug_macro   0x0000000000000000       0x6a ./Src/syscalls.o
 .debug_macro   0x0000000000000000       0x1c ./Src/syscalls.o
 .debug_macro   0x0000000000000000       0x52 ./Src/syscalls.o
 .debug_macro   0x0000000000000000       0x22 ./Src/syscalls.o
 .debug_macro   0x0000000000000000       0x10 ./Src/syscalls.o
 .debug_macro   0x0000000000000000       0x52 ./Src/syscalls.o
 .debug_macro   0x0000000000000000       0xd5 ./Src/syscalls.o
 .debug_macro   0x0000000000000000       0x1c ./Src/syscalls.o
 .debug_macro   0x0000000000000000       0x3d ./Src/syscalls.o
 .debug_macro   0x0000000000000000       0x35 ./Src/syscalls.o
 .debug_macro   0x0000000000000000      0x12c ./Src/syscalls.o
 .debug_macro   0x0000000000000000       0x16 ./Src/syscalls.o
 .debug_macro   0x0000000000000000       0x16 ./Src/syscalls.o
 .debug_macro   0x0000000000000000       0x29 ./Src/syscalls.o
 .debug_macro   0x0000000000000000       0x10 ./Src/syscalls.o
 .debug_macro   0x0000000000000000      0x241 ./Src/syscalls.o
 .debug_macro   0x0000000000000000       0x1c ./Src/syscalls.o
 .debug_macro   0x0000000000000000       0x10 ./Src/syscalls.o
 .debug_macro   0x0000000000000000       0x10 ./Src/syscalls.o
 .debug_macro   0x0000000000000000       0x16 ./Src/syscalls.o
 .debug_macro   0x0000000000000000      0x145 ./Src/syscalls.o
 .debug_macro   0x0000000000000000      0x189 ./Src/syscalls.o
 .debug_macro   0x0000000000000000       0x16 ./Src/syscalls.o
 .debug_macro   0x0000000000000000       0xce ./Src/syscalls.o
 .debug_line    0x0000000000000000      0x7f9 ./Src/syscalls.o
 .debug_str     0x0000000000000000     0x8a59 ./Src/syscalls.o
 .comment       0x0000000000000000       0x51 ./Src/syscalls.o
 .debug_frame   0x0000000000000000      0x2ac ./Src/syscalls.o
 .ARM.attributes
                0x0000000000000000       0x2e ./Src/syscalls.o
 .group         0x0000000000000000        0xc ./Src/sysmem.o
 .group         0x0000000000000000        0xc ./Src/sysmem.o
 .group         0x0000000000000000        0xc ./Src/sysmem.o
 .group         0x0000000000000000        0xc ./Src/sysmem.o
 .group         0x0000000000000000        0xc ./Src/sysmem.o
 .group         0x0000000000000000        0xc ./Src/sysmem.o
 .group         0x0000000000000000        0xc ./Src/sysmem.o
 .group         0x0000000000000000        0xc ./Src/sysmem.o
 .group         0x0000000000000000        0xc ./Src/sysmem.o
 .group         0x0000000000000000        0xc ./Src/sysmem.o
 .group         0x0000000000000000        0xc ./Src/sysmem.o
 .group         0x0000000000000000        0xc ./Src/sysmem.o
 .group         0x0000000000000000        0xc ./Src/sysmem.o
 .group         0x0000000000000000        0xc ./Src/sysmem.o
 .group         0x0000000000000000        0xc ./Src/sysmem.o
 .group         0x0000000000000000        0xc ./Src/sysmem.o
 .group         0x0000000000000000        0xc ./Src/sysmem.o
 .group         0x0000000000000000        0xc ./Src/sysmem.o
 .group         0x0000000000000000        0xc ./Src/sysmem.o
 .group         0x0000000000000000        0xc ./Src/sysmem.o
 .group         0x0000000000000000        0xc ./Src/sysmem.o
 .group         0x0000000000000000        0xc ./Src/sysmem.o
 .text          0x0000000000000000        0x0 ./Src/sysmem.o
 .data          0x0000000000000000        0x0 ./Src/sysmem.o
 .bss           0x0000000000000000        0x0 ./Src/sysmem.o
 .bss.__sbrk_heap_end
                0x0000000000000000        0x4 ./Src/sysmem.o
 .text._sbrk    0x0000000000000000       0x6c ./Src/sysmem.o
 .debug_info    0x0000000000000000      0x171 ./Src/sysmem.o
 .debug_abbrev  0x0000000000000000       0xbb ./Src/sysmem.o
 .debug_aranges
                0x0000000000000000       0x20 ./Src/sysmem.o
 .debug_ranges  0x0000000000000000       0x10 ./Src/sysmem.o
 .debug_macro   0x0000000000000000       0xff ./Src/sysmem.o
 .debug_macro   0x0000000000000000      0xa78 ./Src/sysmem.o
 .debug_macro   0x0000000000000000       0x10 ./Src/sysmem.o
 .debug_macro   0x0000000000000000       0x22 ./Src/sysmem.o
 .debug_macro   0x0000000000000000       0x4c ./Src/sysmem.o
 .debug_macro   0x0000000000000000       0x18 ./Src/sysmem.o
 .debug_macro   0x0000000000000000       0x94 ./Src/sysmem.o
 .debug_macro   0x0000000000000000       0x3c ./Src/sysmem.o
 .debug_macro   0x0000000000000000       0x34 ./Src/sysmem.o
 .debug_macro   0x0000000000000000      0x174 ./Src/sysmem.o
 .debug_macro   0x0000000000000000       0x16 ./Src/sysmem.o
 .debug_macro   0x0000000000000000       0x43 ./Src/sysmem.o
 .debug_macro   0x0000000000000000       0x57 ./Src/sysmem.o
 .debug_macro   0x0000000000000000       0x34 ./Src/sysmem.o
 .debug_macro   0x0000000000000000       0x10 ./Src/sysmem.o
 .debug_macro   0x0000000000000000       0x58 ./Src/sysmem.o
 .debug_macro   0x0000000000000000       0x71 ./Src/sysmem.o
 .debug_macro   0x0000000000000000       0x1c ./Src/sysmem.o
 .debug_macro   0x0000000000000000      0x12a ./Src/sysmem.o
 .debug_macro   0x0000000000000000      0x23b ./Src/sysmem.o
 .debug_macro   0x0000000000000000      0x103 ./Src/sysmem.o
 .debug_macro   0x0000000000000000       0x6a ./Src/sysmem.o
 .debug_macro   0x0000000000000000      0x1df ./Src/sysmem.o
 .debug_line    0x0000000000000000      0x4ef ./Src/sysmem.o
 .debug_str     0x0000000000000000     0x5d95 ./Src/sysmem.o
 .comment       0x0000000000000000       0x51 ./Src/sysmem.o
 .debug_frame   0x0000000000000000       0x34 ./Src/sysmem.o
 .ARM.attributes
                0x0000000000000000       0x2e ./Src/sysmem.o
 .text          0x0000000000000000       0x14 ./Startup/startup_stm32f407vgtx.o
 .data          0x0000000000000000        0x0 ./Startup/startup_stm32f407vgtx.o
 .bss           0x0000000000000000        0x0 ./Startup/startup_stm32f407vgtx.o
 .text          0x0000000000000000        0x0 c:/st/stm32cubeide_1.12.0/stm32cubeide/plugins/com.st.stm32cube.ide.mcu.externaltools.gnu-tools-for-stm32.10.3-2021.10.win32_1.0.200.202301161003/tools/bin/../lib/gcc/arm-none-eabi/10.3.1/../../../../arm-none-eabi/lib/thumb/v7e-m/nofp\libc_nano.a(lib_a-errno.o)
 .data          0x0000000000000000        0x0 c:/st/stm32cubeide_1.12.0/stm32cubeide/plugins/com.st.stm32cube.ide.mcu.externaltools.gnu-tools-for-stm32.10.3-2021.10.win32_1.0.200.202301161003/tools/bin/../lib/gcc/arm-none-eabi/10.3.1/../../../../arm-none-eabi/lib/thumb/v7e-m/nofp\libc_nano.a(lib_a-errno.o)
 .bss           0x0000000000000000        0x0 c:/st/stm32cubeide_1.12.0/stm32cubeide/plugins/com.st.stm32cube.ide.mcu.externaltools.gnu-tools-for-stm32.10.3-2021.10.win32_1.0.200.202301161003/tools/bin/../lib/gcc/arm-none-eabi/10.3.1/../../../../arm-none-eabi/lib/thumb/v7e-m/nofp\libc_nano.a(lib_a-errno.o)
 .text.__errno  0x0000000000000000        0xc c:/st/stm32cubeide_1.12.0/stm32cubeide/plugins/com.st.stm32cube.ide.mcu.externaltools.gnu-tools-for-stm32.10.3-2021.10.win32_1.0.200.202301161003/tools/bin/../lib/gcc/arm-none-eabi/10.3.1/../../../../arm-none-eabi/lib/thumb/v7e-m/nofp\libc_nano.a(lib_a-errno.o)
 .debug_frame   0x0000000000000000       0x20 c:/st/stm32cubeide_1.12.0/stm32cubeide/plugins/com.st.stm32cube.ide.mcu.externaltools.gnu-tools-for-stm32.10.3-2021.10.win32_1.0.200.202301161003/tools/bin/../lib/gcc/arm-none-eabi/10.3.1/../../../../arm-none-eabi/lib/thumb/v7e-m/nofp\libc_nano.a(lib_a-errno.o)
 .ARM.attributes
                0x0000000000000000       0x2e c:/st/stm32cubeide_1.12.0/stm32cubeide/plugins/com.st.stm32cube.ide.mcu.externaltools.gnu-tools-for-stm32.10.3-2021.10.win32_1.0.200.202301161003/tools/bin/../lib/gcc/arm-none-eabi/10.3.1/../../../../arm-none-eabi/lib/thumb/v7e-m/nofp\libc_nano.a(lib_a-errno.o)
 .text          0x0000000000000000        0x0 c:/st/stm32cubeide_1.12.0/stm32cubeide/plugins/com.st.stm32cube.ide.mcu.externaltools.gnu-tools-for-stm32.10.3-2021.10.win32_1.0.200.202301161003/tools/bin/../lib/gcc/arm-none-eabi/10.3.1/../../../../arm-none-eabi/lib/thumb/v7e-m/nofp\libc_nano.a(lib_a-exit.o)
 .data          0x0000000000000000        0x0 c:/st/stm32cubeide_1.12.0/stm32cubeide/plugins/com.st.stm32cube.ide.mcu.externaltools.gnu-tools-for-stm32.10.3-2021.10.win32_1.0.200.202301161003/tools/bin/../lib/gcc/arm-none-eabi/10.3.1/../../../../arm-none-eabi/lib/thumb/v7e-m/nofp\libc_nano.a(lib_a-exit.o)
 .bss           0x0000000000000000        0x0 c:/st/stm32cubeide_1.12.0/stm32cubeide/plugins/com.st.stm32cube.ide.mcu.externaltools.gnu-tools-for-stm32.10.3-2021.10.win32_1.0.200.202301161003/tools/bin/../lib/gcc/arm-none-eabi/10.3.1/../../../../arm-none-eabi/lib/thumb/v7e-m/nofp\libc_nano.a(lib_a-exit.o)
 .text.exit     0x0000000000000000       0x28 c:/st/stm32cubeide_1.12.0/stm32cubeide/plugins/com.st.stm32cube.ide.mcu.externaltools.gnu-tools-for-stm32.10.3-2021.10.win32_1.0.200.202301161003/tools/bin/../lib/gcc/arm-none-eabi/10.3.1/../../../../arm-none-eabi/lib/thumb/v7e-m/nofp\libc_nano.a(lib_a-exit.o)
 .debug_frame   0x0000000000000000       0x28 c:/st/stm32cubeide_1.12.0/stm32cubeide/plugins/com.st.stm32cube.ide.mcu.externaltools.gnu-tools-for-stm32.10.3-2021.10.win32_1.0.200.202301161003/tools/bin/../lib/gcc/arm-none-eabi/10.3.1/../../../../arm-none-eabi/lib/thumb/v7e-m/nofp\libc_nano.a(lib_a-exit.o)
 .ARM.attributes
                0x0000000000000000       0x2e c:/st/stm32cubeide_1.12.0/stm32cubeide/plugins/com.st.stm32cube.ide.mcu.externaltools.gnu-tools-for-stm32.10.3-2021.10.win32_1.0.200.202301161003/tools/bin/../lib/gcc/arm-none-eabi/10.3.1/../../../../arm-none-eabi/lib/thumb/v7e-m/nofp\libc_nano.a(lib_a-exit.o)
 .text          0x0000000000000000        0x0 c:/st/stm32cubeide_1.12.0/stm32cubeide/plugins/com.st.stm32cube.ide.mcu.externaltools.gnu-tools-for-stm32.10.3-2021.10.win32_1.0.200.202301161003/tools/bin/../lib/gcc/arm-none-eabi/10.3.1/../../../../arm-none-eabi/lib/thumb/v7e-m/nofp\libc_nano.a(lib_a-impure.o)
 .data          0x0000000000000000        0x0 c:/st/stm32cubeide_1.12.0/stm32cubeide/plugins/com.st.stm32cube.ide.mcu.externaltools.gnu-tools-for-stm32.10.3-2021.10.win32_1.0.200.202301161003/tools/bin/../lib/gcc/arm-none-eabi/10.3.1/../../../../arm-none-eabi/lib/thumb/v7e-m/nofp\libc_nano.a(lib_a-impure.o)
 .bss           0x0000000000000000        0x0 c:/st/stm32cubeide_1.12.0/stm32cubeide/plugins/com.st.stm32cube.ide.mcu.externaltools.gnu-tools-for-stm32.10.3-2021.10.win32_1.0.200.202301161003/tools/bin/../lib/gcc/arm-none-eabi/10.3.1/../../../../arm-none-eabi/lib/thumb/v7e-m/nofp\libc_nano.a(lib_a-impure.o)
 .data._impure_ptr
                0x0000000000000000        0x4 c:/st/stm32cubeide_1.12.0/stm32cubeide/plugins/com.st.stm32cube.ide.mcu.externaltools.gnu-tools-for-stm32.10.3-2021.10.win32_1.0.200.202301161003/tools/bin/../lib/gcc/arm-none-eabi/10.3.1/../../../../arm-none-eabi/lib/thumb/v7e-m/nofp\libc_nano.a(lib_a-impure.o)
 .data.impure_data
                0x0000000000000000       0x60 c:/st/stm32cubeide_1.12.0/stm32cubeide/plugins/com.st.stm32cube.ide.mcu.externaltools.gnu-tools-for-stm32.10.3-2021.10.win32_1.0.200.202301161003/tools/bin/../lib/gcc/arm-none-eabi/10.3.1/../../../../arm-none-eabi/lib/thumb/v7e-m/nofp\libc_nano.a(lib_a-impure.o)
 .rodata._global_impure_ptr
                0x0000000000000000        0x4 c:/st/stm32cubeide_1.12.0/stm32cubeide/plugins/com.st.stm32cube.ide.mcu.externaltools.gnu-tools-for-stm32.10.3-2021.10.win32_1.0.200.202301161003/tools/bin/../lib/gcc/arm-none-eabi/10.3.1/../../../../arm-none-eabi/lib/thumb/v7e-m/nofp\libc_nano.a(lib_a-impure.o)
 .ARM.attributes
                0x0000000000000000       0x2e c:/st/stm32cubeide_1.12.0/stm32cubeide/plugins/com.st.stm32cube.ide.mcu.externaltools.gnu-tools-for-stm32.10.3-2021.10.win32_1.0.200.202301161003/tools/bin/../lib/gcc/arm-none-eabi/10.3.1/../../../../arm-none-eabi/lib/thumb/v7e-m/nofp\libc_nano.a(lib_a-impure.o)
 .text          0x0000000000000000        0x0 c:/st/stm32cubeide_1.12.0/stm32cubeide/plugins/com.st.stm32cube.ide.mcu.externaltools.gnu-tools-for-stm32.10.3-2021.10.win32_1.0.200.202301161003/tools/bin/../lib/gcc/arm-none-eabi/10.3.1/../../../../arm-none-eabi/lib/thumb/v7e-m/nofp\libc_nano.a(lib_a-init.o)
 .data          0x0000000000000000        0x0 c:/st/stm32cubeide_1.12.0/stm32cubeide/plugins/com.st.stm32cube.ide.mcu.externaltools.gnu-tools-for-stm32.10.3-2021.10.win32_1.0.200.202301161003/tools/bin/../lib/gcc/arm-none-eabi/10.3.1/../../../../arm-none-eabi/lib/thumb/v7e-m/nofp\libc_nano.a(lib_a-init.o)
 .bss           0x0000000000000000        0x0 c:/st/stm32cubeide_1.12.0/stm32cubeide/plugins/com.st.stm32cube.ide.mcu.externaltools.gnu-tools-for-stm32.10.3-2021.10.win32_1.0.200.202301161003/tools/bin/../lib/gcc/arm-none-eabi/10.3.1/../../../../arm-none-eabi/lib/thumb/v7e-m/nofp\libc_nano.a(lib_a-init.o)
 .text          0x0000000000000000        0x0 c:/st/stm32cubeide_1.12.0/stm32cubeide/plugins/com.st.stm32cube.ide.mcu.externaltools.gnu-tools-for-stm32.10.3-2021.10.win32_1.0.200.202301161003/tools/bin/../lib/gcc/arm-none-eabi/10.3.1/../../../../arm-none-eabi/lib/thumb/v7e-m/nofp\libc_nano.a(lib_a-memset.o)
 .data          0x0000000000000000        0x0 c:/st/stm32cubeide_1.12.0/stm32cubeide/plugins/com.st.stm32cube.ide.mcu.externaltools.gnu-tools-for-stm32.10.3-2021.10.win32_1.0.200.202301161003/tools/bin/../lib/gcc/arm-none-eabi/10.3.1/../../../../arm-none-eabi/lib/thumb/v7e-m/nofp\libc_nano.a(lib_a-memset.o)
 .bss           0x0000000000000000        0x0 c:/st/stm32cubeide_1.12.0/stm32cubeide/plugins/com.st.stm32cube.ide.mcu.externaltools.gnu-tools-for-stm32.10.3-2021.10.win32_1.0.200.202301161003/tools/bin/../lib/gcc/arm-none-eabi/10.3.1/../../../../arm-none-eabi/lib/thumb/v7e-m/nofp\libc_nano.a(lib_a-memset.o)
 .text          0x0000000000000000       0x10 c:/st/stm32cubeide_1.12.0/stm32cubeide/plugins/com.st.stm32cube.ide.mcu.externaltools.gnu-tools-for-stm32.10.3-2021.10.win32_1.0.200.202301161003/tools/bin/../lib/gcc/arm-none-eabi/10.3.1/../../../../arm-none-eabi/lib/thumb/v7e-m/nofp\libc_nano.a(lib_a-strlen.o)
 .data          0x0000000000000000        0x0 c:/st/stm32cubeide_1.12.0/stm32cubeide/plugins/com.st.stm32cube.ide.mcu.externaltools.gnu-tools-for-stm32.10.3-2021.10.win32_1.0.200.202301161003/tools/bin/../lib/gcc/arm-none-eabi/10.3.1/../../../../arm-none-eabi/lib/thumb/v7e-m/nofp\libc_nano.a(lib_a-strlen.o)
 .bss           0x0000000000000000        0x0 c:/st/stm32cubeide_1.12.0/stm32cubeide/plugins/com.st.stm32cube.ide.mcu.externaltools.gnu-tools-for-stm32.10.3-2021.10.win32_1.0.200.202301161003/tools/bin/../lib/gcc/arm-none-eabi/10.3.1/../../../../arm-none-eabi/lib/thumb/v7e-m/nofp\libc_nano.a(lib_a-strlen.o)
 .ARM.attributes
                0x0000000000000000       0x17 c:/st/stm32cubeide_1.12.0/stm32cubeide/plugins/com.st.stm32cube.ide.mcu.externaltools.gnu-tools-for-stm32.10.3-2021.10.win32_1.0.200.202301161003/tools/bin/../lib/gcc/arm-none-eabi/10.3.1/../../../../arm-none-eabi/lib/thumb/v7e-m/nofp\libc_nano.a(lib_a-strlen.o)
 .text          0x0000000000000000        0x0 c:/st/stm32cubeide_1.12.0/stm32cubeide/plugins/com.st.stm32cube.ide.mcu.externaltools.gnu-tools-for-stm32.10.3-2021.10.win32_1.0.200.202301161003/tools/bin/../lib/gcc/arm-none-eabi/10.3.1/thumb/v7e-m/nofp/crtend.o
 .data          0x0000000000000000        0x0 c:/st/stm32cubeide_1.12.0/stm32cubeide/plugins/com.st.stm32cube.ide.mcu.externaltools.gnu-tools-for-stm32.10.3-2021.10.win32_1.0.200.202301161003/tools/bin/../lib/gcc/arm-none-eabi/10.3.1/thumb/v7e-m/nofp/crtend.o
 .bss           0x0000000000000000        0x0 c:/st/stm32cubeide_1.12.0/stm32cubeide/plugins/com.st.stm32cube.ide.mcu.externaltools.gnu-tools-for-stm32.10.3-2021.10.win32_1.0.200.202301161003/tools/bin/../lib/gcc/arm-none-eabi/10.3.1/thumb/v7e-m/nofp/crtend.o
 .rodata        0x0000000000000000       0x24 c:/st/stm32cubeide_1.12.0/stm32cubeide/plugins/com.st.stm32cube.ide.mcu.externaltools.gnu-tools-for-stm32.10.3-2021.10.win32_1.0.200.202301161003/tools/bin/../lib/gcc/arm-none-eabi/10.3.1/thumb/v7e-m/nofp/crtend.o
 .eh_frame      0x0000000000000000        0x4 c:/st/stm32cubeide_1.12.0/stm32cubeide/plugins/com.st.stm32cube.ide.mcu.externaltools.gnu-tools-for-stm32.10.3-2021.10.win32_1.0.200.202301161003/tools/bin/../lib/gcc/arm-none-eabi/10.3.1/thumb/v7e-m/nofp/crtend.o
 .ARM.attributes
                0x0000000000000000       0x2e c:/st/stm32cubeide_1.12.0/stm32cubeide/plugins/com.st.stm32cube.ide.mcu.externaltools.gnu-tools-for-stm32.10.3-2021.10.win32_1.0.200.202301161003/tools/bin/../lib/gcc/arm-none-eabi/10.3.1/thumb/v7e-m/nofp/crtend.o
 .text          0x0000000000000000        0x0 c:/st/stm32cubeide_1.12.0/stm32cubeide/plugins/com.st.stm32cube.ide.mcu.externaltools.gnu-tools-for-stm32.10.3-2021.10.win32_1.0.200.202301161003/tools/bin/../lib/gcc/arm-none-eabi/10.3.1/thumb/v7e-m/nofp/crtn.o
 .data          0x0000000000000000        0x0 c:/st/stm32cubeide_1.12.0/stm32cubeide/plugins/com.st.stm32cube.ide.mcu.externaltools.gnu-tools-for-stm32.10.3-2021.10.win32_1.0.200.202301161003/tools/bin/../lib/gcc/arm-none-eabi/10.3.1/thumb/v7e-m/nofp/crtn.o
 .bss           0x0000000000000000        0x0 c:/st/stm32cubeide_1.12.0/stm32cubeide/plugins/com.st.stm32cube.ide.mcu.externaltools.gnu-tools-for-stm32.10.3-2021.10.win32_1.0.200.202301161003/tools/bin/../lib/gcc/arm-none-eabi/10.3.1/thumb/v7e-m/nofp/crtn.o

Memory Configuration

Name             Origin             Length             Attributes
CCMRAM           0x0000000010000000 0x0000000000010000 xrw
RAM              0x0000000020000000 0x0000000000020000 xrw
FLASH            0x0000000008000000 0x0000000000100000 xr
*default*        0x0000000000000000 0xffffffffffffffff

Linker script and memory map

LOAD c:/st/stm32cubeide_1.12.0/stm32cubeide/plugins/com.st.stm32cube.ide.mcu.externaltools.gnu-tools-for-stm32.10.3-2021.10.win32_1.0.200.202301161003/tools/bin/../lib/gcc/arm-none-eabi/10.3.1/thumb/v7e-m/nofp/crti.o
LOAD c:/st/stm32cubeide_1.12.0/stm32cubeide/plugins/com.st.stm32cube.ide.mcu.externaltools.gnu-tools-for-stm32.10.3-2021.10.win32_1.0.200.202301161003/tools/bin/../lib/gcc/arm-none-eabi/10.3.1/thumb/v7e-m/nofp/crtbegin.o
LOAD c:/st/stm32cubeide_1.12.0/stm32cubeide/plugins/com.st.stm32cube.ide.mcu.externaltools.gnu-tools-for-stm32.10.3-2021.10.win32_1.0.200.202301161003/tools/bin/../lib/gcc/arm-none-eabi/10.3.1/../../../../arm-none-eabi/lib/thumb/v7e-m/nofp/crt0.o
LOAD ./MyDriversErdem/Src/EXTI.o
LOAD ./MyDriversErdem/Src/GPIO.o
LOAD ./MyDriversErdem/Src/RCC.o
LOAD ./MyDriversErdem/Src/SPI.o
LOAD ./MyDriversErdem/Src/USART.o
LOAD ./Src/main.o
LOAD ./Src/syscalls.o
LOAD ./Src/sysmem.o
LOAD ./Startup/startup_stm32f407vgtx.o
START GROUP
LOAD c:/st/stm32cubeide_1.12.0/stm32cubeide/plugins/com.st.stm32cube.ide.mcu.externaltools.gnu-tools-for-stm32.10.3-2021.10.win32_1.0.200.202301161003/tools/bin/../lib/gcc/arm-none-eabi/10.3.1/../../../../arm-none-eabi/lib/thumb/v7e-m/nofp\libc_nano.a
LOAD c:/st/stm32cubeide_1.12.0/stm32cubeide/plugins/com.st.stm32cube.ide.mcu.externaltools.gnu-tools-for-stm32.10.3-2021.10.win32_1.0.200.202301161003/tools/bin/../lib/gcc/arm-none-eabi/10.3.1/../../../../arm-none-eabi/lib/thumb/v7e-m/nofp\libm.a
END GROUP
START GROUP
LOAD c:/st/stm32cubeide_1.12.0/stm32cubeide/plugins/com.st.stm32cube.ide.mcu.externaltools.gnu-tools-for-stm32.10.3-2021.10.win32_1.0.200.202301161003/tools/bin/../lib/gcc/arm-none-eabi/10.3.1/thumb/v7e-m/nofp\libgcc.a
LOAD c:/st/stm32cubeide_1.12.0/stm32cubeide/plugins/com.st.stm32cube.ide.mcu.externaltools.gnu-tools-for-stm32.10.3-2021.10.win32_1.0.200.202301161003/tools/bin/../lib/gcc/arm-none-eabi/10.3.1/../../../../arm-none-eabi/lib/thumb/v7e-m/nofp\libc_nano.a
END GROUP
START GROUP
LOAD c:/st/stm32cubeide_1.12.0/stm32cubeide/plugins/com.st.stm32cube.ide.mcu.externaltools.gnu-tools-for-stm32.10.3-2021.10.win32_1.0.200.202301161003/tools/bin/../lib/gcc/arm-none-eabi/10.3.1/thumb/v7e-m/nofp\libgcc.a
LOAD c:/st/stm32cubeide_1.12.0/stm32cubeide/plugins/com.st.stm32cube.ide.mcu.externaltools.gnu-tools-for-stm32.10.3-2021.10.win32_1.0.200.202301161003/tools/bin/../lib/gcc/arm-none-eabi/10.3.1/../../../../arm-none-eabi/lib/thumb/v7e-m/nofp\libc_nano.a
LOAD c:/st/stm32cubeide_1.12.0/stm32cubeide/plugins/com.st.stm32cube.ide.mcu.externaltools.gnu-tools-for-stm32.10.3-2021.10.win32_1.0.200.202301161003/tools/bin/../lib/gcc/arm-none-eabi/10.3.1/../../../../arm-none-eabi/lib/thumb/v7e-m/nofp\libnosys.a
END GROUP
START GROUP
LOAD c:/st/stm32cubeide_1.12.0/stm32cubeide/plugins/com.st.stm32cube.ide.mcu.externaltools.gnu-tools-for-stm32.10.3-2021.10.win32_1.0.200.202301161003/tools/bin/../lib/gcc/arm-none-eabi/10.3.1/thumb/v7e-m/nofp\libgcc.a
LOAD c:/st/stm32cubeide_1.12.0/stm32cubeide/plugins/com.st.stm32cube.ide.mcu.externaltools.gnu-tools-for-stm32.10.3-2021.10.win32_1.0.200.202301161003/tools/bin/../lib/gcc/arm-none-eabi/10.3.1/../../../../arm-none-eabi/lib/thumb/v7e-m/nofp\libc_nano.a
LOAD c:/st/stm32cubeide_1.12.0/stm32cubeide/plugins/com.st.stm32cube.ide.mcu.externaltools.gnu-tools-for-stm32.10.3-2021.10.win32_1.0.200.202301161003/tools/bin/../lib/gcc/arm-none-eabi/10.3.1/../../../../arm-none-eabi/lib/thumb/v7e-m/nofp\libnosys.a
END GROUP
LOAD c:/st/stm32cubeide_1.12.0/stm32cubeide/plugins/com.st.stm32cube.ide.mcu.externaltools.gnu-tools-for-stm32.10.3-2021.10.win32_1.0.200.202301161003/tools/bin/../lib/gcc/arm-none-eabi/10.3.1/thumb/v7e-m/nofp/crtend.o
LOAD c:/st/stm32cubeide_1.12.0/stm32cubeide/plugins/com.st.stm32cube.ide.mcu.externaltools.gnu-tools-for-stm32.10.3-2021.10.win32_1.0.200.202301161003/tools/bin/../lib/gcc/arm-none-eabi/10.3.1/thumb/v7e-m/nofp/crtn.o
                0x0000000020020000                _estack = (ORIGIN (RAM) + LENGTH (RAM))
                0x0000000000000200                _Min_Heap_Size = 0x200
                0x0000000000000400                _Min_Stack_Size = 0x400

.isr_vector     0x0000000008000000      0x1a8
                0x0000000008000000                . = ALIGN (0x4)
 *(.isr_vector)
 .isr_vector    0x0000000008000000      0x1a8 ./Startup/startup_stm32f407vgtx.o
                0x0000000008000000                g_pfnVectors
                0x00000000080001a8                . = ALIGN (0x4)

.text           0x00000000080001a8      0x714
                0x00000000080001a8                . = ALIGN (0x4)
 *(.text)
 .text          0x00000000080001a8       0x40 c:/st/stm32cubeide_1.12.0/stm32cubeide/plugins/com.st.stm32cube.ide.mcu.externaltools.gnu-tools-for-stm32.10.3-2021.10.win32_1.0.200.202301161003/tools/bin/../lib/gcc/arm-none-eabi/10.3.1/thumb/v7e-m/nofp/crtbegin.o
 *(.text*)
 .text.EXTI_Init
                0x00000000080001e8      0x120 ./MyDriversErdem/Src/EXTI.o
                0x00000000080001e8                EXTI_Init
 .text.EXTI_LineConfig
                0x0000000008000308       0x64 ./MyDriversErdem/Src/EXTI.o
                0x0000000008000308                EXTI_LineConfig
 .text.NVIC_EnableInterrupt
                0x000000000800036c       0x66 ./MyDriversErdem/Src/EXTI.o
                0x000000000800036c                NVIC_EnableInterrupt
 .text.GPIO_Init
                0x00000000080003d2      0x164 ./MyDriversErdem/Src/GPIO.o
                0x00000000080003d2                GPIO_Init
 .text.SPI_Init
                0x0000000008000536       0x5a ./MyDriversErdem/Src/SPI.o
                0x0000000008000536                SPI_Init
 .text.SPI_PeriphCmd
                0x0000000008000590       0x3e ./MyDriversErdem/Src/SPI.o
                0x0000000008000590                SPI_PeriphCmd
 .text.SPI_InterruptHandler
                0x00000000080005ce       0x78 ./MyDriversErdem/Src/SPI.o
                0x00000000080005ce                SPI_InterruptHandler
 *fill*         0x0000000008000646        0x2 
 .text.SPI1_IRQHandler
                0x0000000008000648       0x14 ./Src/main.o
                0x0000000008000648                SPI1_IRQHandler
 .text.main     0x000000000800065c       0x16 ./Src/main.o
                0x000000000800065c                main
 *fill*         0x0000000008000672        0x2 
 .text.GPIO_LedConfig
                0x0000000008000674       0x68 ./Src/main.o
 .text.GPIO_ButtonInterruptConfig
                0x00000000080006dc       0x58 ./Src/main.o
 .text.SPI_Config
                0x0000000008000734       0x80 ./Src/main.o
 .text.SPI_GPIO_Config
                0x00000000080007b4       0x44 ./Src/main.o
 .text.Reset_Handler
                0x00000000080007f8       0x50 ./Startup/startup_stm32f407vgtx.o
                0x00000000080007f8                Reset_Handler
 .text.Default_Handler
                0x0000000008000848        0x2 ./Startup/startup_stm32f407vgtx.o
                0x0000000008000848                RTC_Alarm_IRQHandler
                0x0000000008000848                HASH_RNG_IRQHandler
                0x0000000008000848                EXTI2_IRQHandler
                0x0000000008000848                TIM8_CC_IRQHandler
                0x0000000008000848                DebugMon_Handler
                0x0000000008000848                TIM1_CC_IRQHandler
                0x0000000008000848                DMA2_Stream5_IRQHandler
                0x0000000008000848                HardFault_Handler
                0x0000000008000848                DMA1_Stream5_IRQHandler
                0x0000000008000848                SysTick_Handler
                0x0000000008000848                PVD_IRQHandler
                0x0000000008000848                SDIO_IRQHandler
                0x0000000008000848                TAMP_STAMP_IRQHandler
                0x0000000008000848                PendSV_Handler
                0x0000000008000848                NMI_Handler
                0x0000000008000848                CAN2_RX1_IRQHandler
                0x0000000008000848                EXTI3_IRQHandler
                0x0000000008000848                TIM8_TRG_COM_TIM14_IRQHandler
                0x0000000008000848                TIM1_UP_TIM10_IRQHandler
                0x0000000008000848                TIM8_UP_TIM13_IRQHandler
                0x0000000008000848                I2C3_ER_IRQHandler
                0x0000000008000848                LCD_TFT_IRQHandler
                0x0000000008000848                EXTI0_IRQHandler
                0x0000000008000848                I2C2_EV_IRQHandler
                0x0000000008000848                DMA1_Stream2_IRQHandler
                0x0000000008000848                CAN1_RX0_IRQHandler
                0x0000000008000848                FPU_IRQHandler
                0x0000000008000848                OTG_HS_WKUP_IRQHandler
                0x0000000008000848                UsageFault_Handler
                0x0000000008000848                CAN2_SCE_IRQHandler
                0x0000000008000848                DMA2_Stream2_IRQHandler
                0x0000000008000848                TIM6_DAC_IRQHandler
                0x0000000008000848                TIM1_BRK_TIM9_IRQHandler
                0x0000000008000848                DCMI_IRQHandler
                0x0000000008000848                CAN2_RX0_IRQHandler
                0x0000000008000848                DMA2_Stream3_IRQHandler
                0x0000000008000848                USART6_IRQHandler
                0x0000000008000848                USART3_IRQHandler
                0x0000000008000848                CRYP_IRQHandler
                0x0000000008000848                CAN1_RX1_IRQHandler
                0x0000000008000848                UART5_IRQHandler
                0x0000000008000848                DMA2_Stream0_IRQHandler
                0x0000000008000848                TIM4_IRQHandler
                0x0000000008000848                I2C1_EV_IRQHandler
                0x0000000008000848                DMA1_Stream6_IRQHandler
                0x0000000008000848                DMA1_Stream1_IRQHandler
                0x0000000008000848                UART4_IRQHandler
                0x0000000008000848                LCD_TFT_1_IRQHandler
                0x0000000008000848                TIM3_IRQHandler
                0x0000000008000848                RCC_IRQHandler
                0x0000000008000848                TIM8_BRK_TIM12_IRQHandler
                0x0000000008000848                Default_Handler
                0x0000000008000848                EXTI15_10_IRQHandler
                0x0000000008000848                ADC_IRQHandler
                0x0000000008000848                DMA1_Stream7_IRQHandler
                0x0000000008000848                TIM7_IRQHandler
                0x0000000008000848                CAN2_TX_IRQHandler
                0x0000000008000848                TIM5_IRQHandler
                0x0000000008000848                DMA2_Stream7_IRQHandler
                0x0000000008000848                I2C3_EV_IRQHandler
                0x0000000008000848                EXTI9_5_IRQHandler
                0x0000000008000848                RTC_WKUP_IRQHandler
                0x0000000008000848                ETH_WKUP_IRQHandler
                0x0000000008000848                SPI2_IRQHandler
                0x0000000008000848                OTG_HS_EP1_IN_IRQHandler
                0x0000000008000848                MemManage_Handler
                0x0000000008000848                DMA1_Stream0_IRQHandler
                0x0000000008000848                CAN1_TX_IRQHandler
                0x0000000008000848                SVC_Handler
                0x0000000008000848                EXTI4_IRQHandler
                0x0000000008000848                FSMC_IRQHandler
                0x0000000008000848                ETH_IRQHandler
                0x0000000008000848                OTG_HS_EP1_OUT_IRQHandler
                0x0000000008000848                WWDG_IRQHandler
                0x0000000008000848                TIM2_IRQHandler
                0x0000000008000848                OTG_FS_WKUP_IRQHandler
                0x0000000008000848                TIM1_TRG_COM_TIM11_IRQHandler
                0x0000000008000848                OTG_HS_IRQHandler
                0x0000000008000848                EXTI1_IRQHandler
                0x0000000008000848                USART2_IRQHandler
                0x0000000008000848                I2C2_ER_IRQHandler
                0x0000000008000848                DMA2_Stream1_IRQHandler
                0x0000000008000848                CAN1_SCE_IRQHandler
                0x0000000008000848                DMA2_Stream4_IRQHandler
                0x0000000008000848                BusFault_Handler
                0x0000000008000848                USART1_IRQHandler
                0x0000000008000848                OTG_FS_IRQHandler
                0x0000000008000848                SPI3_IRQHandler
                0x0000000008000848                DMA1_Stream4_IRQHandler
                0x0000000008000848                I2C1_ER_IRQHandler
                0x0000000008000848                DMA2_Stream6_IRQHandler
                0x0000000008000848                DMA1_Stream3_IRQHandler
 *fill*         0x000000000800084a        0x2 
 .text.__libc_init_array
                0x000000000800084c       0x48 c:/st/stm32cubeide_1.12.0/stm32cubeide/plugins/com.st.stm32cube.ide.mcu.externaltools.gnu-tools-for-stm32.10.3-2021.10.win32_1.0.200.202301161003/tools/bin/../lib/gcc/arm-none-eabi/10.3.1/../../../../arm-none-eabi/lib/thumb/v7e-m/nofp\libc_nano.a(lib_a-init.o)
                0x000000000800084c                __libc_init_array
 .text.memset   0x0000000008000894       0x10 c:/st/stm32cubeide_1.12.0/stm32cubeide/plugins/com.st.stm32cube.ide.mcu.externaltools.gnu-tools-for-stm32.10.3-2021.10.win32_1.0.200.202301161003/tools/bin/../lib/gcc/arm-none-eabi/10.3.1/../../../../arm-none-eabi/lib/thumb/v7e-m/nofp\libc_nano.a(lib_a-memset.o)
                0x0000000008000894                memset
 *(.glue_7)
 .glue_7        0x00000000080008a4        0x0 linker stubs
 *(.glue_7t)
 .glue_7t       0x00000000080008a4        0x0 linker stubs
 *(.eh_frame)
 .eh_frame      0x00000000080008a4        0x0 c:/st/stm32cubeide_1.12.0/stm32cubeide/plugins/com.st.stm32cube.ide.mcu.externaltools.gnu-tools-for-stm32.10.3-2021.10.win32_1.0.200.202301161003/tools/bin/../lib/gcc/arm-none-eabi/10.3.1/thumb/v7e-m/nofp/crtbegin.o
 *(.init)
 .init          0x00000000080008a4        0x4 c:/st/stm32cubeide_1.12.0/stm32cubeide/plugins/com.st.stm32cube.ide.mcu.externaltools.gnu-tools-for-stm32.10.3-2021.10.win32_1.0.200.202301161003/tools/bin/../lib/gcc/arm-none-eabi/10.3.1/thumb/v7e-m/nofp/crti.o
                0x00000000080008a4                _init
 .init          0x00000000080008a8        0x8 c:/st/stm32cubeide_1.12.0/stm32cubeide/plugins/com.st.stm32cube.ide.mcu.externaltools.gnu-tools-for-stm32.10.3-2021.10.win32_1.0.200.202301161003/tools/bin/../lib/gcc/arm-none-eabi/10.3.1/thumb/v7e-m/nofp/crtn.o
 *(.fini)
 .fini          0x00000000080008b0        0x4 c:/st/stm32cubeide_1.12.0/stm32cubeide/plugins/com.st.stm32cube.ide.mcu.externaltools.gnu-tools-for-stm32.10.3-2021.10.win32_1.0.200.202301161003/tools/bin/../lib/gcc/arm-none-eabi/10.3.1/thumb/v7e-m/nofp/crti.o
                0x00000000080008b0                _fini
 .fini          0x00000000080008b4        0x8 c:/st/stm32cubeide_1.12.0/stm32cubeide/plugins/com.st.stm32cube.ide.mcu.externaltools.gnu-tools-for-stm32.10.3-2021.10.win32_1.0.200.202301161003/tools/bin/../lib/gcc/arm-none-eabi/10.3.1/thumb/v7e-m/nofp/crtn.o
                0x00000000080008bc                . = ALIGN (0x4)
                0x00000000080008bc                _etext = .

.vfp11_veneer   0x00000000080008bc        0x0
 .vfp11_veneer  0x00000000080008bc        0x0 linker stubs

.v4_bx          0x00000000080008bc        0x0
 .v4_bx         0x00000000080008bc        0x0 linker stubs

.iplt           0x00000000080008bc        0x0
 .iplt          0x00000000080008bc        0x0 c:/st/stm32cubeide_1.12.0/stm32cubeide/plugins/com.st.stm32cube.ide.mcu.externaltools.gnu-tools-for-stm32.10.3-2021.10.win32_1.0.200.202301161003/tools/bin/../lib/gcc/arm-none-eabi/10.3.1/thumb/v7e-m/nofp/crtbegin.o

.rel.dyn        0x00000000080008bc        0x0
 .rel.iplt      0x00000000080008bc        0x0 c:/st/stm32cubeide_1.12.0/stm32cubeide/plugins/com.st.stm32cube.ide.mcu.externaltools.gnu-tools-for-stm32.10.3-2021.10.win32_1.0.200.202301161003/tools/bin/../lib/gcc/arm-none-eabi/10.3.1/thumb/v7e-m/nofp/crtbegin.o

.rodata         0x00000000080008bc        0x0
                0x00000000080008bc                . = ALIGN (0x4)
 *(.rodata)
 *(.rodata*)
                0x00000000080008bc                . = ALIGN (0x4)

.ARM.extab      0x00000000080008bc        0x0
                0x00000000080008bc                . = ALIGN (0x4)
 *(.ARM.extab* .gnu.linkonce.armextab.*)
                0x00000000080008bc                . = ALIGN (0x4)

.ARM            0x00000000080008bc        0x0
                0x00000000080008bc                . = ALIGN (0x4)
                0x00000000080008bc                __exidx_start = .
 *(.ARM.exidx*)
                0x00000000080008bc                __exidx_end = .
                0x00000000080008bc                . = ALIGN (0x4)

.preinit_array  0x00000000080008bc        0x0
                0x00000000080008bc                . = ALIGN (0x4)
                0x00000000080008bc                PROVIDE (__preinit_array_start = .)
 *(.preinit_array*)
                0x00000000080008bc                PROVIDE (__preinit_array_end = .)
                0x00000000080008bc                . = ALIGN (0x4)

.init_array     0x00000000080008bc        0x4
                0x00000000080008bc                . = ALIGN (0x4)
                0x00000000080008bc                PROVIDE (__init_array_start = .)
 *(SORT_BY_NAME(.init_array.*))
 *(.init_array*)
 .init_array    0x00000000080008bc        0x4 c:/st/stm32cubeide_1.12.0/stm32cubeide/plugins/com.st.stm32cube.ide.mcu.externaltools.gnu-tools-for-stm32.10.3-2021.10.win32_1.0.200.202301161003/tools/bin/../lib/gcc/arm-none-eabi/10.3.1/thumb/v7e-m/nofp/crtbegin.o
                0x00000000080008c0                PROVIDE (__init_array_end = .)
                0x00000000080008c0                . = ALIGN (0x4)

.fini_array     0x00000000080008c0        0x4
                0x00000000080008c0                . = ALIGN (0x4)
                [!provide]                        PROVIDE (__fini_array_start = .)
 *(SORT_BY_NAME(.fini_array.*))
 *(.fini_array*)
 .fini_array    0x00000000080008c0        0x4 c:/st/stm32cubeide_1.12.0/stm32cubeide/plugins/com.st.stm32cube.ide.mcu.externaltools.gnu-tools-for-stm32.10.3-2021.10.win32_1.0.200.202301161003/tools/bin/../lib/gcc/arm-none-eabi/10.3.1/thumb/v7e-m/nofp/crtbegin.o
                [!provide]                        PROVIDE (__fini_array_end = .)
                0x00000000080008c4                . = ALIGN (0x4)
                0x00000000080008c4                _sidata = LOADADDR (.data)

.data           0x0000000020000000        0x0 load address 0x00000000080008c4
                0x0000000020000000                . = ALIGN (0x4)
                0x0000000020000000                _sdata = .
 *(.data)
 *(.data*)
 *(.RamFunc)
 *(.RamFunc*)
                0x0000000020000000                . = ALIGN (0x4)
                0x0000000020000000                _edata = .
                0x00000000080008c4                _siccmram = LOADADDR (.ccmram)

.igot.plt       0x0000000020000000        0x0 load address 0x00000000080008c4
 .igot.plt      0x0000000020000000        0x0 c:/st/stm32cubeide_1.12.0/stm32cubeide/plugins/com.st.stm32cube.ide.mcu.externaltools.gnu-tools-for-stm32.10.3-2021.10.win32_1.0.200.202301161003/tools/bin/../lib/gcc/arm-none-eabi/10.3.1/thumb/v7e-m/nofp/crtbegin.o

.ccmram         0x0000000010000000        0x0 load address 0x00000000080008c4
                0x0000000010000000                . = ALIGN (0x4)
                0x0000000010000000                _sccmram = .
 *(.ccmram)
 *(.ccmram*)
                0x0000000010000000                . = ALIGN (0x4)
                0x0000000010000000                _eccmram = .
                0x0000000010000000                . = ALIGN (0x4)

.bss            0x0000000020000000       0x5c
                0x0000000020000000                _sbss = .
                0x0000000020000000                __bss_start__ = _sbss
 *(.bss)
 .bss           0x0000000020000000       0x1c c:/st/stm32cubeide_1.12.0/stm32cubeide/plugins/com.st.stm32cube.ide.mcu.externaltools.gnu-tools-for-stm32.10.3-2021.10.win32_1.0.200.202301161003/tools/bin/../lib/gcc/arm-none-eabi/10.3.1/thumb/v7e-m/nofp/crtbegin.o
 *(.bss*)
 .bss.SPI_Handle
                0x000000002000001c       0x40 ./Src/main.o
                0x000000002000001c                SPI_Handle
 *(COMMON)
                0x000000002000005c                . = ALIGN (0x4)
                0x000000002000005c                _ebss = .
                0x000000002000005c                __bss_end__ = _ebss

._user_heap_stack
                0x000000002000005c      0x604
                0x0000000020000060                . = ALIGN (0x8)
 *fill*         0x000000002000005c        0x4 
                [!provide]                        PROVIDE (end = .)
                0x0000000020000060                PROVIDE (_end = .)
                0x0000000020000260                . = (. + _Min_Heap_Size)
 *fill*         0x0000000020000060      0x200 
                0x0000000020000660                . = (. + _Min_Stack_Size)
 *fill*         0x0000000020000260      0x400 
                0x0000000020000660                . = ALIGN (0x8)

/DISCARD/
 libc.a(*)
 libm.a(*)
 libgcc.a(*)

.ARM.attributes
                0x0000000000000000       0x2a
 *(.ARM.attributes)
 .ARM.attributes
                0x0000000000000000       0x1e c:/st/stm32cubeide_1.12.0/stm32cubeide/plugins/com.st.stm32cube.ide.mcu.externaltools.gnu-tools-for-stm32.10.3-2021.10.win32_1.0.200.202301161003/tools/bin/../lib/gcc/arm-none-eabi/10.3.1/thumb/v7e-m/nofp/crti.o
 .ARM.attributes
                0x000000000000001e       0x2e c:/st/stm32cubeide_1.12.0/stm32cubeide/plugins/com.st.stm32cube.ide.mcu.externaltools.gnu-tools-for-stm32.10.3-2021.10.win32_1.0.200.202301161003/tools/bin/../lib/gcc/arm-none-eabi/10.3.1/thumb/v7e-m/nofp/crtbegin.o
 .ARM.attributes
                0x000000000000004c       0x2e ./MyDriversErdem/Src/EXTI.o
 .ARM.attributes
                0x000000000000007a       0x2e ./MyDriversErdem/Src/GPIO.o
 .ARM.attributes
                0x00000000000000a8       0x2e ./MyDriversErdem/Src/SPI.o
 .ARM.attributes
                0x00000000000000d6       0x2e ./Src/main.o
 .ARM.attributes
                0x0000000000000104       0x21 ./Startup/startup_stm32f407vgtx.o
 .ARM.attributes
                0x0000000000000125       0x2e c:/st/stm32cubeide_1.12.0/stm32cubeide/plugins/com.st.stm32cube.ide.mcu.externaltools.gnu-tools-for-stm32.10.3-2021.10.win32_1.0.200.202301161003/tools/bin/../lib/gcc/arm-none-eabi/10.3.1/../../../../arm-none-eabi/lib/thumb/v7e-m/nofp\libc_nano.a(lib_a-init.o)
 .ARM.attributes
                0x0000000000000153       0x2e c:/st/stm32cubeide_1.12.0/stm32cubeide/plugins/com.st.stm32cube.ide.mcu.externaltools.gnu-tools-for-stm32.10.3-2021.10.win32_1.0.200.202301161003/tools/bin/../lib/gcc/arm-none-eabi/10.3.1/../../../../arm-none-eabi/lib/thumb/v7e-m/nofp\libc_nano.a(lib_a-memset.o)
 .ARM.attributes
                0x0000000000000181       0x1e c:/st/stm32cubeide_1.12.0/stm32cubeide/plugins/com.st.stm32cube.ide.mcu.externaltools.gnu-tools-for-stm32.10.3-2021.10.win32_1.0.200.202301161003/tools/bin/../lib/gcc/arm-none-eabi/10.3.1/thumb/v7e-m/nofp/crtn.o
OUTPUT(DriverDevelopment.elf elf32-littlearm)
LOAD linker stubs
LOAD c:/st/stm32cubeide_1.12.0/stm32cubeide/plugins/com.st.stm32cube.ide.mcu.externaltools.gnu-tools-for-stm32.10.3-2021.10.win32_1.0.200.202301161003/tools/bin/../lib/gcc/arm-none-eabi/10.3.1/../../../../arm-none-eabi/lib/thumb/v7e-m/nofp\libc.a
LOAD c:/st/stm32cubeide_1.12.0/stm32cubeide/plugins/com.st.stm32cube.ide.mcu.externaltools.gnu-tools-for-stm32.10.3-2021.10.win32_1.0.200.202301161003/tools/bin/../lib/gcc/arm-none-eabi/10.3.1/../../../../arm-none-eabi/lib/thumb/v7e-m/nofp\libm.a
LOAD c:/st/stm32cubeide_1.12.0/stm32cubeide/plugins/com.st.stm32cube.ide.mcu.externaltools.gnu-tools-for-stm32.10.3-2021.10.win32_1.0.200.202301161003/tools/bin/../lib/gcc/arm-none-eabi/10.3.1/thumb/v7e-m/nofp\libgcc.a

.debug_info     0x0000000000000000     0x14f5
 .debug_info    0x0000000000000000      0x2d3 ./MyDriversErdem/Src/EXTI.o
 .debug_info    0x00000000000002d3      0x379 ./MyDriversErdem/Src/GPIO.o
 .debug_info    0x000000000000064c      0x613 ./MyDriversErdem/Src/SPI.o
 .debug_info    0x0000000000000c5f      0x874 ./Src/main.o
 .debug_info    0x00000000000014d3       0x22 ./Startup/startup_stm32f407vgtx.o

.debug_abbrev   0x0000000000000000      0x567
 .debug_abbrev  0x0000000000000000       0xe9 ./MyDriversErdem/Src/EXTI.o
 .debug_abbrev  0x00000000000000e9      0x110 ./MyDriversErdem/Src/GPIO.o
 .debug_abbrev  0x00000000000001f9      0x1bc ./MyDriversErdem/Src/SPI.o
 .debug_abbrev  0x00000000000003b5      0x1a0 ./Src/main.o
 .debug_abbrev  0x0000000000000555       0x12 ./Startup/startup_stm32f407vgtx.o

.debug_aranges  0x0000000000000000      0x170
 .debug_aranges
                0x0000000000000000       0x30 ./MyDriversErdem/Src/EXTI.o
 .debug_aranges
                0x0000000000000030       0x40 ./MyDriversErdem/Src/GPIO.o
 .debug_aranges
                0x0000000000000070       0x88 ./MyDriversErdem/Src/SPI.o
 .debug_aranges
                0x00000000000000f8       0x50 ./Src/main.o
 .debug_aranges
                0x0000000000000148       0x28 ./Startup/startup_stm32f407vgtx.o

.debug_ranges   0x0000000000000000      0x128
 .debug_ranges  0x0000000000000000       0x20 ./MyDriversErdem/Src/EXTI.o
 .debug_ranges  0x0000000000000020       0x30 ./MyDriversErdem/Src/GPIO.o
 .debug_ranges  0x0000000000000050       0x78 ./MyDriversErdem/Src/SPI.o
 .debug_ranges  0x00000000000000c8       0x40 ./Src/main.o
 .debug_ranges  0x0000000000000108       0x20 ./Startup/startup_stm32f407vgtx.o

.debug_macro    0x0000000000000000     0x2594
 .debug_macro   0x0000000000000000      0x18f ./MyDriversErdem/Src/EXTI.o
 .debug_macro   0x000000000000018f      0xa78 ./MyDriversErdem/Src/EXTI.o
 .debug_macro   0x0000000000000c07       0x22 ./MyDriversErdem/Src/EXTI.o
 .debug_macro   0x0000000000000c29       0x8e ./MyDriversErdem/Src/EXTI.o
 .debug_macro   0x0000000000000cb7       0x51 ./MyDriversErdem/Src/EXTI.o
 .debug_macro   0x0000000000000d08      0x103 ./MyDriversErdem/Src/EXTI.o
 .debug_macro   0x0000000000000e0b       0x6a ./MyDriversErdem/Src/EXTI.o
 .debug_macro   0x0000000000000e75      0x1df ./MyDriversErdem/Src/EXTI.o
 .debug_macro   0x0000000000001054       0x52 ./MyDriversErdem/Src/EXTI.o
 .debug_macro   0x00000000000010a6       0x18 ./MyDriversErdem/Src/EXTI.o
 .debug_macro   0x00000000000010be       0x3c ./MyDriversErdem/Src/EXTI.o
 .debug_macro   0x00000000000010fa       0x34 ./MyDriversErdem/Src/EXTI.o
 .debug_macro   0x000000000000112e      0x174 ./MyDriversErdem/Src/EXTI.o
 .debug_macro   0x00000000000012a2       0x16 ./MyDriversErdem/Src/EXTI.o
 .debug_macro   0x00000000000012b8       0x43 ./MyDriversErdem/Src/EXTI.o
 .debug_macro   0x00000000000012fb       0x34 ./MyDriversErdem/Src/EXTI.o
 .debug_macro   0x000000000000132f       0x10 ./MyDriversErdem/Src/EXTI.o
 .debug_macro   0x000000000000133f       0x58 ./MyDriversErdem/Src/EXTI.o
 .debug_macro   0x0000000000001397       0x71 ./MyDriversErdem/Src/EXTI.o
 .debug_macro   0x0000000000001408       0x1c ./MyDriversErdem/Src/EXTI.o
 .debug_macro   0x0000000000001424      0x12a ./MyDriversErdem/Src/EXTI.o
 .debug_macro   0x000000000000154e      0x341 ./MyDriversErdem/Src/EXTI.o
 .debug_macro   0x000000000000188f       0x10 ./MyDriversErdem/Src/EXTI.o
 .debug_macro   0x000000000000189f       0x35 ./MyDriversErdem/Src/EXTI.o
 .debug_macro   0x00000000000018d4       0x20 ./MyDriversErdem/Src/EXTI.o
 .debug_macro   0x00000000000018f4      0x25b ./MyDriversErdem/Src/EXTI.o
 .debug_macro   0x0000000000001b4f       0x5e ./MyDriversErdem/Src/EXTI.o
 .debug_macro   0x0000000000001bad      0x11e ./MyDriversErdem/Src/EXTI.o
 .debug_macro   0x0000000000001ccb       0x9a ./MyDriversErdem/Src/EXTI.o
 .debug_macro   0x0000000000001d65       0x76 ./MyDriversErdem/Src/EXTI.o
 .debug_macro   0x0000000000001ddb       0xb2 ./MyDriversErdem/Src/EXTI.o
 .debug_macro   0x0000000000001e8d      0x18f ./MyDriversErdem/Src/GPIO.o
 .debug_macro   0x000000000000201c       0xb8 ./MyDriversErdem/Src/GPIO.o
 .debug_macro   0x00000000000020d4      0x118 ./MyDriversErdem/Src/GPIO.o
 .debug_macro   0x00000000000021ec      0x18f ./MyDriversErdem/Src/SPI.o
 .debug_macro   0x000000000000237b       0x94 ./MyDriversErdem/Src/SPI.o
 .debug_macro   0x000000000000240f      0x185 ./Src/main.o

.debug_line     0x0000000000000000     0x1dc9
 .debug_line    0x0000000000000000      0x6bf ./MyDriversErdem/Src/EXTI.o
 .debug_line    0x00000000000006bf      0x706 ./MyDriversErdem/Src/GPIO.o
 .debug_line    0x0000000000000dc5      0x8f5 ./MyDriversErdem/Src/SPI.o
 .debug_line    0x00000000000016ba      0x68b ./Src/main.o
 .debug_line    0x0000000000001d45       0x84 ./Startup/startup_stm32f407vgtx.o

.debug_str      0x0000000000000000     0x98aa
 .debug_str     0x0000000000000000     0x9293 ./MyDriversErdem/Src/EXTI.o
                                       0x9490 (size before relaxing)
 .debug_str     0x0000000000009293      0x15a ./MyDriversErdem/Src/GPIO.o
                                       0x9451 (size before relaxing)
 .debug_str     0x00000000000093ed      0x2e4 ./MyDriversErdem/Src/SPI.o
                                       0x963a (size before relaxing)
 .debug_str     0x00000000000096d1      0x1a8 ./Src/main.o
                                       0x97bc (size before relaxing)
 .debug_str     0x0000000000009879       0x31 ./Startup/startup_stm32f407vgtx.o
                                         0x7b (size before relaxing)

.comment        0x0000000000000000       0x50
 .comment       0x0000000000000000       0x50 ./MyDriversErdem/Src/EXTI.o
                                         0x51 (size before relaxing)
 .comment       0x0000000000000050       0x51 ./MyDriversErdem/Src/GPIO.o
 .comment       0x0000000000000050       0x51 ./MyDriversErdem/Src/SPI.o
 .comment       0x0000000000000050       0x51 ./Src/main.o

.debug_frame    0x0000000000000000      0x4d0
 .debug_frame   0x0000000000000000       0x88 ./MyDriversErdem/Src/EXTI.o
 .debug_frame   0x0000000000000088       0xd8 ./MyDriversErdem/Src/GPIO.o
 .debug_frame   0x0000000000000160      0x224 ./MyDriversErdem/Src/SPI.o
 .debug_frame   0x0000000000000384      0x100 ./Src/main.o
 .debug_frame   0x0000000000000484       0x2c c:/st/stm32cubeide_1.12.0/stm32cubeide/plugins/com.st.stm32cube.ide.mcu.externaltools.gnu-tools-for-stm32.10.3-2021.10.win32_1.0.200.202301161003/tools/bin/../lib/gcc/arm-none-eabi/10.3.1/../../../../arm-none-eabi/lib/thumb/v7e-m/nofp\libc_nano.a(lib_a-init.o)
 .debug_frame   0x00000000000004b0       0x20 c:/st/stm32cubeide_1.12.0/stm32cubeide/plugins/com.st.stm32cube.ide.mcu.externaltools.gnu-tools-for-stm32.10.3-2021.10.win32_1.0.200.202301161003/tools/bin/../lib/gcc/arm-none-eabi/10.3.1/../../../../arm-none-eabi/lib/thumb/v7e-m/nofp\libc_nano.a(lib_a-memset.o)
