13:46:36 **** Incremental Build of configuration Debug for project DriverDevelopment ****
make -j8 all 
arm-none-eabi-gcc "../Src/main.c" -mcpu=cortex-m4 -std=gnu11 -g3 -DDEBUG -DSTM32 -DSTM32F407G_DISC1 -DSTM32F4 -DSTM32F407VGTx -c -I../Inc -I"C:/Users/LENOVO/Desktop/embedded/EmbeddedProjects/DriverDevelopment/MyDriversErdem/Inc" -O0 -ffunction-sections -fdata-sections -Wall -fstack-usage -fcyclomatic-complexity -MMD -MP -MF"Src/main.d" -MT"Src/main.o" --specs=nano.specs -mfloat-abi=soft -mthumb -o "Src/main.o"
arm-none-eabi-gcc -o "DriverDevelopment.elf" @"objects.list"   -mcpu=cortex-m4 -T"C:\Users\LENOVO\Desktop\embedded\EmbeddedProjects\DriverDevelopment\STM32F407VGTX_FLASH.ld" --specs=nosys.specs -Wl,-Map="DriverDevelopment.map" -Wl,--gc-sections -static --specs=nano.specs -mfloat-abi=soft -mthumb -Wl,--start-group -lc -lm -Wl,--end-group
Finished building target: DriverDevelopment.elf
 
arm-none-eabi-size   DriverDevelopment.elf 
arm-none-eabi-objdump -h -S  DriverDevelopment.elf  > "DriverDevelopment.list"
   text	   data	    bss	    dec	    hex	filename
    676	      8	   1568	   2252	    8cc	DriverDevelopment.elf
Finished building: default.size.stdout
 
Finished building: DriverDevelopment.list
 
16:29:59 **** Incremental Build of configuration Debug for project DriverDevelopment ****
make -j8 all 
arm-none-eabi-gcc "../Src/main.c" -mcpu=cortex-m4 -std=gnu11 -g3 -DDEBUG -DSTM32 -DSTM32F407G_DISC1 -DSTM32F4 -DSTM32F407VGTx -c -I../Inc -I"C:/Users/LENOVO/Desktop/embedded/EmbeddedProjects/DriverDevelopment/MyDriversErdem/Inc" -O0 -ffunction-sections -fdata-sections -Wall -fstack-usage -fcyclomatic-complexity -MMD -MP -MF"Src/main.d" -MT"Src/main.o" --specs=nano.specs -mfloat-abi=soft -mthumb -o "Src/main.o"
arm-none-eabi-gcc -o "DriverDevelopment.elf" @"objects.list"   -mcpu=cortex-m4 -T"C:\Users\LENOVO\Desktop\embedded\EmbeddedProjects\DriverDevelopment\STM32F407VGTX_FLASH.ld" --specs=nosys.specs -Wl,-Map="DriverDevelopment.map" -Wl,--gc-sections -static --specs=nano.specs -mfloat-abi=soft -mthumb -Wl,--start-group -lc -lm -Wl,--end-group
Finished building target: DriverDevelopment.elf
 
arm-none-eabi-size   DriverDevelopment.elf 
arm-none-eabi-objdump -h -S  DriverDevelopment.elf  > "DriverDevelopment.list"
   text	   data	    bss	    dec	    hex	filename
    676	      8	   1568	   2252	    8cc	DriverDevelopment.elf
Finished building: default.size.stdout
 
Finished building: DriverDevelopment.list
 
16:52:36 **** Incremental Build of configuration Debug for project DriverDevelopment ****
make -j8 all 
arm-none-eabi-gcc "../Src/main.c" -mcpu=cortex-m4 -std=gnu11 -g3 -DDEBUG -DSTM32 -DSTM32F407G_DISC1 -DSTM32F4 -DSTM32F407VGTx -c -I../Inc -I"C:/Users/LENOVO/Desktop/embedded/EmbeddedProjects/DriverDevelopment/MyDriversErdem/Inc" -O0 -ffunction-sections -fdata-sections -Wall -fstack-usage -fcyclomatic-complexity -MMD -MP -MF"Src/main.d" -MT"Src/main.o" --specs=nano.specs -mfloat-abi=soft -mthumb -o "Src/main.o"
arm-none-eabi-gcc -o "DriverDevelopment.elf" @"objects.list"   -mcpu=cortex-m4 -T"C:\Users\LENOVO\Desktop\embedded\EmbeddedProjects\DriverDevelopment\STM32F407VGTX_FLASH.ld" --specs=nosys.specs -Wl,-Map="DriverDevelopment.map" -Wl,--gc-sections -static --specs=nano.specs -mfloat-abi=soft -mthumb -Wl,--start-group -lc -lm -Wl,--end-group
Finished building target: DriverDevelopment.elf
 
arm-none-eabi-size   DriverDevelopment.elf 
arm-none-eabi-objdump -h -S  DriverDevelopment.elf  > "DriverDevelopment.list"
   text	   data	    bss	    dec	    hex	filename
    676	      8	   1568	   2252	    8cc	DriverDevelopment.elf
Finished building: default.size.stdout
 
Finished building: DriverDevelopment.list
 
16:57:08 **** Incremental Build of configuration Debug for project DriverDevelopment ****
make -j8 all 
arm-none-eabi-gcc "../MyDriversErdem/Src/RCC.c" -mcpu=cortex-m4 -std=gnu11 -g3 -DDEBUG -DSTM32 -DSTM32F407G_DISC1 -DSTM32F4 -DSTM32F407VGTx -c -I../Inc -I"C:/Users/LENOVO/Desktop/embedded/EmbeddedProjects/DriverDevelopment/MyDriversErdem/Inc" -O0 -ffunction-sections -fdata-sections -Wall -fstack-usage -fcyclomatic-complexity -MMD -MP -MF"MyDriversErdem/Src/RCC.d" -MT"MyDriversErdem/Src/RCC.o" --specs=nano.specs -mfloat-abi=soft -mthumb -o "MyDriversErdem/Src/RCC.o"
arm-none-eabi-gcc -o "DriverDevelopment.elf" @"objects.list"   -mcpu=cortex-m4 -T"C:\Users\LENOVO\Desktop\embedded\EmbeddedProjects\DriverDevelopment\STM32F407VGTX_FLASH.ld" --specs=nosys.specs -Wl,-Map="DriverDevelopment.map" -Wl,--gc-sections -static --specs=nano.specs -mfloat-abi=soft -mthumb -Wl,--start-group -lc -lm -Wl,--end-group
Finished building target: DriverDevelopment.elf
 
arm-none-eabi-size   DriverDevelopment.elf 
arm-none-eabi-objdump -h -S  DriverDevelopment.elf  > "DriverDevelopment.list"
   text	   data	    bss	    dec	    hex	filename
    676	      8	   1568	   2252	    8cc	DriverDevelopment.elf
Finished building: default.size.stdout
 
Finished building: DriverDevelopment.list
 
16:49:46 **** Incremental Build of configuration Debug for project DriverDevelopment ****
make -j8 all 
arm-none-eabi-gcc "../Src/main.c" -mcpu=cortex-m4 -std=gnu11 -g3 -DDEBUG -DSTM32 -DSTM32F407G_DISC1 -DSTM32F4 -DSTM32F407VGTx -c -I../Inc -I"C:/Users/LENOVO/Desktop/embedded/EmbeddedProjects/DriverDevelopment/MyDriversErdem/Inc" -O0 -ffunction-sections -fdata-sections -Wall -fstack-usage -fcyclomatic-complexity -MMD -MP -MF"Src/main.d" -MT"Src/main.o" --specs=nano.specs -mfloat-abi=soft -mthumb -o "Src/main.o"
arm-none-eabi-gcc "../MyDriversErdem/Src/RCC.c" -mcpu=cortex-m4 -std=gnu11 -g3 -DDEBUG -DSTM32 -DSTM32F407G_DISC1 -DSTM32F4 -DSTM32F407VGTx -c -I../Inc -I"C:/Users/LENOVO/Desktop/embedded/EmbeddedProjects/DriverDevelopment/MyDriversErdem/Inc" -O0 -ffunction-sections -fdata-sections -Wall -fstack-usage -fcyclomatic-complexity -MMD -MP -MF"MyDriversErdem/Src/RCC.d" -MT"MyDriversErdem/Src/RCC.o" --specs=nano.specs -mfloat-abi=soft -mthumb -o "MyDriversErdem/Src/RCC.o"
arm-none-eabi-gcc -o "DriverDevelopment.elf" @"objects.list"   -mcpu=cortex-m4 -T"C:\Users\LENOVO\Desktop\embedded\EmbeddedProjects\DriverDevelopment\STM32F407VGTX_FLASH.ld" --specs=nosys.specs -Wl,-Map="DriverDevelopment.map" -Wl,--gc-sections -static --specs=nano.specs -mfloat-abi=soft -mthumb -Wl,--start-group -lc -lm -Wl,--end-group
Finished building target: DriverDevelopment.elf
 
arm-none-eabi-size   DriverDevelopment.elf 
arm-none-eabi-objdump -h -S  DriverDevelopment.elf  > "DriverDevelopment.list"
   text	   data	    bss	    dec	    hex	filename
    676	      8	   1568	   2252	    8cc	DriverDevelopment.elf
Finished building: default.size.stdout
 
Finished building: DriverDevelopment.list
 
16:53:48 **** Incremental Build of configuration Debug for project DriverDevelopment ****
make -j8 all 
arm-none-eabi-gcc "../Src/main.c" -mcpu=cortex-m4 -std=gnu11 -g3 -DDEBUG -DSTM32 -DSTM32F407G_DISC1 -DSTM32F4 -DSTM32F407VGTx -c -I../Inc -I"C:/Users/LENOVO/Desktop/embedded/EmbeddedProjects/DriverDevelopment/MyDriversErdem/Inc" -O0 -ffunction-sections -fdata-sections -Wall -fstack-usage -fcyclomatic-complexity -MMD -MP -MF"Src/main.d" -MT"Src/main.o" --specs=nano.specs -mfloat-abi=soft -mthumb -o "Src/main.o"
arm-none-eabi-gcc "../MyDriversErdem/Src/RCC.c" -mcpu=cortex-m4 -std=gnu11 -g3 -DDEBUG -DSTM32 -DSTM32F407G_DISC1 -DSTM32F4 -DSTM32F407VGTx -c -I../Inc -I"C:/Users/LENOVO/Desktop/embedded/EmbeddedProjects/DriverDevelopment/MyDriversErdem/Inc" -O0 -ffunction-sections -fdata-sections -Wall -fstack-usage -fcyclomatic-complexity -MMD -MP -MF"MyDriversErdem/Src/RCC.d" -MT"MyDriversErdem/Src/RCC.o" --specs=nano.specs -mfloat-abi=soft -mthumb -o "MyDriversErdem/Src/RCC.o"
arm-none-eabi-gcc -o "DriverDevelopment.elf" @"objects.list"   -mcpu=cortex-m4 -T"C:\Users\LENOVO\Desktop\embedded\EmbeddedProjects\DriverDevelopment\STM32F407VGTX_FLASH.ld" --specs=nosys.specs -Wl,-Map="DriverDevelopment.map" -Wl,--gc-sections -static --specs=nano.specs -mfloat-abi=soft -mthumb -Wl,--start-group -lc -lm -Wl,--end-group
Finished building target: DriverDevelopment.elf
 
arm-none-eabi-size   DriverDevelopment.elf 
arm-none-eabi-objdump -h -S  DriverDevelopment.elf  > "DriverDevelopment.list"
   text	   data	    bss	    dec	    hex	filename
    676	      8	   1568	   2252	    8cc	DriverDevelopment.elf
Finished building: default.size.stdout
 
Finished building: DriverDevelopment.list
 
17:04:22 **** Incremental Build of configuration Debug for project DriverDevelopment ****
make -j8 all 
arm-none-eabi-gcc "../Src/main.c" -mcpu=cortex-m4 -std=gnu11 -g3 -DDEBUG -DSTM32 -DSTM32F407G_DISC1 -DSTM32F4 -DSTM32F407VGTx -c -I../Inc -I"C:/Users/LENOVO/Desktop/embedded/EmbeddedProjects/DriverDevelopment/MyDriversErdem/Inc" -O0 -ffunction-sections -fdata-sections -Wall -fstack-usage -fcyclomatic-complexity -MMD -MP -MF"Src/main.d" -MT"Src/main.o" --specs=nano.specs -mfloat-abi=soft -mthumb -o "Src/main.o"
arm-none-eabi-gcc "../MyDriversErdem/Src/RCC.c" -mcpu=cortex-m4 -std=gnu11 -g3 -DDEBUG -DSTM32 -DSTM32F407G_DISC1 -DSTM32F4 -DSTM32F407VGTx -c -I../Inc -I"C:/Users/LENOVO/Desktop/embedded/EmbeddedProjects/DriverDevelopment/MyDriversErdem/Inc" -O0 -ffunction-sections -fdata-sections -Wall -fstack-usage -fcyclomatic-complexity -MMD -MP -MF"MyDriversErdem/Src/RCC.d" -MT"MyDriversErdem/Src/RCC.o" --specs=nano.specs -mfloat-abi=soft -mthumb -o "MyDriversErdem/Src/RCC.o"
arm-none-eabi-gcc -o "DriverDevelopment.elf" @"objects.list"   -mcpu=cortex-m4 -T"C:\Users\LENOVO\Desktop\embedded\EmbeddedProjects\DriverDevelopment\STM32F407VGTX_FLASH.ld" --specs=nosys.specs -Wl,-Map="DriverDevelopment.map" -Wl,--gc-sections -static --specs=nano.specs -mfloat-abi=soft -mthumb -Wl,--start-group -lc -lm -Wl,--end-group
Finished building target: DriverDevelopment.elf
 
arm-none-eabi-size   DriverDevelopment.elf 
arm-none-eabi-objdump -h -S  DriverDevelopment.elf  > "DriverDevelopment.list"
   text	   data	    bss	    dec	    hex	filename
    676	      8	   1568	   2252	    8cc	DriverDevelopment.elf
Finished building: default.size.stdout
 
Finished building: DriverDevelopment.list
 
17:05:44 **** Incremental Build of configuration Debug for project DriverDevelopment ****
make -j8 all 
arm-none-eabi-gcc "../Src/main.c" -mcpu=cortex-m4 -std=gnu11 -g3 -DDEBUG -DSTM32 -DSTM32F407G_DISC1 -DSTM32F4 -DSTM32F407VGTx -c -I../Inc -I"C:/Users/LENOVO/Desktop/embedded/EmbeddedProjects/DriverDevelopment/MyDriversErdem/Inc" -O0 -ffunction-sections -fdata-sections -Wall -fstack-usage -fcyclomatic-complexity -MMD -MP -MF"Src/main.d" -MT"Src/main.o" --specs=nano.specs -mfloat-abi=soft -mthumb -o "Src/main.o"
../Src/main.c: In function 'main':
../Src/main.c:8:2: warning: implicit declaration of function 'RCC_GPIOA_CLK_ENABLE' [-Wimplicit-function-declaration]
    8 |  RCC_GPIOA_CLK_ENABLE();
      |  ^~~~~~~~~~~~~~~~~~~~
arm-none-eabi-gcc -o "DriverDevelopment.elf" @"objects.list"   -mcpu=cortex-m4 -T"C:\Users\LENOVO\Desktop\embedded\EmbeddedProjects\DriverDevelopment\STM32F407VGTX_FLASH.ld" --specs=nosys.specs -Wl,-Map="DriverDevelopment.map" -Wl,--gc-sections -static --specs=nano.specs -mfloat-abi=soft -mthumb -Wl,--start-group -lc -lm -Wl,--end-group
c:\st\stm32cubeide_1.12.0\stm32cubeide\plugins\com.st.stm32cube.ide.mcu.externaltools.gnu-tools-for-stm32.10.3-2021.10.win32_1.0.200.202301161003\tools\arm-none-eabi\bin\ld.exe: ./Src/main.o: in function `main':
C:/Users/LENOVO/Desktop/embedded/EmbeddedProjects/DriverDevelopment/Debug/../Src/main.c:8: undefined reference to `RCC_GPIOA_CLK_ENABLE'
collect2.exe: error: ld returned 1 exit status
make: *** [makefile:64: DriverDevelopment.elf] Error 1
"make -j8 all" terminated with exit code 2. Build might be incomplete.
17:06:36 **** Incremental Build of configuration Debug for project DriverDevelopment ****
make -j8 all 
arm-none-eabi-gcc "../Src/main.c" -mcpu=cortex-m4 -std=gnu11 -g3 -DDEBUG -DSTM32 -DSTM32F407G_DISC1 -DSTM32F4 -DSTM32F407VGTx -c -I../Inc -I"C:/Users/LENOVO/Desktop/embedded/EmbeddedProjects/DriverDevelopment/MyDriversErdem/Inc" -O0 -ffunction-sections -fdata-sections -Wall -fstack-usage -fcyclomatic-complexity -MMD -MP -MF"Src/main.d" -MT"Src/main.o" --specs=nano.specs -mfloat-abi=soft -mthumb -o "Src/main.o"
arm-none-eabi-gcc "../MyDriversErdem/Src/RCC.c" -mcpu=cortex-m4 -std=gnu11 -g3 -DDEBUG -DSTM32 -DSTM32F407G_DISC1 -DSTM32F4 -DSTM32F407VGTx -c -I../Inc -I"C:/Users/LENOVO/Desktop/embedded/EmbeddedProjects/DriverDevelopment/MyDriversErdem/Inc" -O0 -ffunction-sections -fdata-sections -Wall -fstack-usage -fcyclomatic-complexity -MMD -MP -MF"MyDriversErdem/Src/RCC.d" -MT"MyDriversErdem/Src/RCC.o" --specs=nano.specs -mfloat-abi=soft -mthumb -o "MyDriversErdem/Src/RCC.o"
arm-none-eabi-gcc -o "DriverDevelopment.elf" @"objects.list"   -mcpu=cortex-m4 -T"C:\Users\LENOVO\Desktop\embedded\EmbeddedProjects\DriverDevelopment\STM32F407VGTX_FLASH.ld" --specs=nosys.specs -Wl,-Map="DriverDevelopment.map" -Wl,--gc-sections -static --specs=nano.specs -mfloat-abi=soft -mthumb -Wl,--start-group -lc -lm -Wl,--end-group
Finished building target: DriverDevelopment.elf
 
arm-none-eabi-size   DriverDevelopment.elf 
arm-none-eabi-objdump -h -S  DriverDevelopment.elf  > "DriverDevelopment.list"
   text	   data	    bss	    dec	    hex	filename
    708	      8	   1568	   2284	    8ec	DriverDevelopment.elf
Finished building: default.size.stdout
 
Finished building: DriverDevelopment.list
 
17:23:25 **** Incremental Build of configuration Debug for project DriverDevelopment ****
make -j8 all 
arm-none-eabi-gcc "../Src/main.c" -mcpu=cortex-m4 -std=gnu11 -g3 -DDEBUG -DSTM32 -DSTM32F407G_DISC1 -DSTM32F4 -DSTM32F407VGTx -c -I../Inc -I"C:/Users/LENOVO/Desktop/embedded/EmbeddedProjects/DriverDevelopment/MyDriversErdem/Inc" -O0 -ffunction-sections -fdata-sections -Wall -fstack-usage -fcyclomatic-complexity -MMD -MP -MF"Src/main.d" -MT"Src/main.o" --specs=nano.specs -mfloat-abi=soft -mthumb -o "Src/main.o"
arm-none-eabi-gcc "../MyDriversErdem/Src/RCC.c" -mcpu=cortex-m4 -std=gnu11 -g3 -DDEBUG -DSTM32 -DSTM32F407G_DISC1 -DSTM32F4 -DSTM32F407VGTx -c -I../Inc -I"C:/Users/LENOVO/Desktop/embedded/EmbeddedProjects/DriverDevelopment/MyDriversErdem/Inc" -O0 -ffunction-sections -fdata-sections -Wall -fstack-usage -fcyclomatic-complexity -MMD -MP -MF"MyDriversErdem/Src/RCC.d" -MT"MyDriversErdem/Src/RCC.o" --specs=nano.specs -mfloat-abi=soft -mthumb -o "MyDriversErdem/Src/RCC.o"
arm-none-eabi-gcc -o "DriverDevelopment.elf" @"objects.list"   -mcpu=cortex-m4 -T"C:\Users\LENOVO\Desktop\embedded\EmbeddedProjects\DriverDevelopment\STM32F407VGTX_FLASH.ld" --specs=nosys.specs -Wl,-Map="DriverDevelopment.map" -Wl,--gc-sections -static --specs=nano.specs -mfloat-abi=soft -mthumb -Wl,--start-group -lc -lm -Wl,--end-group
Finished building target: DriverDevelopment.elf
 
arm-none-eabi-size   DriverDevelopment.elf 
arm-none-eabi-objdump -h -S  DriverDevelopment.elf  > "DriverDevelopment.list"
   text	   data	    bss	    dec	    hex	filename
    708	      8	   1568	   2284	    8ec	DriverDevelopment.elf
Finished building: default.size.stdout
 
Finished building: DriverDevelopment.list
 
17:57:45 **** Incremental Build of configuration Debug for project DriverDevelopment ****
make -j8 all 
arm-none-eabi-gcc "../Src/main.c" -mcpu=cortex-m4 -std=gnu11 -g3 -DDEBUG -DSTM32 -DSTM32F407G_DISC1 -DSTM32F4 -DSTM32F407VGTx -c -I../Inc -I"C:/Users/LENOVO/Desktop/embedded/EmbeddedProjects/DriverDevelopment/MyDriversErdem/Inc" -O0 -ffunction-sections -fdata-sections -Wall -fstack-usage -fcyclomatic-complexity -MMD -MP -MF"Src/main.d" -MT"Src/main.o" --specs=nano.specs -mfloat-abi=soft -mthumb -o "Src/main.o"
arm-none-eabi-gcc "../MyDriversErdem/Src/RCC.c" -mcpu=cortex-m4 -std=gnu11 -g3 -DDEBUG -DSTM32 -DSTM32F407G_DISC1 -DSTM32F4 -DSTM32F407VGTx -c -I../Inc -I"C:/Users/LENOVO/Desktop/embedded/EmbeddedProjects/DriverDevelopment/MyDriversErdem/Inc" -O0 -ffunction-sections -fdata-sections -Wall -fstack-usage -fcyclomatic-complexity -MMD -MP -MF"MyDriversErdem/Src/RCC.d" -MT"MyDriversErdem/Src/RCC.o" --specs=nano.specs -mfloat-abi=soft -mthumb -o "MyDriversErdem/Src/RCC.o"
arm-none-eabi-gcc -o "DriverDevelopment.elf" @"objects.list"   -mcpu=cortex-m4 -T"C:\Users\LENOVO\Desktop\embedded\EmbeddedProjects\DriverDevelopment\STM32F407VGTX_FLASH.ld" --specs=nosys.specs -Wl,-Map="DriverDevelopment.map" -Wl,--gc-sections -static --specs=nano.specs -mfloat-abi=soft -mthumb -Wl,--start-group -lc -lm -Wl,--end-group
Finished building target: DriverDevelopment.elf
 
arm-none-eabi-size   DriverDevelopment.elf 
arm-none-eabi-objdump -h -S  DriverDevelopment.elf  > "DriverDevelopment.list"
   text	   data	    bss	    dec	    hex	filename
    708	      8	   1568	   2284	    8ec	DriverDevelopment.elf
Finished building: default.size.stdout
 
Finished building: DriverDevelopment.list
 
17:59:19 **** Incremental Build of configuration Debug for project DriverDevelopment ****
make -j8 all 
arm-none-eabi-gcc "../Src/main.c" -mcpu=cortex-m4 -std=gnu11 -g3 -DDEBUG -DSTM32 -DSTM32F407G_DISC1 -DSTM32F4 -DSTM32F407VGTx -c -I../Inc -I"C:/Users/LENOVO/Desktop/embedded/EmbeddedProjects/DriverDevelopment/MyDriversErdem/Inc" -O0 -ffunction-sections -fdata-sections -Wall -fstack-usage -fcyclomatic-complexity -MMD -MP -MF"Src/main.d" -MT"Src/main.o" --specs=nano.specs -mfloat-abi=soft -mthumb -o "Src/main.o"
arm-none-eabi-gcc "../MyDriversErdem/Src/RCC.c" -mcpu=cortex-m4 -std=gnu11 -g3 -DDEBUG -DSTM32 -DSTM32F407G_DISC1 -DSTM32F4 -DSTM32F407VGTx -c -I../Inc -I"C:/Users/LENOVO/Desktop/embedded/EmbeddedProjects/DriverDevelopment/MyDriversErdem/Inc" -O0 -ffunction-sections -fdata-sections -Wall -fstack-usage -fcyclomatic-complexity -MMD -MP -MF"MyDriversErdem/Src/RCC.d" -MT"MyDriversErdem/Src/RCC.o" --specs=nano.specs -mfloat-abi=soft -mthumb -o "MyDriversErdem/Src/RCC.o"
arm-none-eabi-gcc -o "DriverDevelopment.elf" @"objects.list"   -mcpu=cortex-m4 -T"C:\Users\LENOVO\Desktop\embedded\EmbeddedProjects\DriverDevelopment\STM32F407VGTX_FLASH.ld" --specs=nosys.specs -Wl,-Map="DriverDevelopment.map" -Wl,--gc-sections -static --specs=nano.specs -mfloat-abi=soft -mthumb -Wl,--start-group -lc -lm -Wl,--end-group
Finished building target: DriverDevelopment.elf
 
arm-none-eabi-size   DriverDevelopment.elf 
arm-none-eabi-objdump -h -S  DriverDevelopment.elf  > "DriverDevelopment.list"
   text	   data	    bss	    dec	    hex	filename
    708	      8	   1568	   2284	    8ec	DriverDevelopment.elf
Finished building: default.size.stdout
 
Finished building: DriverDevelopment.list
 
18:03:02 **** Incremental Build of configuration Debug for project DriverDevelopment ****
make -j8 all 
arm-none-eabi-gcc "../Src/main.c" -mcpu=cortex-m4 -std=gnu11 -g3 -DDEBUG -DSTM32 -DSTM32F407G_DISC1 -DSTM32F4 -DSTM32F407VGTx -c -I../Inc -I"C:/Users/LENOVO/Desktop/embedded/EmbeddedProjects/DriverDevelopment/MyDriversErdem/Inc" -O0 -ffunction-sections -fdata-sections -Wall -fstack-usage -fcyclomatic-complexity -MMD -MP -MF"Src/main.d" -MT"Src/main.o" --specs=nano.specs -mfloat-abi=soft -mthumb -o "Src/main.o"
arm-none-eabi-gcc "../MyDriversErdem/Src/RCC.c" -mcpu=cortex-m4 -std=gnu11 -g3 -DDEBUG -DSTM32 -DSTM32F407G_DISC1 -DSTM32F4 -DSTM32F407VGTx -c -I../Inc -I"C:/Users/LENOVO/Desktop/embedded/EmbeddedProjects/DriverDevelopment/MyDriversErdem/Inc" -O0 -ffunction-sections -fdata-sections -Wall -fstack-usage -fcyclomatic-complexity -MMD -MP -MF"MyDriversErdem/Src/RCC.d" -MT"MyDriversErdem/Src/RCC.o" --specs=nano.specs -mfloat-abi=soft -mthumb -o "MyDriversErdem/Src/RCC.o"
In file included from ../Src/main.c:1:
C:/Users/LENOVO/Desktop/embedded/EmbeddedProjects/DriverDevelopment/MyDriversErdem/Inc/stm32f407xx.h:177: warning: "RCC_AHB1ENR_GPIOBEN_Pos" redefined
  177 | #define RCC_AHB1ENR_GPIOBEN_Pos      (2U)         // //RCC AHB1ENR register GPIOBEN Bit Position
      | 
C:/Users/LENOVO/Desktop/embedded/EmbeddedProjects/DriverDevelopment/MyDriversErdem/Inc/stm32f407xx.h:173: note: this is the location of the previous definition
  173 | #define RCC_AHB1ENR_GPIOBEN_Pos      (1U)         // //RCC AHB1ENR register GPIOBEN Bit Position
      | 
C:/Users/LENOVO/Desktop/embedded/EmbeddedProjects/DriverDevelopment/MyDriversErdem/Inc/stm32f407xx.h:181: warning: "RCC_AHB1ENR_GPIOBEN_Pos" redefined
  181 | #define RCC_AHB1ENR_GPIOBEN_Pos      (3U)         // //RCC AHB1ENR register GPIOBEN Bit Position
      | 
C:/Users/LENOVO/Desktop/embedded/EmbeddedProjects/DriverDevelopment/MyDriversErdem/Inc/stm32f407xx.h:177: note: this is the location of the previous definition
  177 | #define RCC_AHB1ENR_GPIOBEN_Pos      (2U)         // //RCC AHB1ENR register GPIOBEN Bit Position
      | 
In file included from C:/Users/LENOVO/Desktop/embedded/EmbeddedProjects/DriverDevelopment/MyDriversErdem/Inc/RCC.h:5,
                 from ../MyDriversErdem/Src/RCC.c:11:
C:/Users/LENOVO/Desktop/embedded/EmbeddedProjects/DriverDevelopment/MyDriversErdem/Inc/stm32f407xx.h:177: warning: "RCC_AHB1ENR_GPIOBEN_Pos" redefined
  177 | #define RCC_AHB1ENR_GPIOBEN_Pos      (2U)         // //RCC AHB1ENR register GPIOBEN Bit Position
      | 
C:/Users/LENOVO/Desktop/embedded/EmbeddedProjects/DriverDevelopment/MyDriversErdem/Inc/stm32f407xx.h:173: note: this is the location of the previous definition
  173 | #define RCC_AHB1ENR_GPIOBEN_Pos      (1U)         // //RCC AHB1ENR register GPIOBEN Bit Position
      | 
C:/Users/LENOVO/Desktop/embedded/EmbeddedProjects/DriverDevelopment/MyDriversErdem/Inc/stm32f407xx.h:181: warning: "RCC_AHB1ENR_GPIOBEN_Pos" redefined
  181 | #define RCC_AHB1ENR_GPIOBEN_Pos      (3U)         // //RCC AHB1ENR register GPIOBEN Bit Position
      | 
C:/Users/LENOVO/Desktop/embedded/EmbeddedProjects/DriverDevelopment/MyDriversErdem/Inc/stm32f407xx.h:177: note: this is the location of the previous definition
  177 | #define RCC_AHB1ENR_GPIOBEN_Pos      (2U)         // //RCC AHB1ENR register GPIOBEN Bit Position
      | 
arm-none-eabi-gcc -o "DriverDevelopment.elf" @"objects.list"   -mcpu=cortex-m4 -T"C:\Users\LENOVO\Desktop\embedded\EmbeddedProjects\DriverDevelopment\STM32F407VGTX_FLASH.ld" --specs=nosys.specs -Wl,-Map="DriverDevelopment.map" -Wl,--gc-sections -static --specs=nano.specs -mfloat-abi=soft -mthumb -Wl,--start-group -lc -lm -Wl,--end-group
Finished building target: DriverDevelopment.elf
 
arm-none-eabi-size   DriverDevelopment.elf 
arm-none-eabi-objdump -h -S  DriverDevelopment.elf  > "DriverDevelopment.list"
   text	   data	    bss	    dec	    hex	filename
    708	      8	   1568	   2284	    8ec	DriverDevelopment.elf
Finished building: default.size.stdout
 
Finished building: DriverDevelopment.list
 
18:03:23 **** Incremental Build of configuration Debug for project DriverDevelopment ****
make -j8 all 
arm-none-eabi-gcc "../Src/main.c" -mcpu=cortex-m4 -std=gnu11 -g3 -DDEBUG -DSTM32 -DSTM32F407G_DISC1 -DSTM32F4 -DSTM32F407VGTx -c -I../Inc -I"C:/Users/LENOVO/Desktop/embedded/EmbeddedProjects/DriverDevelopment/MyDriversErdem/Inc" -O0 -ffunction-sections -fdata-sections -Wall -fstack-usage -fcyclomatic-complexity -MMD -MP -MF"Src/main.d" -MT"Src/main.o" --specs=nano.specs -mfloat-abi=soft -mthumb -o "Src/main.o"
arm-none-eabi-gcc "../MyDriversErdem/Src/RCC.c" -mcpu=cortex-m4 -std=gnu11 -g3 -DDEBUG -DSTM32 -DSTM32F407G_DISC1 -DSTM32F4 -DSTM32F407VGTx -c -I../Inc -I"C:/Users/LENOVO/Desktop/embedded/EmbeddedProjects/DriverDevelopment/MyDriversErdem/Inc" -O0 -ffunction-sections -fdata-sections -Wall -fstack-usage -fcyclomatic-complexity -MMD -MP -MF"MyDriversErdem/Src/RCC.d" -MT"MyDriversErdem/Src/RCC.o" --specs=nano.specs -mfloat-abi=soft -mthumb -o "MyDriversErdem/Src/RCC.o"
In file included from ../Src/main.c:1:
C:/Users/LENOVO/Desktop/embedded/EmbeddedProjects/DriverDevelopment/MyDriversErdem/Inc/stm32f407xx.h:177: warning: "RCC_AHB1ENR_GPIOBEN_Pos" redefined
  177 | #define RCC_AHB1ENR_GPIOBEN_Pos      (2U)         // //RCC AHB1ENR register GPIOBEN Bit Position
      | 
C:/Users/LENOVO/Desktop/embedded/EmbeddedProjects/DriverDevelopment/MyDriversErdem/Inc/stm32f407xx.h:173: note: this is the location of the previous definition
  173 | #define RCC_AHB1ENR_GPIOBEN_Pos      (1U)         // //RCC AHB1ENR register GPIOBEN Bit Position
      | 
C:/Users/LENOVO/Desktop/embedded/EmbeddedProjects/DriverDevelopment/MyDriversErdem/Inc/stm32f407xx.h:178: warning: "RCC_AHB1ENR_GPIOBEN_Msk" redefined
  178 | #define RCC_AHB1ENR_GPIOBEN_Msk   (0x1 << RCC_AHB1ENR_GPIOCEN_Pos)  // RCC AHB1ENR register GPIOBEN Bit Mask
      | 
C:/Users/LENOVO/Desktop/embedded/EmbeddedProjects/DriverDevelopment/MyDriversErdem/Inc/stm32f407xx.h:174: note: this is the location of the previous definition
  174 | #define RCC_AHB1ENR_GPIOBEN_Msk   (0x1 << RCC_AHB1ENR_GPIOBEN_Pos)  // RCC AHB1ENR register GPIOBEN Bit Mask
      | 
C:/Users/LENOVO/Desktop/embedded/EmbeddedProjects/DriverDevelopment/MyDriversErdem/Inc/stm32f407xx.h:181: warning: "RCC_AHB1ENR_GPIOBEN_Pos" redefined
  181 | #define RCC_AHB1ENR_GPIOBEN_Pos      (3U)         // //RCC AHB1ENR register GPIOBEN Bit Position
      | 
C:/Users/LENOVO/Desktop/embedded/EmbeddedProjects/DriverDevelopment/MyDriversErdem/Inc/stm32f407xx.h:177: note: this is the location of the previous definition
  177 | #define RCC_AHB1ENR_GPIOBEN_Pos      (2U)         // //RCC AHB1ENR register GPIOBEN Bit Position
      | 
In file included from C:/Users/LENOVO/Desktop/embedded/EmbeddedProjects/DriverDevelopment/MyDriversErdem/Inc/RCC.h:5,
                 from ../MyDriversErdem/Src/RCC.c:11:
C:/Users/LENOVO/Desktop/embedded/EmbeddedProjects/DriverDevelopment/MyDriversErdem/Inc/stm32f407xx.h:177: warning: "RCC_AHB1ENR_GPIOBEN_Pos" redefined
  177 | #define RCC_AHB1ENR_GPIOBEN_Pos      (2U)         // //RCC AHB1ENR register GPIOBEN Bit Position
      | 
C:/Users/LENOVO/Desktop/embedded/EmbeddedProjects/DriverDevelopment/MyDriversErdem/Inc/stm32f407xx.h:173: note: this is the location of the previous definition
  173 | #define RCC_AHB1ENR_GPIOBEN_Pos      (1U)         // //RCC AHB1ENR register GPIOBEN Bit Position
      | 
C:/Users/LENOVO/Desktop/embedded/EmbeddedProjects/DriverDevelopment/MyDriversErdem/Inc/stm32f407xx.h:178: warning: "RCC_AHB1ENR_GPIOBEN_Msk" redefined
  178 | #define RCC_AHB1ENR_GPIOBEN_Msk   (0x1 << RCC_AHB1ENR_GPIOCEN_Pos)  // RCC AHB1ENR register GPIOBEN Bit Mask
      | 
C:/Users/LENOVO/Desktop/embedded/EmbeddedProjects/DriverDevelopment/MyDriversErdem/Inc/stm32f407xx.h:174: note: this is the location of the previous definition
  174 | #define RCC_AHB1ENR_GPIOBEN_Msk   (0x1 << RCC_AHB1ENR_GPIOBEN_Pos)  // RCC AHB1ENR register GPIOBEN Bit Mask
      | 
C:/Users/LENOVO/Desktop/embedded/EmbeddedProjects/DriverDevelopment/MyDriversErdem/Inc/stm32f407xx.h:181: warning: "RCC_AHB1ENR_GPIOBEN_Pos" redefined
  181 | #define RCC_AHB1ENR_GPIOBEN_Pos      (3U)         // //RCC AHB1ENR register GPIOBEN Bit Position
      | 
C:/Users/LENOVO/Desktop/embedded/EmbeddedProjects/DriverDevelopment/MyDriversErdem/Inc/stm32f407xx.h:177: note: this is the location of the previous definition
  177 | #define RCC_AHB1ENR_GPIOBEN_Pos      (2U)         // //RCC AHB1ENR register GPIOBEN Bit Position
      | 
arm-none-eabi-gcc -o "DriverDevelopment.elf" @"objects.list"   -mcpu=cortex-m4 -T"C:\Users\LENOVO\Desktop\embedded\EmbeddedProjects\DriverDevelopment\STM32F407VGTX_FLASH.ld" --specs=nosys.specs -Wl,-Map="DriverDevelopment.map" -Wl,--gc-sections -static --specs=nano.specs -mfloat-abi=soft -mthumb -Wl,--start-group -lc -lm -Wl,--end-group
Finished building target: DriverDevelopment.elf
 
arm-none-eabi-size   DriverDevelopment.elf 
arm-none-eabi-objdump -h -S  DriverDevelopment.elf  > "DriverDevelopment.list"
   text	   data	    bss	    dec	    hex	filename
    708	      8	   1568	   2284	    8ec	DriverDevelopment.elf
Finished building: default.size.stdout
 
Finished building: DriverDevelopment.list
 
18:03:33 **** Incremental Build of configuration Debug for project DriverDevelopment ****
make -j8 all 
arm-none-eabi-size   DriverDevelopment.elf 
   text	   data	    bss	    dec	    hex	filename
    708	      8	   1568	   2284	    8ec	DriverDevelopment.elf
Finished building: default.size.stdout
 
19:36:35 **** Incremental Build of configuration Debug for project DriverDevelopment ****
make -j8 all 
arm-none-eabi-gcc "../Src/main.c" -mcpu=cortex-m4 -std=gnu11 -g3 -DDEBUG -DSTM32 -DSTM32F407G_DISC1 -DSTM32F4 -DSTM32F407VGTx -c -I../Inc -I"C:/Users/LENOVO/Desktop/embedded/EmbeddedProjects/DriverDevelopment/MyDriversErdem/Inc" -O0 -ffunction-sections -fdata-sections -Wall -fstack-usage -fcyclomatic-complexity -MMD -MP -MF"Src/main.d" -MT"Src/main.o" --specs=nano.specs -mfloat-abi=soft -mthumb -o "Src/main.o"
arm-none-eabi-gcc "../MyDriversErdem/Src/RCC.c" -mcpu=cortex-m4 -std=gnu11 -g3 -DDEBUG -DSTM32 -DSTM32F407G_DISC1 -DSTM32F4 -DSTM32F407VGTx -c -I../Inc -I"C:/Users/LENOVO/Desktop/embedded/EmbeddedProjects/DriverDevelopment/MyDriversErdem/Inc" -O0 -ffunction-sections -fdata-sections -Wall -fstack-usage -fcyclomatic-complexity -MMD -MP -MF"MyDriversErdem/Src/RCC.d" -MT"MyDriversErdem/Src/RCC.o" --specs=nano.specs -mfloat-abi=soft -mthumb -o "MyDriversErdem/Src/RCC.o"
In file included from ../Src/main.c:1:
C:/Users/LENOVO/Desktop/embedded/EmbeddedProjects/DriverDevelopment/MyDriversErdem/Inc/stm32f407xx.h:177: warning: "RCC_AHB1ENR_GPIOBEN_Pos" redefined
  177 | #define RCC_AHB1ENR_GPIOBEN_Pos      (2U)         // //RCC AHB1ENR register GPIOBEN Bit Position
      | 
In file included from C:/Users/LENOVO/Desktop/embedded/EmbeddedProjects/DriverDevelopment/MyDriversErdem/Inc/RCC.h:5,
                 from ../MyDriversErdem/Src/RCC.c:11:
C:/Users/LENOVO/Desktop/embedded/EmbeddedProjects/DriverDevelopment/MyDriversErdem/Inc/stm32f407xx.h:177: warning: "RCC_AHB1ENR_GPIOBEN_Pos" redefined
  177 | #define RCC_AHB1ENR_GPIOBEN_Pos      (2U)         // //RCC AHB1ENR register GPIOBEN Bit Position
      | 
C:/Users/LENOVO/Desktop/embedded/EmbeddedProjects/DriverDevelopment/MyDriversErdem/Inc/stm32f407xx.h:173: note: this is the location of the previous definition
  173 | #define RCC_AHB1ENR_GPIOBEN_Pos      (1U)         // //RCC AHB1ENR register GPIOBEN Bit Position
      | 
C:/Users/LENOVO/Desktop/embedded/EmbeddedProjects/DriverDevelopment/MyDriversErdem/Inc/stm32f407xx.h:173: note: this is the location of the previous definition
  173 | #define RCC_AHB1ENR_GPIOBEN_Pos      (1U)         // //RCC AHB1ENR register GPIOBEN Bit Position
      | 
C:/Users/LENOVO/Desktop/embedded/EmbeddedProjects/DriverDevelopment/MyDriversErdem/Inc/stm32f407xx.h:178: warning: "RCC_AHB1ENR_GPIOBEN_Msk" redefined
  178 | #define RCC_AHB1ENR_GPIOBEN_Msk   (0x1 << RCC_AHB1ENR_GPIOCEN_Pos)  // RCC AHB1ENR register GPIOBEN Bit Mask
      | 
C:/Users/LENOVO/Desktop/embedded/EmbeddedProjects/DriverDevelopment/MyDriversErdem/Inc/stm32f407xx.h:178: warning: "RCC_AHB1ENR_GPIOBEN_Msk" redefined
  178 | #define RCC_AHB1ENR_GPIOBEN_Msk   (0x1 << RCC_AHB1ENR_GPIOCEN_Pos)  // RCC AHB1ENR register GPIOBEN Bit Mask
      | 
C:/Users/LENOVO/Desktop/embedded/EmbeddedProjects/DriverDevelopment/MyDriversErdem/Inc/stm32f407xx.h:174: note: this is the location of the previous definition
  174 | #define RCC_AHB1ENR_GPIOBEN_Msk   (0x1 << RCC_AHB1ENR_GPIOBEN_Pos)  // RCC AHB1ENR register GPIOBEN Bit Mask
      | 
C:/Users/LENOVO/Desktop/embedded/EmbeddedProjects/DriverDevelopment/MyDriversErdem/Inc/stm32f407xx.h:174: note: this is the location of the previous definition
  174 | #define RCC_AHB1ENR_GPIOBEN_Msk   (0x1 << RCC_AHB1ENR_GPIOBEN_Pos)  // RCC AHB1ENR register GPIOBEN Bit Mask
      | 
C:/Users/LENOVO/Desktop/embedded/EmbeddedProjects/DriverDevelopment/MyDriversErdem/Inc/stm32f407xx.h:181: warning: "RCC_AHB1ENR_GPIOBEN_Pos" redefined
  181 | #define RCC_AHB1ENR_GPIOBEN_Pos      (3U)         // //RCC AHB1ENR register GPIOBEN Bit Position
      | 
C:/Users/LENOVO/Desktop/embedded/EmbeddedProjects/DriverDevelopment/MyDriversErdem/Inc/stm32f407xx.h:181: warning: "RCC_AHB1ENR_GPIOBEN_Pos" redefined
  181 | #define RCC_AHB1ENR_GPIOBEN_Pos      (3U)         // //RCC AHB1ENR register GPIOBEN Bit Position
      | 
C:/Users/LENOVO/Desktop/embedded/EmbeddedProjects/DriverDevelopment/MyDriversErdem/Inc/stm32f407xx.h:177: note: this is the location of the previous definition
  177 | #define RCC_AHB1ENR_GPIOBEN_Pos      (2U)         // //RCC AHB1ENR register GPIOBEN Bit Position
      | 
C:/Users/LENOVO/Desktop/embedded/EmbeddedProjects/DriverDevelopment/MyDriversErdem/Inc/stm32f407xx.h:177: note: this is the location of the previous definition
  177 | #define RCC_AHB1ENR_GPIOBEN_Pos      (2U)         // //RCC AHB1ENR register GPIOBEN Bit Position
      | 
arm-none-eabi-gcc -o "DriverDevelopment.elf" @"objects.list"   -mcpu=cortex-m4 -T"C:\Users\LENOVO\Desktop\embedded\EmbeddedProjects\DriverDevelopment\STM32F407VGTX_FLASH.ld" --specs=nosys.specs -Wl,-Map="DriverDevelopment.map" -Wl,--gc-sections -static --specs=nano.specs -mfloat-abi=soft -mthumb -Wl,--start-group -lc -lm -Wl,--end-group
Finished building target: DriverDevelopment.elf
 
arm-none-eabi-size   DriverDevelopment.elf 
arm-none-eabi-objdump -h -S  DriverDevelopment.elf  > "DriverDevelopment.list"
   text	   data	    bss	    dec	    hex	filename
    708	      8	   1568	   2284	    8ec	DriverDevelopment.elf
Finished building: default.size.stdout
Finished building: DriverDevelopment.list
 
 
19:38:58 **** Incremental Build of configuration Debug for project DriverDevelopment ****
make -j8 all 
arm-none-eabi-gcc "../Src/main.c" -mcpu=cortex-m4 -std=gnu11 -g3 -DDEBUG -DSTM32 -DSTM32F407G_DISC1 -DSTM32F4 -DSTM32F407VGTx -c -I../Inc -I"C:/Users/LENOVO/Desktop/embedded/EmbeddedProjects/DriverDevelopment/MyDriversErdem/Inc" -O0 -ffunction-sections -fdata-sections -Wall -fstack-usage -fcyclomatic-complexity -MMD -MP -MF"Src/main.d" -MT"Src/main.o" --specs=nano.specs -mfloat-abi=soft -mthumb -o "Src/main.o"
arm-none-eabi-gcc "../MyDriversErdem/Src/RCC.c" -mcpu=cortex-m4 -std=gnu11 -g3 -DDEBUG -DSTM32 -DSTM32F407G_DISC1 -DSTM32F4 -DSTM32F407VGTx -c -I../Inc -I"C:/Users/LENOVO/Desktop/embedded/EmbeddedProjects/DriverDevelopment/MyDriversErdem/Inc" -O0 -ffunction-sections -fdata-sections -Wall -fstack-usage -fcyclomatic-complexity -MMD -MP -MF"MyDriversErdem/Src/RCC.d" -MT"MyDriversErdem/Src/RCC.o" --specs=nano.specs -mfloat-abi=soft -mthumb -o "MyDriversErdem/Src/RCC.o"
arm-none-eabi-gcc -o "DriverDevelopment.elf" @"objects.list"   -mcpu=cortex-m4 -T"C:\Users\LENOVO\Desktop\embedded\EmbeddedProjects\DriverDevelopment\STM32F407VGTX_FLASH.ld" --specs=nosys.specs -Wl,-Map="DriverDevelopment.map" -Wl,--gc-sections -static --specs=nano.specs -mfloat-abi=soft -mthumb -Wl,--start-group -lc -lm -Wl,--end-group
Finished building target: DriverDevelopment.elf
 
arm-none-eabi-size   DriverDevelopment.elf 
arm-none-eabi-objdump -h -S  DriverDevelopment.elf  > "DriverDevelopment.list"
   text	   data	    bss	    dec	    hex	filename
    708	      8	   1568	   2284	    8ec	DriverDevelopment.elf
Finished building: default.size.stdout
 
Finished building: DriverDevelopment.list
 
19:47:57 **** Incremental Build of configuration Debug for project DriverDevelopment ****
make -j8 all 
arm-none-eabi-gcc "../Src/main.c" -mcpu=cortex-m4 -std=gnu11 -g3 -DDEBUG -DSTM32 -DSTM32F407G_DISC1 -DSTM32F4 -DSTM32F407VGTx -c -I../Inc -I"C:/Users/LENOVO/Desktop/embedded/EmbeddedProjects/DriverDevelopment/MyDriversErdem/Inc" -O0 -ffunction-sections -fdata-sections -Wall -fstack-usage -fcyclomatic-complexity -MMD -MP -MF"Src/main.d" -MT"Src/main.o" --specs=nano.specs -mfloat-abi=soft -mthumb -o "Src/main.o"
arm-none-eabi-gcc "../MyDriversErdem/Src/GPIO.c" -mcpu=cortex-m4 -std=gnu11 -g3 -DDEBUG -DSTM32 -DSTM32F407G_DISC1 -DSTM32F4 -DSTM32F407VGTx -c -I../Inc -I"C:/Users/LENOVO/Desktop/embedded/EmbeddedProjects/DriverDevelopment/MyDriversErdem/Inc" -O0 -ffunction-sections -fdata-sections -Wall -fstack-usage -fcyclomatic-complexity -MMD -MP -MF"MyDriversErdem/Src/GPIO.d" -MT"MyDriversErdem/Src/GPIO.o" --specs=nano.specs -mfloat-abi=soft -mthumb -o "MyDriversErdem/Src/GPIO.o"
arm-none-eabi-gcc "../MyDriversErdem/Src/RCC.c" -mcpu=cortex-m4 -std=gnu11 -g3 -DDEBUG -DSTM32 -DSTM32F407G_DISC1 -DSTM32F4 -DSTM32F407VGTx -c -I../Inc -I"C:/Users/LENOVO/Desktop/embedded/EmbeddedProjects/DriverDevelopment/MyDriversErdem/Inc" -O0 -ffunction-sections -fdata-sections -Wall -fstack-usage -fcyclomatic-complexity -MMD -MP -MF"MyDriversErdem/Src/RCC.d" -MT"MyDriversErdem/Src/RCC.o" --specs=nano.specs -mfloat-abi=soft -mthumb -o "MyDriversErdem/Src/RCC.o"
arm-none-eabi-gcc -o "DriverDevelopment.elf" @"objects.list"   -mcpu=cortex-m4 -T"C:\Users\LENOVO\Desktop\embedded\EmbeddedProjects\DriverDevelopment\STM32F407VGTX_FLASH.ld" --specs=nosys.specs -Wl,-Map="DriverDevelopment.map" -Wl,--gc-sections -static --specs=nano.specs -mfloat-abi=soft -mthumb -Wl,--start-group -lc -lm -Wl,--end-group
Finished building target: DriverDevelopment.elf
 
arm-none-eabi-size   DriverDevelopment.elf 
arm-none-eabi-objdump -h -S  DriverDevelopment.elf  > "DriverDevelopment.list"
   text	   data	    bss	    dec	    hex	filename
    708	      8	   1568	   2284	    8ec	DriverDevelopment.elf
Finished building: default.size.stdout
 
Finished building: DriverDevelopment.list
 
22:00:40 **** Incremental Build of configuration Debug for project DriverDevelopment ****
make -j8 all 
arm-none-eabi-gcc "../MyDriversErdem/Src/GPIO.c" -mcpu=cortex-m4 -std=gnu11 -g3 -DDEBUG -DSTM32 -DSTM32F407G_DISC1 -DSTM32F4 -DSTM32F407VGTx -c -I../Inc -I"C:/Users/LENOVO/Desktop/embedded/EmbeddedProjects/DriverDevelopment/MyDriversErdem/Inc" -O0 -ffunction-sections -fdata-sections -Wall -fstack-usage -fcyclomatic-complexity -MMD -MP -MF"MyDriversErdem/Src/GPIO.d" -MT"MyDriversErdem/Src/GPIO.o" --specs=nano.specs -mfloat-abi=soft -mthumb -o "MyDriversErdem/Src/GPIO.o"
arm-none-eabi-gcc -o "DriverDevelopment.elf" @"objects.list"   -mcpu=cortex-m4 -T"C:\Users\LENOVO\Desktop\embedded\EmbeddedProjects\DriverDevelopment\STM32F407VGTX_FLASH.ld" --specs=nosys.specs -Wl,-Map="DriverDevelopment.map" -Wl,--gc-sections -static --specs=nano.specs -mfloat-abi=soft -mthumb -Wl,--start-group -lc -lm -Wl,--end-group
Finished building target: DriverDevelopment.elf
 
arm-none-eabi-size   DriverDevelopment.elf 
arm-none-eabi-objdump -h -S  DriverDevelopment.elf  > "DriverDevelopment.list"
   text	   data	    bss	    dec	    hex	filename
    708	      8	   1568	   2284	    8ec	DriverDevelopment.elf
Finished building: default.size.stdout
 
Finished building: DriverDevelopment.list
 
22:05:20 **** Incremental Build of configuration Debug for project DriverDevelopment ****
make -j8 all 
arm-none-eabi-gcc "../MyDriversErdem/Src/GPIO.c" -mcpu=cortex-m4 -std=gnu11 -g3 -DDEBUG -DSTM32 -DSTM32F407G_DISC1 -DSTM32F4 -DSTM32F407VGTx -c -I../Inc -I"C:/Users/LENOVO/Desktop/embedded/EmbeddedProjects/DriverDevelopment/MyDriversErdem/Inc" -O0 -ffunction-sections -fdata-sections -Wall -fstack-usage -fcyclomatic-complexity -MMD -MP -MF"MyDriversErdem/Src/GPIO.d" -MT"MyDriversErdem/Src/GPIO.o" --specs=nano.specs -mfloat-abi=soft -mthumb -o "MyDriversErdem/Src/GPIO.o"
arm-none-eabi-gcc -o "DriverDevelopment.elf" @"objects.list"   -mcpu=cortex-m4 -T"C:\Users\LENOVO\Desktop\embedded\EmbeddedProjects\DriverDevelopment\STM32F407VGTX_FLASH.ld" --specs=nosys.specs -Wl,-Map="DriverDevelopment.map" -Wl,--gc-sections -static --specs=nano.specs -mfloat-abi=soft -mthumb -Wl,--start-group -lc -lm -Wl,--end-group
Finished building target: DriverDevelopment.elf
 
arm-none-eabi-size   DriverDevelopment.elf 
arm-none-eabi-objdump -h -S  DriverDevelopment.elf  > "DriverDevelopment.list"
   text	   data	    bss	    dec	    hex	filename
    708	      8	   1568	   2284	    8ec	DriverDevelopment.elf
Finished building: default.size.stdout
 
Finished building: DriverDevelopment.list
 
22:31:09 **** Incremental Build of configuration Debug for project DriverDevelopment ****
make -j8 all 
arm-none-eabi-gcc "../MyDriversErdem/Src/GPIO.c" -mcpu=cortex-m4 -std=gnu11 -g3 -DDEBUG -DSTM32 -DSTM32F407G_DISC1 -DSTM32F4 -DSTM32F407VGTx -c -I../Inc -I"C:/Users/LENOVO/Desktop/embedded/EmbeddedProjects/DriverDevelopment/MyDriversErdem/Inc" -O0 -ffunction-sections -fdata-sections -Wall -fstack-usage -fcyclomatic-complexity -MMD -MP -MF"MyDriversErdem/Src/GPIO.d" -MT"MyDriversErdem/Src/GPIO.o" --specs=nano.specs -mfloat-abi=soft -mthumb -o "MyDriversErdem/Src/GPIO.o"
arm-none-eabi-gcc -o "DriverDevelopment.elf" @"objects.list"   -mcpu=cortex-m4 -T"C:\Users\LENOVO\Desktop\embedded\EmbeddedProjects\DriverDevelopment\STM32F407VGTX_FLASH.ld" --specs=nosys.specs -Wl,-Map="DriverDevelopment.map" -Wl,--gc-sections -static --specs=nano.specs -mfloat-abi=soft -mthumb -Wl,--start-group -lc -lm -Wl,--end-group
Finished building target: DriverDevelopment.elf
 
arm-none-eabi-size   DriverDevelopment.elf 
arm-none-eabi-objdump -h -S  DriverDevelopment.elf  > "DriverDevelopment.list"
   text	   data	    bss	    dec	    hex	filename
    708	      8	   1568	   2284	    8ec	DriverDevelopment.elf
Finished building: default.size.stdout
 
Finished building: DriverDevelopment.list
 
22:42:13 **** Incremental Build of configuration Debug for project DriverDevelopment ****
make -j8 all 
arm-none-eabi-gcc "../MyDriversErdem/Src/GPIO.c" -mcpu=cortex-m4 -std=gnu11 -g3 -DDEBUG -DSTM32 -DSTM32F407G_DISC1 -DSTM32F4 -DSTM32F407VGTx -c -I../Inc -I"C:/Users/LENOVO/Desktop/embedded/EmbeddedProjects/DriverDevelopment/MyDriversErdem/Inc" -O0 -ffunction-sections -fdata-sections -Wall -fstack-usage -fcyclomatic-complexity -MMD -MP -MF"MyDriversErdem/Src/GPIO.d" -MT"MyDriversErdem/Src/GPIO.o" --specs=nano.specs -mfloat-abi=soft -mthumb -o "MyDriversErdem/Src/GPIO.o"
arm-none-eabi-gcc -o "DriverDevelopment.elf" @"objects.list"   -mcpu=cortex-m4 -T"C:\Users\LENOVO\Desktop\embedded\EmbeddedProjects\DriverDevelopment\STM32F407VGTX_FLASH.ld" --specs=nosys.specs -Wl,-Map="DriverDevelopment.map" -Wl,--gc-sections -static --specs=nano.specs -mfloat-abi=soft -mthumb -Wl,--start-group -lc -lm -Wl,--end-group
Finished building target: DriverDevelopment.elf
 
arm-none-eabi-size   DriverDevelopment.elf 
arm-none-eabi-objdump -h -S  DriverDevelopment.elf  > "DriverDevelopment.list"
   text	   data	    bss	    dec	    hex	filename
    708	      8	   1568	   2284	    8ec	DriverDevelopment.elf
Finished building: default.size.stdout
 
Finished building: DriverDevelopment.list
 
16:33:18 **** Incremental Build of configuration Debug for project DriverDevelopment ****
make -j8 all 
arm-none-eabi-gcc "../MyDriversErdem/Src/GPIO.c" -mcpu=cortex-m4 -std=gnu11 -g3 -DDEBUG -DSTM32 -DSTM32F407G_DISC1 -DSTM32F4 -DSTM32F407VGTx -c -I../Inc -I"C:/Users/LENOVO/Desktop/embedded/EmbeddedProjects/DriverDevelopment/MyDriversErdem/Inc" -O0 -ffunction-sections -fdata-sections -Wall -fstack-usage -fcyclomatic-complexity -MMD -MP -MF"MyDriversErdem/Src/GPIO.d" -MT"MyDriversErdem/Src/GPIO.o" --specs=nano.specs -mfloat-abi=soft -mthumb -o "MyDriversErdem/Src/GPIO.o"
In file included from ../MyDriversErdem/Src/GPIO.c:1:
C:/Users/LENOVO/Desktop/embedded/EmbeddedProjects/DriverDevelopment/MyDriversErdem/Inc/GPIO.h:52:26: error: expected ';' before 'void'
   52 | GPIO_PinState_t GPIO_Reaf
      |                          ^
      |                          ;
make: *** [MyDriversErdem/Src/subdir.mk:22: MyDriversErdem/Src/GPIO.o] Error 1
"make -j8 all" terminated with exit code 2. Build might be incomplete.
16:35:55 **** Incremental Build of configuration Debug for project DriverDevelopment ****
make -j8 all 
arm-none-eabi-gcc "../MyDriversErdem/Src/GPIO.c" -mcpu=cortex-m4 -std=gnu11 -g3 -DDEBUG -DSTM32 -DSTM32F407G_DISC1 -DSTM32F4 -DSTM32F407VGTx -c -I../Inc -I"C:/Users/LENOVO/Desktop/embedded/EmbeddedProjects/DriverDevelopment/MyDriversErdem/Inc" -O0 -ffunction-sections -fdata-sections -Wall -fstack-usage -fcyclomatic-complexity -MMD -MP -MF"MyDriversErdem/Src/GPIO.d" -MT"MyDriversErdem/Src/GPIO.o" --specs=nano.specs -mfloat-abi=soft -mthumb -o "MyDriversErdem/Src/GPIO.o"
arm-none-eabi-gcc -o "DriverDevelopment.elf" @"objects.list"   -mcpu=cortex-m4 -T"C:\Users\LENOVO\Desktop\embedded\EmbeddedProjects\DriverDevelopment\STM32F407VGTX_FLASH.ld" --specs=nosys.specs -Wl,-Map="DriverDevelopment.map" -Wl,--gc-sections -static --specs=nano.specs -mfloat-abi=soft -mthumb -Wl,--start-group -lc -lm -Wl,--end-group
Finished building target: DriverDevelopment.elf
 
arm-none-eabi-size   DriverDevelopment.elf 
arm-none-eabi-objdump -h -S  DriverDevelopment.elf  > "DriverDevelopment.list"
   text	   data	    bss	    dec	    hex	filename
    708	      8	   1568	   2284	    8ec	DriverDevelopment.elf
Finished building: default.size.stdout
 
Finished building: DriverDevelopment.list
 
16:44:57 **** Incremental Build of configuration Debug for project DriverDevelopment ****
make -j8 all 
arm-none-eabi-gcc "../MyDriversErdem/Src/GPIO.c" -mcpu=cortex-m4 -std=gnu11 -g3 -DDEBUG -DSTM32 -DSTM32F407G_DISC1 -DSTM32F4 -DSTM32F407VGTx -c -I../Inc -I"C:/Users/LENOVO/Desktop/embedded/EmbeddedProjects/DriverDevelopment/MyDriversErdem/Inc" -O0 -ffunction-sections -fdata-sections -Wall -fstack-usage -fcyclomatic-complexity -MMD -MP -MF"MyDriversErdem/Src/GPIO.d" -MT"MyDriversErdem/Src/GPIO.o" --specs=nano.specs -mfloat-abi=soft -mthumb -o "MyDriversErdem/Src/GPIO.o"
arm-none-eabi-gcc -o "DriverDevelopment.elf" @"objects.list"   -mcpu=cortex-m4 -T"C:\Users\LENOVO\Desktop\embedded\EmbeddedProjects\DriverDevelopment\STM32F407VGTX_FLASH.ld" --specs=nosys.specs -Wl,-Map="DriverDevelopment.map" -Wl,--gc-sections -static --specs=nano.specs -mfloat-abi=soft -mthumb -Wl,--start-group -lc -lm -Wl,--end-group
Finished building target: DriverDevelopment.elf
 
arm-none-eabi-size   DriverDevelopment.elf 
arm-none-eabi-objdump -h -S  DriverDevelopment.elf  > "DriverDevelopment.list"
   text	   data	    bss	    dec	    hex	filename
    708	      8	   1568	   2284	    8ec	DriverDevelopment.elf
Finished building: default.size.stdout
 
Finished building: DriverDevelopment.list
 
16:55:35 **** Incremental Build of configuration Debug for project DriverDevelopment ****
make -j8 all 
arm-none-eabi-gcc "../MyDriversErdem/Src/GPIO.c" -mcpu=cortex-m4 -std=gnu11 -g3 -DDEBUG -DSTM32 -DSTM32F407G_DISC1 -DSTM32F4 -DSTM32F407VGTx -c -I../Inc -I"C:/Users/LENOVO/Desktop/embedded/EmbeddedProjects/DriverDevelopment/MyDriversErdem/Inc" -O0 -ffunction-sections -fdata-sections -Wall -fstack-usage -fcyclomatic-complexity -MMD -MP -MF"MyDriversErdem/Src/GPIO.d" -MT"MyDriversErdem/Src/GPIO.o" --specs=nano.specs -mfloat-abi=soft -mthumb -o "MyDriversErdem/Src/GPIO.o"
arm-none-eabi-gcc -o "DriverDevelopment.elf" @"objects.list"   -mcpu=cortex-m4 -T"C:\Users\LENOVO\Desktop\embedded\EmbeddedProjects\DriverDevelopment\STM32F407VGTX_FLASH.ld" --specs=nosys.specs -Wl,-Map="DriverDevelopment.map" -Wl,--gc-sections -static --specs=nano.specs -mfloat-abi=soft -mthumb -Wl,--start-group -lc -lm -Wl,--end-group
Finished building target: DriverDevelopment.elf
 
arm-none-eabi-size   DriverDevelopment.elf 
arm-none-eabi-objdump -h -S  DriverDevelopment.elf  > "DriverDevelopment.list"
   text	   data	    bss	    dec	    hex	filename
    708	      8	   1568	   2284	    8ec	DriverDevelopment.elf
Finished building: default.size.stdout
 
Finished building: DriverDevelopment.list
 
16:57:17 **** Incremental Build of configuration Debug for project DriverDevelopment ****
make -j8 all 
arm-none-eabi-gcc "../MyDriversErdem/Src/GPIO.c" -mcpu=cortex-m4 -std=gnu11 -g3 -DDEBUG -DSTM32 -DSTM32F407G_DISC1 -DSTM32F4 -DSTM32F407VGTx -c -I../Inc -I"C:/Users/LENOVO/Desktop/embedded/EmbeddedProjects/DriverDevelopment/MyDriversErdem/Inc" -O0 -ffunction-sections -fdata-sections -Wall -fstack-usage -fcyclomatic-complexity -MMD -MP -MF"MyDriversErdem/Src/GPIO.d" -MT"MyDriversErdem/Src/GPIO.o" --specs=nano.specs -mfloat-abi=soft -mthumb -o "MyDriversErdem/Src/GPIO.o"
arm-none-eabi-gcc -o "DriverDevelopment.elf" @"objects.list"   -mcpu=cortex-m4 -T"C:\Users\LENOVO\Desktop\embedded\EmbeddedProjects\DriverDevelopment\STM32F407VGTX_FLASH.ld" --specs=nosys.specs -Wl,-Map="DriverDevelopment.map" -Wl,--gc-sections -static --specs=nano.specs -mfloat-abi=soft -mthumb -Wl,--start-group -lc -lm -Wl,--end-group
Finished building target: DriverDevelopment.elf
 
arm-none-eabi-size   DriverDevelopment.elf 
arm-none-eabi-objdump -h -S  DriverDevelopment.elf  > "DriverDevelopment.list"
   text	   data	    bss	    dec	    hex	filename
    708	      8	   1568	   2284	    8ec	DriverDevelopment.elf
Finished building: default.size.stdout
 
Finished building: DriverDevelopment.list
 
18:13:37 **** Build of configuration Debug for project DriverDevelopment ****
make -j8 all 
arm-none-eabi-gcc "../MyDriversErdem/Src/GPIO.c" -mcpu=cortex-m4 -std=gnu11 -g3 -DDEBUG -DSTM32 -DSTM32F407G_DISC1 -DSTM32F4 -DSTM32F407VGTx -c -I../Inc -I"C:/Users/LENOVO/Desktop/embedded/EmbeddedProjects/DriverDevelopment/MyDriversErdem/Inc" -O0 -ffunction-sections -fdata-sections -Wall -fstack-usage -fcyclomatic-complexity -MMD -MP -MF"MyDriversErdem/Src/GPIO.d" -MT"MyDriversErdem/Src/GPIO.o" --specs=nano.specs -mfloat-abi=soft -mthumb -o "MyDriversErdem/Src/GPIO.o"
arm-none-eabi-gcc -o "DriverDevelopment.elf" @"objects.list"   -mcpu=cortex-m4 -T"C:\Users\LENOVO\Desktop\embedded\EmbeddedProjects\DriverDevelopment\STM32F407VGTX_FLASH.ld" --specs=nosys.specs -Wl,-Map="DriverDevelopment.map" -Wl,--gc-sections -static --specs=nano.specs -mfloat-abi=soft -mthumb -Wl,--start-group -lc -lm -Wl,--end-group
Finished building target: DriverDevelopment.elf
 
arm-none-eabi-size   DriverDevelopment.elf 
arm-none-eabi-objdump -h -S  DriverDevelopment.elf  > "DriverDevelopment.list"
   text	   data	    bss	    dec	    hex	filename
    708	      8	   1568	   2284	    8ec	DriverDevelopment.elf
Finished building: default.size.stdout
 
Finished building: DriverDevelopment.list
 
18:16:14 **** Incremental Build of configuration Debug for project DriverDevelopment ****
make -j8 all 
arm-none-eabi-gcc "../MyDriversErdem/Src/GPIO.c" -mcpu=cortex-m4 -std=gnu11 -g3 -DDEBUG -DSTM32 -DSTM32F407G_DISC1 -DSTM32F4 -DSTM32F407VGTx -c -I../Inc -I"C:/Users/LENOVO/Desktop/embedded/EmbeddedProjects/DriverDevelopment/MyDriversErdem/Inc" -O0 -ffunction-sections -fdata-sections -Wall -fstack-usage -fcyclomatic-complexity -MMD -MP -MF"MyDriversErdem/Src/GPIO.d" -MT"MyDriversErdem/Src/GPIO.o" --specs=nano.specs -mfloat-abi=soft -mthumb -o "MyDriversErdem/Src/GPIO.o"
arm-none-eabi-gcc -o "DriverDevelopment.elf" @"objects.list"   -mcpu=cortex-m4 -T"C:\Users\LENOVO\Desktop\embedded\EmbeddedProjects\DriverDevelopment\STM32F407VGTX_FLASH.ld" --specs=nosys.specs -Wl,-Map="DriverDevelopment.map" -Wl,--gc-sections -static --specs=nano.specs -mfloat-abi=soft -mthumb -Wl,--start-group -lc -lm -Wl,--end-group
Finished building target: DriverDevelopment.elf
 
arm-none-eabi-size   DriverDevelopment.elf 
arm-none-eabi-objdump -h -S  DriverDevelopment.elf  > "DriverDevelopment.list"
   text	   data	    bss	    dec	    hex	filename
    708	      8	   1568	   2284	    8ec	DriverDevelopment.elf
Finished building: default.size.stdout
 
Finished building: DriverDevelopment.list
 
18:37:23 **** Incremental Build of configuration Debug for project DriverDevelopment ****
make -j8 all 
arm-none-eabi-gcc "../MyDriversErdem/Src/GPIO.c" -mcpu=cortex-m4 -std=gnu11 -g3 -DDEBUG -DSTM32 -DSTM32F407G_DISC1 -DSTM32F4 -DSTM32F407VGTx -c -I../Inc -I"C:/Users/LENOVO/Desktop/embedded/EmbeddedProjects/DriverDevelopment/MyDriversErdem/Inc" -O0 -ffunction-sections -fdata-sections -Wall -fstack-usage -fcyclomatic-complexity -MMD -MP -MF"MyDriversErdem/Src/GPIO.d" -MT"MyDriversErdem/Src/GPIO.o" --specs=nano.specs -mfloat-abi=soft -mthumb -o "MyDriversErdem/Src/GPIO.o"
../MyDriversErdem/Src/GPIO.c: In function 'GPIO_Init':
../MyDriversErdem/Src/GPIO.c:8:29: error: 'postion' undeclared (first use in this function); did you mean 'position'?
    8 |  for(position=0;position<16;postion++)
      |                             ^~~~~~~
      |                             position
../MyDriversErdem/Src/GPIO.c:8:29: note: each undeclared identifier is reported only once for each function it appears in
../MyDriversErdem/Src/GPIO.c:17:2: error: expected '(' before '}' token
   17 |  }
      |  ^
      |  (
../MyDriversErdem/Src/GPIO.c:7:11: warning: variable 'lastPosition' set but not used [-Wunused-but-set-variable]
    7 |  uint32_t lastPosition;
      |           ^~~~~~~~~~~~
make: *** [MyDriversErdem/Src/subdir.mk:22: MyDriversErdem/Src/GPIO.o] Error 1
"make -j8 all" terminated with exit code 2. Build might be incomplete.
18:38:19 **** Incremental Build of configuration Debug for project DriverDevelopment ****
make -j8 all 
arm-none-eabi-gcc "../MyDriversErdem/Src/GPIO.c" -mcpu=cortex-m4 -std=gnu11 -g3 -DDEBUG -DSTM32 -DSTM32F407G_DISC1 -DSTM32F4 -DSTM32F407VGTx -c -I../Inc -I"C:/Users/LENOVO/Desktop/embedded/EmbeddedProjects/DriverDevelopment/MyDriversErdem/Inc" -O0 -ffunction-sections -fdata-sections -Wall -fstack-usage -fcyclomatic-complexity -MMD -MP -MF"MyDriversErdem/Src/GPIO.d" -MT"MyDriversErdem/Src/GPIO.o" --specs=nano.specs -mfloat-abi=soft -mthumb -o "MyDriversErdem/Src/GPIO.o"
../MyDriversErdem/Src/GPIO.c: In function 'GPIO_Init':
../MyDriversErdem/Src/GPIO.c:9:29: error: 'postion' undeclared (first use in this function); did you mean 'position'?
    9 |  for(position=0;position<16;postion++)
      |                             ^~~~~~~
      |                             position
../MyDriversErdem/Src/GPIO.c:9:29: note: each undeclared identifier is reported only once for each function it appears in
make: *** [MyDriversErdem/Src/subdir.mk:22: MyDriversErdem/Src/GPIO.o] Error 1
"make -j8 all" terminated with exit code 2. Build might be incomplete.
18:41:30 **** Incremental Build of configuration Debug for project DriverDevelopment ****
make -j8 all 
arm-none-eabi-gcc "../MyDriversErdem/Src/GPIO.c" -mcpu=cortex-m4 -std=gnu11 -g3 -DDEBUG -DSTM32 -DSTM32F407G_DISC1 -DSTM32F4 -DSTM32F407VGTx -c -I../Inc -I"C:/Users/LENOVO/Desktop/embedded/EmbeddedProjects/DriverDevelopment/MyDriversErdem/Inc" -O0 -ffunction-sections -fdata-sections -Wall -fstack-usage -fcyclomatic-complexity -MMD -MP -MF"MyDriversErdem/Src/GPIO.d" -MT"MyDriversErdem/Src/GPIO.o" --specs=nano.specs -mfloat-abi=soft -mthumb -o "MyDriversErdem/Src/GPIO.o"
../MyDriversErdem/Src/GPIO.c: In function 'GPIO_Init':
../MyDriversErdem/Src/GPIO.c:22:9: error: 'GPIO_TypeDef_t' has no member named 'Moder'
   22 |    GPIOx->Moder = tempValue;
      |         ^~
make: *** [MyDriversErdem/Src/subdir.mk:22: MyDriversErdem/Src/GPIO.o] Error 1
"make -j8 all" terminated with exit code 2. Build might be incomplete.
18:41:45 **** Incremental Build of configuration Debug for project DriverDevelopment ****
make -j8 all 
arm-none-eabi-gcc "../MyDriversErdem/Src/GPIO.c" -mcpu=cortex-m4 -std=gnu11 -g3 -DDEBUG -DSTM32 -DSTM32F407G_DISC1 -DSTM32F4 -DSTM32F407VGTx -c -I../Inc -I"C:/Users/LENOVO/Desktop/embedded/EmbeddedProjects/DriverDevelopment/MyDriversErdem/Inc" -O0 -ffunction-sections -fdata-sections -Wall -fstack-usage -fcyclomatic-complexity -MMD -MP -MF"MyDriversErdem/Src/GPIO.d" -MT"MyDriversErdem/Src/GPIO.o" --specs=nano.specs -mfloat-abi=soft -mthumb -o "MyDriversErdem/Src/GPIO.o"
arm-none-eabi-gcc -o "DriverDevelopment.elf" @"objects.list"   -mcpu=cortex-m4 -T"C:\Users\LENOVO\Desktop\embedded\EmbeddedProjects\DriverDevelopment\STM32F407VGTX_FLASH.ld" --specs=nosys.specs -Wl,-Map="DriverDevelopment.map" -Wl,--gc-sections -static --specs=nano.specs -mfloat-abi=soft -mthumb -Wl,--start-group -lc -lm -Wl,--end-group
Finished building target: DriverDevelopment.elf
 
arm-none-eabi-size   DriverDevelopment.elf 
arm-none-eabi-objdump -h -S  DriverDevelopment.elf  > "DriverDevelopment.list"
   text	   data	    bss	    dec	    hex	filename
    708	      8	   1568	   2284	    8ec	DriverDevelopment.elf
Finished building: default.size.stdout
 
Finished building: DriverDevelopment.list
 
20:28:23 **** Incremental Build of configuration Debug for project DriverDevelopment ****
make -j8 all 
arm-none-eabi-gcc "../MyDriversErdem/Src/GPIO.c" -mcpu=cortex-m4 -std=gnu11 -g3 -DDEBUG -DSTM32 -DSTM32F407G_DISC1 -DSTM32F4 -DSTM32F407VGTx -c -I../Inc -I"C:/Users/LENOVO/Desktop/embedded/EmbeddedProjects/DriverDevelopment/MyDriversErdem/Inc" -O0 -ffunction-sections -fdata-sections -Wall -fstack-usage -fcyclomatic-complexity -MMD -MP -MF"MyDriversErdem/Src/GPIO.d" -MT"MyDriversErdem/Src/GPIO.o" --specs=nano.specs -mfloat-abi=soft -mthumb -o "MyDriversErdem/Src/GPIO.o"
arm-none-eabi-gcc -o "DriverDevelopment.elf" @"objects.list"   -mcpu=cortex-m4 -T"C:\Users\LENOVO\Desktop\embedded\EmbeddedProjects\DriverDevelopment\STM32F407VGTX_FLASH.ld" --specs=nosys.specs -Wl,-Map="DriverDevelopment.map" -Wl,--gc-sections -static --specs=nano.specs -mfloat-abi=soft -mthumb -Wl,--start-group -lc -lm -Wl,--end-group
Finished building target: DriverDevelopment.elf
 
arm-none-eabi-size   DriverDevelopment.elf 
arm-none-eabi-objdump -h -S  DriverDevelopment.elf  > "DriverDevelopment.list"
   text	   data	    bss	    dec	    hex	filename
    708	      8	   1568	   2284	    8ec	DriverDevelopment.elf
Finished building: default.size.stdout
 
Finished building: DriverDevelopment.list
 
20:32:18 **** Incremental Build of configuration Debug for project DriverDevelopment ****
make -j8 all 
arm-none-eabi-gcc "../MyDriversErdem/Src/GPIO.c" -mcpu=cortex-m4 -std=gnu11 -g3 -DDEBUG -DSTM32 -DSTM32F407G_DISC1 -DSTM32F4 -DSTM32F407VGTx -c -I../Inc -I"C:/Users/LENOVO/Desktop/embedded/EmbeddedProjects/DriverDevelopment/MyDriversErdem/Inc" -O0 -ffunction-sections -fdata-sections -Wall -fstack-usage -fcyclomatic-complexity -MMD -MP -MF"MyDriversErdem/Src/GPIO.d" -MT"MyDriversErdem/Src/GPIO.o" --specs=nano.specs -mfloat-abi=soft -mthumb -o "MyDriversErdem/Src/GPIO.o"
arm-none-eabi-gcc -o "DriverDevelopment.elf" @"objects.list"   -mcpu=cortex-m4 -T"C:\Users\LENOVO\Desktop\embedded\EmbeddedProjects\DriverDevelopment\STM32F407VGTX_FLASH.ld" --specs=nosys.specs -Wl,-Map="DriverDevelopment.map" -Wl,--gc-sections -static --specs=nano.specs -mfloat-abi=soft -mthumb -Wl,--start-group -lc -lm -Wl,--end-group
Finished building target: DriverDevelopment.elf
 
arm-none-eabi-size   DriverDevelopment.elf 
arm-none-eabi-objdump -h -S  DriverDevelopment.elf  > "DriverDevelopment.list"
   text	   data	    bss	    dec	    hex	filename
    708	      8	   1568	   2284	    8ec	DriverDevelopment.elf
Finished building: default.size.stdout
 
Finished building: DriverDevelopment.list
 
18:49:31 **** Build of configuration Debug for project DriverDevelopment ****
make -j8 all 
arm-none-eabi-gcc "../MyDriversErdem/Src/GPIO.c" -mcpu=cortex-m4 -std=gnu11 -g3 -DDEBUG -DSTM32 -DSTM32F407G_DISC1 -DSTM32F4 -DSTM32F407VGTx -c -I../Inc -I"C:/Users/LENOVO/Desktop/embedded/EmbeddedProjects/DriverDevelopment/MyDriversErdem/Inc" -O0 -ffunction-sections -fdata-sections -Wall -fstack-usage -fcyclomatic-complexity -MMD -MP -MF"MyDriversErdem/Src/GPIO.d" -MT"MyDriversErdem/Src/GPIO.o" --specs=nano.specs -mfloat-abi=soft -mthumb -o "MyDriversErdem/Src/GPIO.o"
arm-none-eabi-gcc -o "DriverDevelopment.elf" @"objects.list"   -mcpu=cortex-m4 -T"C:\Users\LENOVO\Desktop\embedded\EmbeddedProjects\DriverDevelopment\STM32F407VGTX_FLASH.ld" --specs=nosys.specs -Wl,-Map="DriverDevelopment.map" -Wl,--gc-sections -static --specs=nano.specs -mfloat-abi=soft -mthumb -Wl,--start-group -lc -lm -Wl,--end-group
Finished building target: DriverDevelopment.elf
 
arm-none-eabi-size   DriverDevelopment.elf 
arm-none-eabi-objdump -h -S  DriverDevelopment.elf  > "DriverDevelopment.list"
   text	   data	    bss	    dec	    hex	filename
    708	      8	   1568	   2284	    8ec	DriverDevelopment.elf
Finished building: default.size.stdout
 
Finished building: DriverDevelopment.list
 
14:36:32 **** Incremental Build of configuration Debug for project DriverDevelopment ****
make -j8 all 
arm-none-eabi-gcc "../MyDriversErdem/Src/GPIO.c" -mcpu=cortex-m4 -std=gnu11 -g3 -DDEBUG -DSTM32 -DSTM32F407G_DISC1 -DSTM32F4 -DSTM32F407VGTx -c -I../Inc -I"C:/Users/LENOVO/Desktop/embedded/EmbeddedProjects/DriverDevelopment/MyDriversErdem/Inc" -O0 -ffunction-sections -fdata-sections -Wall -fstack-usage -fcyclomatic-complexity -MMD -MP -MF"MyDriversErdem/Src/GPIO.d" -MT"MyDriversErdem/Src/GPIO.o" --specs=nano.specs -mfloat-abi=soft -mthumb -o "MyDriversErdem/Src/GPIO.o"
arm-none-eabi-gcc -o "DriverDevelopment.elf" @"objects.list"   -mcpu=cortex-m4 -T"C:\Users\LENOVO\Desktop\embedded\EmbeddedProjects\DriverDevelopment\STM32F407VGTX_FLASH.ld" --specs=nosys.specs -Wl,-Map="DriverDevelopment.map" -Wl,--gc-sections -static --specs=nano.specs -mfloat-abi=soft -mthumb -Wl,--start-group -lc -lm -Wl,--end-group
Finished building target: DriverDevelopment.elf
 
arm-none-eabi-size   DriverDevelopment.elf 
arm-none-eabi-objdump -h -S  DriverDevelopment.elf  > "DriverDevelopment.list"
   text	   data	    bss	    dec	    hex	filename
    708	      8	   1568	   2284	    8ec	DriverDevelopment.elf
Finished building: DriverDevelopment.list
Finished building: default.size.stdout
 
 
14:58:24 **** Incremental Build of configuration Debug for project DriverDevelopment ****
make -j8 all 
arm-none-eabi-gcc "../Src/main.c" -mcpu=cortex-m4 -std=gnu11 -g3 -DDEBUG -DSTM32 -DSTM32F407G_DISC1 -DSTM32F4 -DSTM32F407VGTx -c -I../Inc -I"C:/Users/LENOVO/Desktop/embedded/EmbeddedProjects/DriverDevelopment/MyDriversErdem/Inc" -O0 -ffunction-sections -fdata-sections -Wall -fstack-usage -fcyclomatic-complexity -MMD -MP -MF"Src/main.d" -MT"Src/main.o" --specs=nano.specs -mfloat-abi=soft -mthumb -o "Src/main.o"
arm-none-eabi-gcc "../MyDriversErdem/Src/GPIO.c" -mcpu=cortex-m4 -std=gnu11 -g3 -DDEBUG -DSTM32 -DSTM32F407G_DISC1 -DSTM32F4 -DSTM32F407VGTx -c -I../Inc -I"C:/Users/LENOVO/Desktop/embedded/EmbeddedProjects/DriverDevelopment/MyDriversErdem/Inc" -O0 -ffunction-sections -fdata-sections -Wall -fstack-usage -fcyclomatic-complexity -MMD -MP -MF"MyDriversErdem/Src/GPIO.d" -MT"MyDriversErdem/Src/GPIO.o" --specs=nano.specs -mfloat-abi=soft -mthumb -o "MyDriversErdem/Src/GPIO.o"
arm-none-eabi-gcc "../MyDriversErdem/Src/RCC.c" -mcpu=cortex-m4 -std=gnu11 -g3 -DDEBUG -DSTM32 -DSTM32F407G_DISC1 -DSTM32F4 -DSTM32F407VGTx -c -I../Inc -I"C:/Users/LENOVO/Desktop/embedded/EmbeddedProjects/DriverDevelopment/MyDriversErdem/Inc" -O0 -ffunction-sections -fdata-sections -Wall -fstack-usage -fcyclomatic-complexity -MMD -MP -MF"MyDriversErdem/Src/RCC.d" -MT"MyDriversErdem/Src/RCC.o" --specs=nano.specs -mfloat-abi=soft -mthumb -o "MyDriversErdem/Src/RCC.o"
arm-none-eabi-gcc -o "DriverDevelopment.elf" @"objects.list"   -mcpu=cortex-m4 -T"C:\Users\LENOVO\Desktop\embedded\EmbeddedProjects\DriverDevelopment\STM32F407VGTX_FLASH.ld" --specs=nosys.specs -Wl,-Map="DriverDevelopment.map" -Wl,--gc-sections -static --specs=nano.specs -mfloat-abi=soft -mthumb -Wl,--start-group -lc -lm -Wl,--end-group
Finished building target: DriverDevelopment.elf
 
arm-none-eabi-size   DriverDevelopment.elf 
arm-none-eabi-objdump -h -S  DriverDevelopment.elf  > "DriverDevelopment.list"
   text	   data	    bss	    dec	    hex	filename
    708	      8	   1568	   2284	    8ec	DriverDevelopment.elf
Finished building: default.size.stdout
 
Finished building: DriverDevelopment.list
 
15:06:37 **** Incremental Build of configuration Debug for project DriverDevelopment ****
make -j8 all 
arm-none-eabi-gcc "../Src/main.c" -mcpu=cortex-m4 -std=gnu11 -g3 -DDEBUG -DSTM32 -DSTM32F407G_DISC1 -DSTM32F4 -DSTM32F407VGTx -c -I../Inc -I"C:/Users/LENOVO/Desktop/embedded/EmbeddedProjects/DriverDevelopment/MyDriversErdem/Inc" -O0 -ffunction-sections -fdata-sections -Wall -fstack-usage -fcyclomatic-complexity -MMD -MP -MF"Src/main.d" -MT"Src/main.o" --specs=nano.specs -mfloat-abi=soft -mthumb -o "Src/main.o"
arm-none-eabi-gcc "../MyDriversErdem/Src/GPIO.c" -mcpu=cortex-m4 -std=gnu11 -g3 -DDEBUG -DSTM32 -DSTM32F407G_DISC1 -DSTM32F4 -DSTM32F407VGTx -c -I../Inc -I"C:/Users/LENOVO/Desktop/embedded/EmbeddedProjects/DriverDevelopment/MyDriversErdem/Inc" -O0 -ffunction-sections -fdata-sections -Wall -fstack-usage -fcyclomatic-complexity -MMD -MP -MF"MyDriversErdem/Src/GPIO.d" -MT"MyDriversErdem/Src/GPIO.o" --specs=nano.specs -mfloat-abi=soft -mthumb -o "MyDriversErdem/Src/GPIO.o"
arm-none-eabi-gcc "../MyDriversErdem/Src/RCC.c" -mcpu=cortex-m4 -std=gnu11 -g3 -DDEBUG -DSTM32 -DSTM32F407G_DISC1 -DSTM32F4 -DSTM32F407VGTx -c -I../Inc -I"C:/Users/LENOVO/Desktop/embedded/EmbeddedProjects/DriverDevelopment/MyDriversErdem/Inc" -O0 -ffunction-sections -fdata-sections -Wall -fstack-usage -fcyclomatic-complexity -MMD -MP -MF"MyDriversErdem/Src/RCC.d" -MT"MyDriversErdem/Src/RCC.o" --specs=nano.specs -mfloat-abi=soft -mthumb -o "MyDriversErdem/Src/RCC.o"
arm-none-eabi-gcc -o "DriverDevelopment.elf" @"objects.list"   -mcpu=cortex-m4 -T"C:\Users\LENOVO\Desktop\embedded\EmbeddedProjects\DriverDevelopment\STM32F407VGTX_FLASH.ld" --specs=nosys.specs -Wl,-Map="DriverDevelopment.map" -Wl,--gc-sections -static --specs=nano.specs -mfloat-abi=soft -mthumb -Wl,--start-group -lc -lm -Wl,--end-group
Finished building target: DriverDevelopment.elf
 
arm-none-eabi-size   DriverDevelopment.elf 
arm-none-eabi-objdump -h -S  DriverDevelopment.elf  > "DriverDevelopment.list"
   text	   data	    bss	    dec	    hex	filename
    708	      8	   1568	   2284	    8ec	DriverDevelopment.elf
Finished building: default.size.stdout
 
Finished building: DriverDevelopment.list
 
15:09:04 **** Incremental Build of configuration Debug for project DriverDevelopment ****
make -j8 all 
arm-none-eabi-gcc "../MyDriversErdem/Src/EXTI.c" -mcpu=cortex-m4 -std=gnu11 -g3 -DDEBUG -DSTM32 -DSTM32F407G_DISC1 -DSTM32F4 -DSTM32F407VGTx -c -I../Inc -I"C:/Users/LENOVO/Desktop/embedded/EmbeddedProjects/DriverDevelopment/MyDriversErdem/Inc" -O0 -ffunction-sections -fdata-sections -Wall -fstack-usage -fcyclomatic-complexity -MMD -MP -MF"MyDriversErdem/Src/EXTI.d" -MT"MyDriversErdem/Src/EXTI.o" --specs=nano.specs -mfloat-abi=soft -mthumb -o "MyDriversErdem/Src/EXTI.o"
arm-none-eabi-gcc "../MyDriversErdem/Src/GPIO.c" -mcpu=cortex-m4 -std=gnu11 -g3 -DDEBUG -DSTM32 -DSTM32F407G_DISC1 -DSTM32F4 -DSTM32F407VGTx -c -I../Inc -I"C:/Users/LENOVO/Desktop/embedded/EmbeddedProjects/DriverDevelopment/MyDriversErdem/Inc" -O0 -ffunction-sections -fdata-sections -Wall -fstack-usage -fcyclomatic-complexity -MMD -MP -MF"MyDriversErdem/Src/GPIO.d" -MT"MyDriversErdem/Src/GPIO.o" --specs=nano.specs -mfloat-abi=soft -mthumb -o "MyDriversErdem/Src/GPIO.o"
arm-none-eabi-gcc "../MyDriversErdem/Src/RCC.c" -mcpu=cortex-m4 -std=gnu11 -g3 -DDEBUG -DSTM32 -DSTM32F407G_DISC1 -DSTM32F4 -DSTM32F407VGTx -c -I../Inc -I"C:/Users/LENOVO/Desktop/embedded/EmbeddedProjects/DriverDevelopment/MyDriversErdem/Inc" -O0 -ffunction-sections -fdata-sections -Wall -fstack-usage -fcyclomatic-complexity -MMD -MP -MF"MyDriversErdem/Src/RCC.d" -MT"MyDriversErdem/Src/RCC.o" --specs=nano.specs -mfloat-abi=soft -mthumb -o "MyDriversErdem/Src/RCC.o"
arm-none-eabi-gcc -o "DriverDevelopment.elf" @"objects.list"   -mcpu=cortex-m4 -T"C:\Users\LENOVO\Desktop\embedded\EmbeddedProjects\DriverDevelopment\STM32F407VGTX_FLASH.ld" --specs=nosys.specs -Wl,-Map="DriverDevelopment.map" -Wl,--gc-sections -static --specs=nano.specs -mfloat-abi=soft -mthumb -Wl,--start-group -lc -lm -Wl,--end-group
Finished building target: DriverDevelopment.elf
 
arm-none-eabi-size   DriverDevelopment.elf 
arm-none-eabi-objdump -h -S  DriverDevelopment.elf  > "DriverDevelopment.list"
   text	   data	    bss	    dec	    hex	filename
    708	      8	   1568	   2284	    8ec	DriverDevelopment.elf
Finished building: default.size.stdout
 
Finished building: DriverDevelopment.list
 
15:09:31 **** Incremental Build of configuration Debug for project DriverDevelopment ****
make -j8 all 
arm-none-eabi-gcc "../MyDriversErdem/Src/EXTI.c" -mcpu=cortex-m4 -std=gnu11 -g3 -DDEBUG -DSTM32 -DSTM32F407G_DISC1 -DSTM32F4 -DSTM32F407VGTx -c -I../Inc -I"C:/Users/LENOVO/Desktop/embedded/EmbeddedProjects/DriverDevelopment/MyDriversErdem/Inc" -O0 -ffunction-sections -fdata-sections -Wall -fstack-usage -fcyclomatic-complexity -MMD -MP -MF"MyDriversErdem/Src/EXTI.d" -MT"MyDriversErdem/Src/EXTI.o" --specs=nano.specs -mfloat-abi=soft -mthumb -o "MyDriversErdem/Src/EXTI.o"
arm-none-eabi-gcc -o "DriverDevelopment.elf" @"objects.list"   -mcpu=cortex-m4 -T"C:\Users\LENOVO\Desktop\embedded\EmbeddedProjects\DriverDevelopment\STM32F407VGTX_FLASH.ld" --specs=nosys.specs -Wl,-Map="DriverDevelopment.map" -Wl,--gc-sections -static --specs=nano.specs -mfloat-abi=soft -mthumb -Wl,--start-group -lc -lm -Wl,--end-group
Finished building target: DriverDevelopment.elf
 
arm-none-eabi-size   DriverDevelopment.elf 
arm-none-eabi-objdump -h -S  DriverDevelopment.elf  > "DriverDevelopment.list"
   text	   data	    bss	    dec	    hex	filename
    708	      8	   1568	   2284	    8ec	DriverDevelopment.elf
Finished building: default.size.stdout
 
Finished building: DriverDevelopment.list
 
15:10:32 **** Incremental Build of configuration Debug for project DriverDevelopment ****
make -j8 all 
arm-none-eabi-gcc "../Src/main.c" -mcpu=cortex-m4 -std=gnu11 -g3 -DDEBUG -DSTM32 -DSTM32F407G_DISC1 -DSTM32F4 -DSTM32F407VGTx -c -I../Inc -I"C:/Users/LENOVO/Desktop/embedded/EmbeddedProjects/DriverDevelopment/MyDriversErdem/Inc" -O0 -ffunction-sections -fdata-sections -Wall -fstack-usage -fcyclomatic-complexity -MMD -MP -MF"Src/main.d" -MT"Src/main.o" --specs=nano.specs -mfloat-abi=soft -mthumb -o "Src/main.o"
arm-none-eabi-gcc "../MyDriversErdem/Src/EXTI.c" -mcpu=cortex-m4 -std=gnu11 -g3 -DDEBUG -DSTM32 -DSTM32F407G_DISC1 -DSTM32F4 -DSTM32F407VGTx -c -I../Inc -I"C:/Users/LENOVO/Desktop/embedded/EmbeddedProjects/DriverDevelopment/MyDriversErdem/Inc" -O0 -ffunction-sections -fdata-sections -Wall -fstack-usage -fcyclomatic-complexity -MMD -MP -MF"MyDriversErdem/Src/EXTI.d" -MT"MyDriversErdem/Src/EXTI.o" --specs=nano.specs -mfloat-abi=soft -mthumb -o "MyDriversErdem/Src/EXTI.o"
arm-none-eabi-gcc "../MyDriversErdem/Src/GPIO.c" -mcpu=cortex-m4 -std=gnu11 -g3 -DDEBUG -DSTM32 -DSTM32F407G_DISC1 -DSTM32F4 -DSTM32F407VGTx -c -I../Inc -I"C:/Users/LENOVO/Desktop/embedded/EmbeddedProjects/DriverDevelopment/MyDriversErdem/Inc" -O0 -ffunction-sections -fdata-sections -Wall -fstack-usage -fcyclomatic-complexity -MMD -MP -MF"MyDriversErdem/Src/GPIO.d" -MT"MyDriversErdem/Src/GPIO.o" --specs=nano.specs -mfloat-abi=soft -mthumb -o "MyDriversErdem/Src/GPIO.o"
arm-none-eabi-gcc "../MyDriversErdem/Src/RCC.c" -mcpu=cortex-m4 -std=gnu11 -g3 -DDEBUG -DSTM32 -DSTM32F407G_DISC1 -DSTM32F4 -DSTM32F407VGTx -c -I../Inc -I"C:/Users/LENOVO/Desktop/embedded/EmbeddedProjects/DriverDevelopment/MyDriversErdem/Inc" -O0 -ffunction-sections -fdata-sections -Wall -fstack-usage -fcyclomatic-complexity -MMD -MP -MF"MyDriversErdem/Src/RCC.d" -MT"MyDriversErdem/Src/RCC.o" --specs=nano.specs -mfloat-abi=soft -mthumb -o "MyDriversErdem/Src/RCC.o"
arm-none-eabi-gcc -o "DriverDevelopment.elf" @"objects.list"   -mcpu=cortex-m4 -T"C:\Users\LENOVO\Desktop\embedded\EmbeddedProjects\DriverDevelopment\STM32F407VGTX_FLASH.ld" --specs=nosys.specs -Wl,-Map="DriverDevelopment.map" -Wl,--gc-sections -static --specs=nano.specs -mfloat-abi=soft -mthumb -Wl,--start-group -lc -lm -Wl,--end-group
Finished building target: DriverDevelopment.elf
 
arm-none-eabi-size   DriverDevelopment.elf 
arm-none-eabi-objdump -h -S  DriverDevelopment.elf  > "DriverDevelopment.list"
   text	   data	    bss	    dec	    hex	filename
    708	      8	   1568	   2284	    8ec	DriverDevelopment.elf
Finished building: default.size.stdout
 
Finished building: DriverDevelopment.list
 
15:37:21 **** Incremental Build of configuration Debug for project DriverDevelopment ****
make -j8 all 
arm-none-eabi-gcc "../Src/main.c" -mcpu=cortex-m4 -std=gnu11 -g3 -DDEBUG -DSTM32 -DSTM32F407G_DISC1 -DSTM32F4 -DSTM32F407VGTx -c -I../Inc -I"C:/Users/LENOVO/Desktop/embedded/EmbeddedProjects/DriverDevelopment/MyDriversErdem/Inc" -O0 -ffunction-sections -fdata-sections -Wall -fstack-usage -fcyclomatic-complexity -MMD -MP -MF"Src/main.d" -MT"Src/main.o" --specs=nano.specs -mfloat-abi=soft -mthumb -o "Src/main.o"
arm-none-eabi-gcc "../MyDriversErdem/Src/EXTI.c" -mcpu=cortex-m4 -std=gnu11 -g3 -DDEBUG -DSTM32 -DSTM32F407G_DISC1 -DSTM32F4 -DSTM32F407VGTx -c -I../Inc -I"C:/Users/LENOVO/Desktop/embedded/EmbeddedProjects/DriverDevelopment/MyDriversErdem/Inc" -O0 -ffunction-sections -fdata-sections -Wall -fstack-usage -fcyclomatic-complexity -MMD -MP -MF"MyDriversErdem/Src/EXTI.d" -MT"MyDriversErdem/Src/EXTI.o" --specs=nano.specs -mfloat-abi=soft -mthumb -o "MyDriversErdem/Src/EXTI.o"
arm-none-eabi-gcc "../MyDriversErdem/Src/GPIO.c" -mcpu=cortex-m4 -std=gnu11 -g3 -DDEBUG -DSTM32 -DSTM32F407G_DISC1 -DSTM32F4 -DSTM32F407VGTx -c -I../Inc -I"C:/Users/LENOVO/Desktop/embedded/EmbeddedProjects/DriverDevelopment/MyDriversErdem/Inc" -O0 -ffunction-sections -fdata-sections -Wall -fstack-usage -fcyclomatic-complexity -MMD -MP -MF"MyDriversErdem/Src/GPIO.d" -MT"MyDriversErdem/Src/GPIO.o" --specs=nano.specs -mfloat-abi=soft -mthumb -o "MyDriversErdem/Src/GPIO.o"
arm-none-eabi-gcc "../MyDriversErdem/Src/RCC.c" -mcpu=cortex-m4 -std=gnu11 -g3 -DDEBUG -DSTM32 -DSTM32F407G_DISC1 -DSTM32F4 -DSTM32F407VGTx -c -I../Inc -I"C:/Users/LENOVO/Desktop/embedded/EmbeddedProjects/DriverDevelopment/MyDriversErdem/Inc" -O0 -ffunction-sections -fdata-sections -Wall -fstack-usage -fcyclomatic-complexity -MMD -MP -MF"MyDriversErdem/Src/RCC.d" -MT"MyDriversErdem/Src/RCC.o" --specs=nano.specs -mfloat-abi=soft -mthumb -o "MyDriversErdem/Src/RCC.o"
arm-none-eabi-gcc -o "DriverDevelopment.elf" @"objects.list"   -mcpu=cortex-m4 -T"C:\Users\LENOVO\Desktop\embedded\EmbeddedProjects\DriverDevelopment\STM32F407VGTX_FLASH.ld" --specs=nosys.specs -Wl,-Map="DriverDevelopment.map" -Wl,--gc-sections -static --specs=nano.specs -mfloat-abi=soft -mthumb -Wl,--start-group -lc -lm -Wl,--end-group
Finished building target: DriverDevelopment.elf
 
arm-none-eabi-size   DriverDevelopment.elf 
arm-none-eabi-objdump -h -S  DriverDevelopment.elf  > "DriverDevelopment.list"
   text	   data	    bss	    dec	    hex	filename
    708	      8	   1568	   2284	    8ec	DriverDevelopment.elf
Finished building: default.size.stdout
 
Finished building: DriverDevelopment.list
 
15:41:16 **** Incremental Build of configuration Debug for project DriverDevelopment ****
make -j8 all 
arm-none-eabi-gcc "../Src/main.c" -mcpu=cortex-m4 -std=gnu11 -g3 -DDEBUG -DSTM32 -DSTM32F407G_DISC1 -DSTM32F4 -DSTM32F407VGTx -c -I../Inc -I"C:/Users/LENOVO/Desktop/embedded/EmbeddedProjects/DriverDevelopment/MyDriversErdem/Inc" -O0 -ffunction-sections -fdata-sections -Wall -fstack-usage -fcyclomatic-complexity -MMD -MP -MF"Src/main.d" -MT"Src/main.o" --specs=nano.specs -mfloat-abi=soft -mthumb -o "Src/main.o"
arm-none-eabi-gcc "../MyDriversErdem/Src/EXTI.c" -mcpu=cortex-m4 -std=gnu11 -g3 -DDEBUG -DSTM32 -DSTM32F407G_DISC1 -DSTM32F4 -DSTM32F407VGTx -c -I../Inc -I"C:/Users/LENOVO/Desktop/embedded/EmbeddedProjects/DriverDevelopment/MyDriversErdem/Inc" -O0 -ffunction-sections -fdata-sections -Wall -fstack-usage -fcyclomatic-complexity -MMD -MP -MF"MyDriversErdem/Src/EXTI.d" -MT"MyDriversErdem/Src/EXTI.o" --specs=nano.specs -mfloat-abi=soft -mthumb -o "MyDriversErdem/Src/EXTI.o"
arm-none-eabi-gcc "../MyDriversErdem/Src/GPIO.c" -mcpu=cortex-m4 -std=gnu11 -g3 -DDEBUG -DSTM32 -DSTM32F407G_DISC1 -DSTM32F4 -DSTM32F407VGTx -c -I../Inc -I"C:/Users/LENOVO/Desktop/embedded/EmbeddedProjects/DriverDevelopment/MyDriversErdem/Inc" -O0 -ffunction-sections -fdata-sections -Wall -fstack-usage -fcyclomatic-complexity -MMD -MP -MF"MyDriversErdem/Src/GPIO.d" -MT"MyDriversErdem/Src/GPIO.o" --specs=nano.specs -mfloat-abi=soft -mthumb -o "MyDriversErdem/Src/GPIO.o"
arm-none-eabi-gcc "../MyDriversErdem/Src/RCC.c" -mcpu=cortex-m4 -std=gnu11 -g3 -DDEBUG -DSTM32 -DSTM32F407G_DISC1 -DSTM32F4 -DSTM32F407VGTx -c -I../Inc -I"C:/Users/LENOVO/Desktop/embedded/EmbeddedProjects/DriverDevelopment/MyDriversErdem/Inc" -O0 -ffunction-sections -fdata-sections -Wall -fstack-usage -fcyclomatic-complexity -MMD -MP -MF"MyDriversErdem/Src/RCC.d" -MT"MyDriversErdem/Src/RCC.o" --specs=nano.specs -mfloat-abi=soft -mthumb -o "MyDriversErdem/Src/RCC.o"
arm-none-eabi-gcc -o "DriverDevelopment.elf" @"objects.list"   -mcpu=cortex-m4 -T"C:\Users\LENOVO\Desktop\embedded\EmbeddedProjects\DriverDevelopment\STM32F407VGTX_FLASH.ld" --specs=nosys.specs -Wl,-Map="DriverDevelopment.map" -Wl,--gc-sections -static --specs=nano.specs -mfloat-abi=soft -mthumb -Wl,--start-group -lc -lm -Wl,--end-group
Finished building target: DriverDevelopment.elf
 
arm-none-eabi-size   DriverDevelopment.elf 
arm-none-eabi-objdump -h -S  DriverDevelopment.elf  > "DriverDevelopment.list"
   text	   data	    bss	    dec	    hex	filename
    708	      8	   1568	   2284	    8ec	DriverDevelopment.elf
Finished building: default.size.stdout
 
Finished building: DriverDevelopment.list
 
18:48:11 **** Incremental Build of configuration Debug for project DriverDevelopment ****
make -j8 all 
arm-none-eabi-gcc "../Src/main.c" -mcpu=cortex-m4 -std=gnu11 -g3 -DDEBUG -DSTM32 -DSTM32F407G_DISC1 -DSTM32F4 -DSTM32F407VGTx -c -I../Inc -I"C:/Users/LENOVO/Desktop/embedded/EmbeddedProjects/DriverDevelopment/MyDriversErdem/Inc" -O0 -ffunction-sections -fdata-sections -Wall -fstack-usage -fcyclomatic-complexity -MMD -MP -MF"Src/main.d" -MT"Src/main.o" --specs=nano.specs -mfloat-abi=soft -mthumb -o "Src/main.o"
arm-none-eabi-gcc "../MyDriversErdem/Src/EXTI.c" -mcpu=cortex-m4 -std=gnu11 -g3 -DDEBUG -DSTM32 -DSTM32F407G_DISC1 -DSTM32F4 -DSTM32F407VGTx -c -I../Inc -I"C:/Users/LENOVO/Desktop/embedded/EmbeddedProjects/DriverDevelopment/MyDriversErdem/Inc" -O0 -ffunction-sections -fdata-sections -Wall -fstack-usage -fcyclomatic-complexity -MMD -MP -MF"MyDriversErdem/Src/EXTI.d" -MT"MyDriversErdem/Src/EXTI.o" --specs=nano.specs -mfloat-abi=soft -mthumb -o "MyDriversErdem/Src/EXTI.o"
arm-none-eabi-gcc "../MyDriversErdem/Src/GPIO.c" -mcpu=cortex-m4 -std=gnu11 -g3 -DDEBUG -DSTM32 -DSTM32F407G_DISC1 -DSTM32F4 -DSTM32F407VGTx -c -I../Inc -I"C:/Users/LENOVO/Desktop/embedded/EmbeddedProjects/DriverDevelopment/MyDriversErdem/Inc" -O0 -ffunction-sections -fdata-sections -Wall -fstack-usage -fcyclomatic-complexity -MMD -MP -MF"MyDriversErdem/Src/GPIO.d" -MT"MyDriversErdem/Src/GPIO.o" --specs=nano.specs -mfloat-abi=soft -mthumb -o "MyDriversErdem/Src/GPIO.o"
arm-none-eabi-gcc "../MyDriversErdem/Src/RCC.c" -mcpu=cortex-m4 -std=gnu11 -g3 -DDEBUG -DSTM32 -DSTM32F407G_DISC1 -DSTM32F4 -DSTM32F407VGTx -c -I../Inc -I"C:/Users/LENOVO/Desktop/embedded/EmbeddedProjects/DriverDevelopment/MyDriversErdem/Inc" -O0 -ffunction-sections -fdata-sections -Wall -fstack-usage -fcyclomatic-complexity -MMD -MP -MF"MyDriversErdem/Src/RCC.d" -MT"MyDriversErdem/Src/RCC.o" --specs=nano.specs -mfloat-abi=soft -mthumb -o "MyDriversErdem/Src/RCC.o"
arm-none-eabi-gcc -o "DriverDevelopment.elf" @"objects.list"   -mcpu=cortex-m4 -T"C:\Users\LENOVO\Desktop\embedded\EmbeddedProjects\DriverDevelopment\STM32F407VGTX_FLASH.ld" --specs=nosys.specs -Wl,-Map="DriverDevelopment.map" -Wl,--gc-sections -static --specs=nano.specs -mfloat-abi=soft -mthumb -Wl,--start-group -lc -lm -Wl,--end-group
Finished building target: DriverDevelopment.elf
 
arm-none-eabi-size   DriverDevelopment.elf 
arm-none-eabi-objdump -h -S  DriverDevelopment.elf  > "DriverDevelopment.list"
   text	   data	    bss	    dec	    hex	filename
    708	      8	   1568	   2284	    8ec	DriverDevelopment.elf
Finished building: default.size.stdout
 
Finished building: DriverDevelopment.list
 
18:50:09 **** Incremental Build of configuration Debug for project DriverDevelopment ****
make -j8 all 
arm-none-eabi-gcc "../MyDriversErdem/Src/EXTI.c" -mcpu=cortex-m4 -std=gnu11 -g3 -DDEBUG -DSTM32 -DSTM32F407G_DISC1 -DSTM32F4 -DSTM32F407VGTx -c -I../Inc -I"C:/Users/LENOVO/Desktop/embedded/EmbeddedProjects/DriverDevelopment/MyDriversErdem/Inc" -O0 -ffunction-sections -fdata-sections -Wall -fstack-usage -fcyclomatic-complexity -MMD -MP -MF"MyDriversErdem/Src/EXTI.d" -MT"MyDriversErdem/Src/EXTI.o" --specs=nano.specs -mfloat-abi=soft -mthumb -o "MyDriversErdem/Src/EXTI.o"
[...]
arm-none-eabi-gcc -o "DriverDevelopment.elf" @"objects.list"   -mcpu=cortex-m4 -T"C:\Users\LENOVO\Desktop\embedded\EmbeddedProjects\DriverDevelopment\STM32F407VGTX_FLASH.ld" --specs=nosys.specs -Wl,-Map="DriverDevelopment.map" -Wl,--gc-sections -static --specs=nano.specs -mfloat-abi=soft -mthumb -Wl,--start-group -lc -lm -Wl,--end-group
Finished building target: DriverDevelopment.elf
 
arm-none-eabi-size   DriverDevelopment.elf 
arm-none-eabi-objdump -h -S  DriverDevelopment.elf  > "DriverDevelopment.list"
   text	   data	    bss	    dec	    hex	filename
   2236	      8	   1632	   3876	    f24	DriverDevelopment.elf
Finished building: default.size.stdout
 
Finished building: DriverDevelopment.list
 
17:02:18 **** Incremental Build of configuration Debug for project DriverDevelopment ****
make -j8 all 
arm-none-eabi-gcc "../Src/main.c" -mcpu=cortex-m4 -std=gnu11 -g3 -DDEBUG -DSTM32 -DSTM32F407G_DISC1 -DSTM32F4 -DSTM32F407VGTx -c -I../Inc -I"C:/Users/LENOVO/Desktop/embedded/EmbeddedProjects/DriverDevelopment/MyDriversErdem/Inc" -O0 -ffunction-sections -fdata-sections -Wall -fstack-usage -fcyclomatic-complexity -MMD -MP -MF"Src/main.d" -MT"Src/main.o" --specs=nano.specs -mfloat-abi=soft -mthumb -o "Src/main.o"
arm-none-eabi-gcc "../MyDriversErdem/Src/EXTI.c" -mcpu=cortex-m4 -std=gnu11 -g3 -DDEBUG -DSTM32 -DSTM32F407G_DISC1 -DSTM32F4 -DSTM32F407VGTx -c -I../Inc -I"C:/Users/LENOVO/Desktop/embedded/EmbeddedProjects/DriverDevelopment/MyDriversErdem/Inc" -O0 -ffunction-sections -fdata-sections -Wall -fstack-usage -fcyclomatic-complexity -MMD -MP -MF"MyDriversErdem/Src/EXTI.d" -MT"MyDriversErdem/Src/EXTI.o" --specs=nano.specs -mfloat-abi=soft -mthumb -o "MyDriversErdem/Src/EXTI.o"
arm-none-eabi-gcc "../MyDriversErdem/Src/GPIO.c" -mcpu=cortex-m4 -std=gnu11 -g3 -DDEBUG -DSTM32 -DSTM32F407G_DISC1 -DSTM32F4 -DSTM32F407VGTx -c -I../Inc -I"C:/Users/LENOVO/Desktop/embedded/EmbeddedProjects/DriverDevelopment/MyDriversErdem/Inc" -O0 -ffunction-sections -fdata-sections -Wall -fstack-usage -fcyclomatic-complexity -MMD -MP -MF"MyDriversErdem/Src/GPIO.d" -MT"MyDriversErdem/Src/GPIO.o" --specs=nano.specs -mfloat-abi=soft -mthumb -o "MyDriversErdem/Src/GPIO.o"
arm-none-eabi-gcc "../MyDriversErdem/Src/RCC.c" -mcpu=cortex-m4 -std=gnu11 -g3 -DDEBUG -DSTM32 -DSTM32F407G_DISC1 -DSTM32F4 -DSTM32F407VGTx -c -I../Inc -I"C:/Users/LENOVO/Desktop/embedded/EmbeddedProjects/DriverDevelopment/MyDriversErdem/Inc" -O0 -ffunction-sections -fdata-sections -Wall -fstack-usage -fcyclomatic-complexity -MMD -MP -MF"MyDriversErdem/Src/RCC.d" -MT"MyDriversErdem/Src/RCC.o" --specs=nano.specs -mfloat-abi=soft -mthumb -o "MyDriversErdem/Src/RCC.o"
arm-none-eabi-gcc "../MyDriversErdem/Src/SPI.c" -mcpu=cortex-m4 -std=gnu11 -g3 -DDEBUG -DSTM32 -DSTM32F407G_DISC1 -DSTM32F4 -DSTM32F407VGTx -c -I../Inc -I"C:/Users/LENOVO/Desktop/embedded/EmbeddedProjects/DriverDevelopment/MyDriversErdem/Inc" -O0 -ffunction-sections -fdata-sections -Wall -fstack-usage -fcyclomatic-complexity -MMD -MP -MF"MyDriversErdem/Src/SPI.d" -MT"MyDriversErdem/Src/SPI.o" --specs=nano.specs -mfloat-abi=soft -mthumb -o "MyDriversErdem/Src/SPI.o"
arm-none-eabi-gcc "../MyDriversErdem/Src/USART.c" -mcpu=cortex-m4 -std=gnu11 -g3 -DDEBUG -DSTM32 -DSTM32F407G_DISC1 -DSTM32F4 -DSTM32F407VGTx -c -I../Inc -I"C:/Users/LENOVO/Desktop/embedded/EmbeddedProjects/DriverDevelopment/MyDriversErdem/Inc" -O0 -ffunction-sections -fdata-sections -Wall -fstack-usage -fcyclomatic-complexity -MMD -MP -MF"MyDriversErdem/Src/USART.d" -MT"MyDriversErdem/Src/USART.o" --specs=nano.specs -mfloat-abi=soft -mthumb -o "MyDriversErdem/Src/USART.o"
arm-none-eabi-gcc -o "DriverDevelopment.elf" @"objects.list"   -mcpu=cortex-m4 -T"C:\Users\LENOVO\Desktop\embedded\EmbeddedProjects\DriverDevelopment\STM32F407VGTX_FLASH.ld" --specs=nosys.specs -Wl,-Map="DriverDevelopment.map" -Wl,--gc-sections -static --specs=nano.specs -mfloat-abi=soft -mthumb -Wl,--start-group -lc -lm -Wl,--end-group
Finished building target: DriverDevelopment.elf
 
arm-none-eabi-size   DriverDevelopment.elf 
arm-none-eabi-objdump -h -S  DriverDevelopment.elf  > "DriverDevelopment.list"
   text	   data	    bss	    dec	    hex	filename
   2236	      8	   1632	   3876	    f24	DriverDevelopment.elf
Finished building: default.size.stdout
 
Finished building: DriverDevelopment.list
 
17:13:33 **** Incremental Build of configuration Debug for project DriverDevelopment ****
make -j8 all 
arm-none-eabi-gcc "../Src/main.c" -mcpu=cortex-m4 -std=gnu11 -g3 -DDEBUG -DSTM32 -DSTM32F407G_DISC1 -DSTM32F4 -DSTM32F407VGTx -c -I../Inc -I"C:/Users/LENOVO/Desktop/embedded/EmbeddedProjects/DriverDevelopment/MyDriversErdem/Inc" -O0 -ffunction-sections -fdata-sections -Wall -fstack-usage -fcyclomatic-complexity -MMD -MP -MF"Src/main.d" -MT"Src/main.o" --specs=nano.specs -mfloat-abi=soft -mthumb -o "Src/main.o"
arm-none-eabi-gcc "../MyDriversErdem/Src/EXTI.c" -mcpu=cortex-m4 -std=gnu11 -g3 -DDEBUG -DSTM32 -DSTM32F407G_DISC1 -DSTM32F4 -DSTM32F407VGTx -c -I../Inc -I"C:/Users/LENOVO/Desktop/embedded/EmbeddedProjects/DriverDevelopment/MyDriversErdem/Inc" -O0 -ffunction-sections -fdata-sections -Wall -fstack-usage -fcyclomatic-complexity -MMD -MP -MF"MyDriversErdem/Src/EXTI.d" -MT"MyDriversErdem/Src/EXTI.o" --specs=nano.specs -mfloat-abi=soft -mthumb -o "MyDriversErdem/Src/EXTI.o"
arm-none-eabi-gcc "../MyDriversErdem/Src/GPIO.c" -mcpu=cortex-m4 -std=gnu11 -g3 -DDEBUG -DSTM32 -DSTM32F407G_DISC1 -DSTM32F4 -DSTM32F407VGTx -c -I../Inc -I"C:/Users/LENOVO/Desktop/embedded/EmbeddedProjects/DriverDevelopment/MyDriversErdem/Inc" -O0 -ffunction-sections -fdata-sections -Wall -fstack-usage -fcyclomatic-complexity -MMD -MP -MF"MyDriversErdem/Src/GPIO.d" -MT"MyDriversErdem/Src/GPIO.o" --specs=nano.specs -mfloat-abi=soft -mthumb -o "MyDriversErdem/Src/GPIO.o"
arm-none-eabi-gcc "../MyDriversErdem/Src/RCC.c" -mcpu=cortex-m4 -std=gnu11 -g3 -DDEBUG -DSTM32 -DSTM32F407G_DISC1 -DSTM32F4 -DSTM32F407VGTx -c -I../Inc -I"C:/Users/LENOVO/Desktop/embedded/EmbeddedProjects/DriverDevelopment/MyDriversErdem/Inc" -O0 -ffunction-sections -fdata-sections -Wall -fstack-usage -fcyclomatic-complexity -MMD -MP -MF"MyDriversErdem/Src/RCC.d" -MT"MyDriversErdem/Src/RCC.o" --specs=nano.specs -mfloat-abi=soft -mthumb -o "MyDriversErdem/Src/RCC.o"
arm-none-eabi-gcc "../MyDriversErdem/Src/SPI.c" -mcpu=cortex-m4 -std=gnu11 -g3 -DDEBUG -DSTM32 -DSTM32F407G_DISC1 -DSTM32F4 -DSTM32F407VGTx -c -I../Inc -I"C:/Users/LENOVO/Desktop/embedded/EmbeddedProjects/DriverDevelopment/MyDriversErdem/Inc" -O0 -ffunction-sections -fdata-sections -Wall -fstack-usage -fcyclomatic-complexity -MMD -MP -MF"MyDriversErdem/Src/SPI.d" -MT"MyDriversErdem/Src/SPI.o" --specs=nano.specs -mfloat-abi=soft -mthumb -o "MyDriversErdem/Src/SPI.o"
arm-none-eabi-gcc "../MyDriversErdem/Src/USART.c" -mcpu=cortex-m4 -std=gnu11 -g3 -DDEBUG -DSTM32 -DSTM32F407G_DISC1 -DSTM32F4 -DSTM32F407VGTx -c -I../Inc -I"C:/Users/LENOVO/Desktop/embedded/EmbeddedProjects/DriverDevelopment/MyDriversErdem/Inc" -O0 -ffunction-sections -fdata-sections -Wall -fstack-usage -fcyclomatic-complexity -MMD -MP -MF"MyDriversErdem/Src/USART.d" -MT"MyDriversErdem/Src/USART.o" --specs=nano.specs -mfloat-abi=soft -mthumb -o "MyDriversErdem/Src/USART.o"
arm-none-eabi-gcc -o "DriverDevelopment.elf" @"objects.list"   -mcpu=cortex-m4 -T"C:\Users\LENOVO\Desktop\embedded\EmbeddedProjects\DriverDevelopment\STM32F407VGTX_FLASH.ld" --specs=nosys.specs -Wl,-Map="DriverDevelopment.map" -Wl,--gc-sections -static --specs=nano.specs -mfloat-abi=soft -mthumb -Wl,--start-group -lc -lm -Wl,--end-group
Finished building target: DriverDevelopment.elf
 
arm-none-eabi-size   DriverDevelopment.elf 
arm-none-eabi-objdump -h -S  DriverDevelopment.elf  > "DriverDevelopment.list"
   text	   data	    bss	    dec	    hex	filename
   2236	      8	   1632	   3876	    f24	DriverDevelopment.elf
Finished building: default.size.stdout
 
Finished building: DriverDevelopment.list
 
17:30:06 **** Incremental Build of configuration Debug for project DriverDevelopment ****
make -j8 all 
arm-none-eabi-gcc "../Src/main.c" -mcpu=cortex-m4 -std=gnu11 -g3 -DDEBUG -DSTM32 -DSTM32F407G_DISC1 -DSTM32F4 -DSTM32F407VGTx -c -I../Inc -I"C:/Users/LENOVO/Desktop/embedded/EmbeddedProjects/DriverDevelopment/MyDriversErdem/Inc" -O0 -ffunction-sections -fdata-sections -Wall -fstack-usage -fcyclomatic-complexity -MMD -MP -MF"Src/main.d" -MT"Src/main.o" --specs=nano.specs -mfloat-abi=soft -mthumb -o "Src/main.o"
arm-none-eabi-gcc "../MyDriversErdem/Src/EXTI.c" -mcpu=cortex-m4 -std=gnu11 -g3 -DDEBUG -DSTM32 -DSTM32F407G_DISC1 -DSTM32F4 -DSTM32F407VGTx -c -I../Inc -I"C:/Users/LENOVO/Desktop/embedded/EmbeddedProjects/DriverDevelopment/MyDriversErdem/Inc" -O0 -ffunction-sections -fdata-sections -Wall -fstack-usage -fcyclomatic-complexity -MMD -MP -MF"MyDriversErdem/Src/EXTI.d" -MT"MyDriversErdem/Src/EXTI.o" --specs=nano.specs -mfloat-abi=soft -mthumb -o "MyDriversErdem/Src/EXTI.o"
arm-none-eabi-gcc "../MyDriversErdem/Src/GPIO.c" -mcpu=cortex-m4 -std=gnu11 -g3 -DDEBUG -DSTM32 -DSTM32F407G_DISC1 -DSTM32F4 -DSTM32F407VGTx -c -I../Inc -I"C:/Users/LENOVO/Desktop/embedded/EmbeddedProjects/DriverDevelopment/MyDriversErdem/Inc" -O0 -ffunction-sections -fdata-sections -Wall -fstack-usage -fcyclomatic-complexity -MMD -MP -MF"MyDriversErdem/Src/GPIO.d" -MT"MyDriversErdem/Src/GPIO.o" --specs=nano.specs -mfloat-abi=soft -mthumb -o "MyDriversErdem/Src/GPIO.o"
arm-none-eabi-gcc "../MyDriversErdem/Src/RCC.c" -mcpu=cortex-m4 -std=gnu11 -g3 -DDEBUG -DSTM32 -DSTM32F407G_DISC1 -DSTM32F4 -DSTM32F407VGTx -c -I../Inc -I"C:/Users/LENOVO/Desktop/embedded/EmbeddedProjects/DriverDevelopment/MyDriversErdem/Inc" -O0 -ffunction-sections -fdata-sections -Wall -fstack-usage -fcyclomatic-complexity -MMD -MP -MF"MyDriversErdem/Src/RCC.d" -MT"MyDriversErdem/Src/RCC.o" --specs=nano.specs -mfloat-abi=soft -mthumb -o "MyDriversErdem/Src/RCC.o"
arm-none-eabi-gcc "../MyDriversErdem/Src/SPI.c" -mcpu=cortex-m4 -std=gnu11 -g3 -DDEBUG -DSTM32 -DSTM32F407G_DISC1 -DSTM32F4 -DSTM32F407VGTx -c -I../Inc -I"C:/Users/LENOVO/Desktop/embedded/EmbeddedProjects/DriverDevelopment/MyDriversErdem/Inc" -O0 -ffunction-sections -fdata-sections -Wall -fstack-usage -fcyclomatic-complexity -MMD -MP -MF"MyDriversErdem/Src/SPI.d" -MT"MyDriversErdem/Src/SPI.o" --specs=nano.specs -mfloat-abi=soft -mthumb -o "MyDriversErdem/Src/SPI.o"
arm-none-eabi-gcc "../MyDriversErdem/Src/USART.c" -mcpu=cortex-m4 -std=gnu11 -g3 -DDEBUG -DSTM32 -DSTM32F407G_DISC1 -DSTM32F4 -DSTM32F407VGTx -c -I../Inc -I"C:/Users/LENOVO/Desktop/embedded/EmbeddedProjects/DriverDevelopment/MyDriversErdem/Inc" -O0 -ffunction-sections -fdata-sections -Wall -fstack-usage -fcyclomatic-complexity -MMD -MP -MF"MyDriversErdem/Src/USART.d" -MT"MyDriversErdem/Src/USART.o" --specs=nano.specs -mfloat-abi=soft -mthumb -o "MyDriversErdem/Src/USART.o"
arm-none-eabi-gcc -o "DriverDevelopment.elf" @"objects.list"   -mcpu=cortex-m4 -T"C:\Users\LENOVO\Desktop\embedded\EmbeddedProjects\DriverDevelopment\STM32F407VGTX_FLASH.ld" --specs=nosys.specs -Wl,-Map="DriverDevelopment.map" -Wl,--gc-sections -static --specs=nano.specs -mfloat-abi=soft -mthumb -Wl,--start-group -lc -lm -Wl,--end-group
Finished building target: DriverDevelopment.elf
 
arm-none-eabi-size   DriverDevelopment.elf 
arm-none-eabi-objdump -h -S  DriverDevelopment.elf  > "DriverDevelopment.list"
   text	   data	    bss	    dec	    hex	filename
   2236	      8	   1632	   3876	    f24	DriverDevelopment.elf
Finished building: default.size.stdout
 
Finished building: DriverDevelopment.list
 
17:44:54 **** Incremental Build of configuration Debug for project DriverDevelopment ****
make -j8 all 
arm-none-eabi-gcc "../Src/main.c" -mcpu=cortex-m4 -std=gnu11 -g3 -DDEBUG -DSTM32 -DSTM32F407G_DISC1 -DSTM32F4 -DSTM32F407VGTx -c -I../Inc -I"C:/Users/LENOVO/Desktop/embedded/EmbeddedProjects/DriverDevelopment/MyDriversErdem/Inc" -O0 -ffunction-sections -fdata-sections -Wall -fstack-usage -fcyclomatic-complexity -MMD -MP -MF"Src/main.d" -MT"Src/main.o" --specs=nano.specs -mfloat-abi=soft -mthumb -o "Src/main.o"
arm-none-eabi-gcc "../MyDriversErdem/Src/EXTI.c" -mcpu=cortex-m4 -std=gnu11 -g3 -DDEBUG -DSTM32 -DSTM32F407G_DISC1 -DSTM32F4 -DSTM32F407VGTx -c -I../Inc -I"C:/Users/LENOVO/Desktop/embedded/EmbeddedProjects/DriverDevelopment/MyDriversErdem/Inc" -O0 -ffunction-sections -fdata-sections -Wall -fstack-usage -fcyclomatic-complexity -MMD -MP -MF"MyDriversErdem/Src/EXTI.d" -MT"MyDriversErdem/Src/EXTI.o" --specs=nano.specs -mfloat-abi=soft -mthumb -o "MyDriversErdem/Src/EXTI.o"
arm-none-eabi-gcc "../MyDriversErdem/Src/GPIO.c" -mcpu=cortex-m4 -std=gnu11 -g3 -DDEBUG -DSTM32 -DSTM32F407G_DISC1 -DSTM32F4 -DSTM32F407VGTx -c -I../Inc -I"C:/Users/LENOVO/Desktop/embedded/EmbeddedProjects/DriverDevelopment/MyDriversErdem/Inc" -O0 -ffunction-sections -fdata-sections -Wall -fstack-usage -fcyclomatic-complexity -MMD -MP -MF"MyDriversErdem/Src/GPIO.d" -MT"MyDriversErdem/Src/GPIO.o" --specs=nano.specs -mfloat-abi=soft -mthumb -o "MyDriversErdem/Src/GPIO.o"
arm-none-eabi-gcc "../MyDriversErdem/Src/RCC.c" -mcpu=cortex-m4 -std=gnu11 -g3 -DDEBUG -DSTM32 -DSTM32F407G_DISC1 -DSTM32F4 -DSTM32F407VGTx -c -I../Inc -I"C:/Users/LENOVO/Desktop/embedded/EmbeddedProjects/DriverDevelopment/MyDriversErdem/Inc" -O0 -ffunction-sections -fdata-sections -Wall -fstack-usage -fcyclomatic-complexity -MMD -MP -MF"MyDriversErdem/Src/RCC.d" -MT"MyDriversErdem/Src/RCC.o" --specs=nano.specs -mfloat-abi=soft -mthumb -o "MyDriversErdem/Src/RCC.o"
arm-none-eabi-gcc "../MyDriversErdem/Src/SPI.c" -mcpu=cortex-m4 -std=gnu11 -g3 -DDEBUG -DSTM32 -DSTM32F407G_DISC1 -DSTM32F4 -DSTM32F407VGTx -c -I../Inc -I"C:/Users/LENOVO/Desktop/embedded/EmbeddedProjects/DriverDevelopment/MyDriversErdem/Inc" -O0 -ffunction-sections -fdata-sections -Wall -fstack-usage -fcyclomatic-complexity -MMD -MP -MF"MyDriversErdem/Src/SPI.d" -MT"MyDriversErdem/Src/SPI.o" --specs=nano.specs -mfloat-abi=soft -mthumb -o "MyDriversErdem/Src/SPI.o"
arm-none-eabi-gcc "../MyDriversErdem/Src/USART.c" -mcpu=cortex-m4 -std=gnu11 -g3 -DDEBUG -DSTM32 -DSTM32F407G_DISC1 -DSTM32F4 -DSTM32F407VGTx -c -I../Inc -I"C:/Users/LENOVO/Desktop/embedded/EmbeddedProjects/DriverDevelopment/MyDriversErdem/Inc" -O0 -ffunction-sections -fdata-sections -Wall -fstack-usage -fcyclomatic-complexity -MMD -MP -MF"MyDriversErdem/Src/USART.d" -MT"MyDriversErdem/Src/USART.o" --specs=nano.specs -mfloat-abi=soft -mthumb -o "MyDriversErdem/Src/USART.o"
arm-none-eabi-gcc -o "DriverDevelopment.elf" @"objects.list"   -mcpu=cortex-m4 -T"C:\Users\LENOVO\Desktop\embedded\EmbeddedProjects\DriverDevelopment\STM32F407VGTX_FLASH.ld" --specs=nosys.specs -Wl,-Map="DriverDevelopment.map" -Wl,--gc-sections -static --specs=nano.specs -mfloat-abi=soft -mthumb -Wl,--start-group -lc -lm -Wl,--end-group
Finished building target: DriverDevelopment.elf
 
arm-none-eabi-size   DriverDevelopment.elf 
arm-none-eabi-objdump -h -S  DriverDevelopment.elf  > "DriverDevelopment.list"
   text	   data	    bss	    dec	    hex	filename
   2236	      8	   1632	   3876	    f24	DriverDevelopment.elf
Finished building: default.size.stdout
 
Finished building: DriverDevelopment.list
 
17:50:03 **** Incremental Build of configuration Debug for project DriverDevelopment ****
make -j8 all 
arm-none-eabi-gcc "../MyDriversErdem/Src/USART.c" -mcpu=cortex-m4 -std=gnu11 -g3 -DDEBUG -DSTM32 -DSTM32F407G_DISC1 -DSTM32F4 -DSTM32F407VGTx -c -I../Inc -I"C:/Users/LENOVO/Desktop/embedded/EmbeddedProjects/DriverDevelopment/MyDriversErdem/Inc" -O0 -ffunction-sections -fdata-sections -Wall -fstack-usage -fcyclomatic-complexity -MMD -MP -MF"MyDriversErdem/Src/USART.d" -MT"MyDriversErdem/Src/USART.o" --specs=nano.specs -mfloat-abi=soft -mthumb -o "MyDriversErdem/Src/USART.o"
arm-none-eabi-gcc -o "DriverDevelopment.elf" @"objects.list"   -mcpu=cortex-m4 -T"C:\Users\LENOVO\Desktop\embedded\EmbeddedProjects\DriverDevelopment\STM32F407VGTX_FLASH.ld" --specs=nosys.specs -Wl,-Map="DriverDevelopment.map" -Wl,--gc-sections -static --specs=nano.specs -mfloat-abi=soft -mthumb -Wl,--start-group -lc -lm -Wl,--end-group
Finished building target: DriverDevelopment.elf
 
arm-none-eabi-size   DriverDevelopment.elf 
arm-none-eabi-objdump -h -S  DriverDevelopment.elf  > "DriverDevelopment.list"
   text	   data	    bss	    dec	    hex	filename
   2236	      8	   1632	   3876	    f24	DriverDevelopment.elf
Finished building: default.size.stdout
 
Finished building: DriverDevelopment.list
 
17:52:20 **** Incremental Build of configuration Debug for project DriverDevelopment ****
make -j8 all 
arm-none-eabi-gcc "../Src/main.c" -mcpu=cortex-m4 -std=gnu11 -g3 -DDEBUG -DSTM32 -DSTM32F407G_DISC1 -DSTM32F4 -DSTM32F407VGTx -c -I../Inc -I"C:/Users/LENOVO/Desktop/embedded/EmbeddedProjects/DriverDevelopment/MyDriversErdem/Inc" -O0 -ffunction-sections -fdata-sections -Wall -fstack-usage -fcyclomatic-complexity -MMD -MP -MF"Src/main.d" -MT"Src/main.o" --specs=nano.specs -mfloat-abi=soft -mthumb -o "Src/main.o"
arm-none-eabi-gcc "../MyDriversErdem/Src/EXTI.c" -mcpu=cortex-m4 -std=gnu11 -g3 -DDEBUG -DSTM32 -DSTM32F407G_DISC1 -DSTM32F4 -DSTM32F407VGTx -c -I../Inc -I"C:/Users/LENOVO/Desktop/embedded/EmbeddedProjects/DriverDevelopment/MyDriversErdem/Inc" -O0 -ffunction-sections -fdata-sections -Wall -fstack-usage -fcyclomatic-complexity -MMD -MP -MF"MyDriversErdem/Src/EXTI.d" -MT"MyDriversErdem/Src/EXTI.o" --specs=nano.specs -mfloat-abi=soft -mthumb -o "MyDriversErdem/Src/EXTI.o"
arm-none-eabi-gcc "../MyDriversErdem/Src/GPIO.c" -mcpu=cortex-m4 -std=gnu11 -g3 -DDEBUG -DSTM32 -DSTM32F407G_DISC1 -DSTM32F4 -DSTM32F407VGTx -c -I../Inc -I"C:/Users/LENOVO/Desktop/embedded/EmbeddedProjects/DriverDevelopment/MyDriversErdem/Inc" -O0 -ffunction-sections -fdata-sections -Wall -fstack-usage -fcyclomatic-complexity -MMD -MP -MF"MyDriversErdem/Src/GPIO.d" -MT"MyDriversErdem/Src/GPIO.o" --specs=nano.specs -mfloat-abi=soft -mthumb -o "MyDriversErdem/Src/GPIO.o"
arm-none-eabi-gcc "../MyDriversErdem/Src/RCC.c" -mcpu=cortex-m4 -std=gnu11 -g3 -DDEBUG -DSTM32 -DSTM32F407G_DISC1 -DSTM32F4 -DSTM32F407VGTx -c -I../Inc -I"C:/Users/LENOVO/Desktop/embedded/EmbeddedProjects/DriverDevelopment/MyDriversErdem/Inc" -O0 -ffunction-sections -fdata-sections -Wall -fstack-usage -fcyclomatic-complexity -MMD -MP -MF"MyDriversErdem/Src/RCC.d" -MT"MyDriversErdem/Src/RCC.o" --specs=nano.specs -mfloat-abi=soft -mthumb -o "MyDriversErdem/Src/RCC.o"
arm-none-eabi-gcc "../MyDriversErdem/Src/SPI.c" -mcpu=cortex-m4 -std=gnu11 -g3 -DDEBUG -DSTM32 -DSTM32F407G_DISC1 -DSTM32F4 -DSTM32F407VGTx -c -I../Inc -I"C:/Users/LENOVO/Desktop/embedded/EmbeddedProjects/DriverDevelopment/MyDriversErdem/Inc" -O0 -ffunction-sections -fdata-sections -Wall -fstack-usage -fcyclomatic-complexity -MMD -MP -MF"MyDriversErdem/Src/SPI.d" -MT"MyDriversErdem/Src/SPI.o" --specs=nano.specs -mfloat-abi=soft -mthumb -o "MyDriversErdem/Src/SPI.o"
arm-none-eabi-gcc "../MyDriversErdem/Src/USART.c" -mcpu=cortex-m4 -std=gnu11 -g3 -DDEBUG -DSTM32 -DSTM32F407G_DISC1 -DSTM32F4 -DSTM32F407VGTx -c -I../Inc -I"C:/Users/LENOVO/Desktop/embedded/EmbeddedProjects/DriverDevelopment/MyDriversErdem/Inc" -O0 -ffunction-sections -fdata-sections -Wall -fstack-usage -fcyclomatic-complexity -MMD -MP -MF"MyDriversErdem/Src/USART.d" -MT"MyDriversErdem/Src/USART.o" --specs=nano.specs -mfloat-abi=soft -mthumb -o "MyDriversErdem/Src/USART.o"
arm-none-eabi-gcc -o "DriverDevelopment.elf" @"objects.list"   -mcpu=cortex-m4 -T"C:\Users\LENOVO\Desktop\embedded\EmbeddedProjects\DriverDevelopment\STM32F407VGTX_FLASH.ld" --specs=nosys.specs -Wl,-Map="DriverDevelopment.map" -Wl,--gc-sections -static --specs=nano.specs -mfloat-abi=soft -mthumb -Wl,--start-group -lc -lm -Wl,--end-group
Finished building target: DriverDevelopment.elf
 
arm-none-eabi-size   DriverDevelopment.elf 
arm-none-eabi-objdump -h -S  DriverDevelopment.elf  > "DriverDevelopment.list"
   text	   data	    bss	    dec	    hex	filename
   2236	      8	   1632	   3876	    f24	DriverDevelopment.elf
Finished building: default.size.stdout
 
Finished building: DriverDevelopment.list
 
